DEFINED_CRT_MODEL               = $0001 ; const, local, , msx_crt0, , C:/Users/PILTRA~1/AppData/Local/Temp/zcc000024E497025/zcc_opt.def:3
CRT_MODEL                       = $0002 ; const, local, , msx_crt0, , C:/Users/PILTRA~1/AppData/Local/Temp/zcc000024E497025/zcc_opt.def:4
DEFINED_startup                 = $0001 ; const, local, , msx_crt0, , C:/Users/PILTRA~1/AppData/Local/Temp/zcc000024E497025/zcc_opt.def:11
startup                         = $0003 ; const, local, , msx_crt0, , C:/Users/PILTRA~1/AppData/Local/Temp/zcc000024E497025/zcc_opt.def:12
DEFINED_USING_amalloc           = $0001 ; const, local, , msx_crt0, , C:/Users/PILTRA~1/AppData/Local/Temp/zcc000024E497025/zcc_opt.def:19
USING_amalloc                   = $0000 ; const, local, , msx_crt0, , C:/Users/PILTRA~1/AppData/Local/Temp/zcc000024E497025/zcc_opt.def:20
DEFINED_graphics                = $0001 ; const, local, , msx_crt0, , C:/Users/PILTRA~1/AppData/Local/Temp/zcc000024E497025/zcc_opt.def:27
graphics                        = $0000 ; const, local, , msx_crt0, , C:/Users/PILTRA~1/AppData/Local/Temp/zcc000024E497025/zcc_opt.def:28
TAR__clib_exit_stack_size       = $0000 ; const, local, , msx_crt0, , D:/z88dk/lib/config/../../lib/target/msx/classic/rom.asm:15
TAR__register_sp                = $FFFF03B6 ; const, local, , msx_crt0, , D:/z88dk/lib/config/../../lib/target/msx/classic/rom.asm:16
CRT_INITIALIZE_BSS              = $0001 ; const, local, , msx_crt0, , D:/z88dk/lib/config/../../lib/crt/classic/crt_rules.inc:6
__register_sp                   = $FFFF03B6 ; const, local, , msx_crt0, , D:/z88dk/lib/config/../../lib/crt/classic/crt_rules.inc:16
TAR__crt_enable_rst             = $0000 ; const, local, , msx_crt0, , D:/z88dk/lib/config/../../lib/crt/classic/crt_rules.inc:24
TAR__crt_enable_nmi             = $0000 ; const, local, , msx_crt0, , D:/z88dk/lib/config/../../lib/crt/classic/crt_rules.inc:37
CRT_ENABLE_STDIO                = $0001 ; const, local, , msx_crt0, , D:/z88dk/lib/config/../../lib/crt/classic/crt_rules.inc:44
CLIB_FOPEN_MAX                  = $000A ; const, local, , msx_crt0, , D:/z88dk/lib/config/../../lib/crt/classic/crt_rules.inc:151
CLIB_OPEN_MAX                   = $000A ; const, local, , msx_crt0, , D:/z88dk/lib/config/../../lib/crt/classic/crt_rules.inc:162
CLIB_RND_BLOCKSIZE              = $03E8 ; const, local, , msx_crt0, , D:/z88dk/lib/config/../../lib/crt/classic/crt_rules.inc:193
CLIB_FONT_HEIGHT                = $0008 ; const, local, , msx_crt0, , D:/z88dk/lib/config/../../lib/crt/classic/crt_rules.inc:200
CLIB_FIRMWARE_KEYBOARD_CLICK    = $FFFFFFFF ; const, local, , msx_crt0, , D:/z88dk/lib/config/../../lib/crt/classic/crt_rules.inc:207
__MMAP                          = $0000 ; const, local, , msx_crt0, , D:/z88dk/lib/config/../../lib/crt/classic/crt_rules.inc:216
CRT_ORG_CODE                    = $4000 ; const, local, , msx_crt0, , D:/z88dk/lib/config/../../lib/target/msx/classic/rom.asm:23
start                           = $4010 ; addr, local, , msx_crt0, , D:/z88dk/lib/config/../../lib/target/msx/classic/rom.asm:35
crt0_init_bss                   = $4066 ; addr, local, , msx_crt0, code_crt_init, D:/z88dk/lib/config/../../lib/crt/classic/crt_section.asm:25
endloop                         = $4061 ; addr, local, , msx_crt0, , D:/z88dk/lib/config/../../lib/target/msx/classic/rom.asm:79
MAPPER_ADDRESS_4000             = $0000 ; const, local, , msx_crt0, , D:/z88dk/lib/config/../../lib/target/msx/classic/rom.asm:109
MAPPER_ADDRESS_6000             = $0000 ; const, local, , msx_crt0, , D:/z88dk/lib/config/../../lib/target/msx/classic/rom.asm:110
MAPPER_ADDRESS_8000             = $0000 ; const, local, , msx_crt0, , D:/z88dk/lib/config/../../lib/target/msx/classic/rom.asm:111
MAPPER_ADDRESS_A000             = $0000 ; const, local, , msx_crt0, , D:/z88dk/lib/config/../../lib/target/msx/classic/rom.asm:112
CRT_ORG_BSS                     = $C000 ; const, local, , msx_crt0, , D:/z88dk/lib/config/../../lib/target/msx/classic/rom.asm:202
__crt_org_bss                   = $C000 ; const, local, , msx_crt0, , D:/z88dk/lib/config/../../lib/target/msx/classic/rom.asm:204
__crt_model                     = $0002 ; const, local, , msx_crt0, , D:/z88dk/lib/config/../../lib/target/msx/classic/rom.asm:208
CLIB_OPT_PRINTF                 = $7FFFFFFF ; const, local, , msx_crt0, , D:/z88dk/lib/config/../../lib/crt/classic/crt_runtime_selection.asm:170
DEFINED_fputc_cons              = $0001 ; const, local, , msx_crt0, , D:/z88dk/lib/config/../../lib/crt/classic/crt_runtime_selection.asm:516
crt0_exit                       = $4095 ; addr, local, , msx_crt0, code_crt_exit, D:/z88dk/lib/config/../../lib/crt/classic/crt_section.asm:100
mainsp                          = $C06E ; addr, local, , msx_crt0, bss_driver, D:/z88dk/lib/config/../../lib/target/msx/classic/rom.asm:228
tempstack                       = $C070 ; addr, local, , msx_crt0, bss_driver, D:/z88dk/lib/config/../../lib/target/msx/classic/rom.asm:230
tempsp                          = $C0ED ; addr, local, , msx_crt0, data_driver, D:/z88dk/lib/config/../../lib/target/msx/classic/rom.asm:234
PLY_AKM_START                   = $426E ; addr, local, , playerZ88dk_asm, code_user, .\player\playerZ88dk.asm:16
PLY_AKM_DATA_OFFSETWAITEMPTYCELL = $426E ; addr, local, , playerZ88dk_asm, code_user, .\player\playerZ88dk.asm:17
PLY_AKM_OFFSET2B                = $426E ; addr, local, , playerZ88dk_asm, code_user, .\player\playerZ88dk.asm:18
PLY_AKM_OFFSET1B                = $426E ; addr, local, , playerZ88dk_asm, code_user, .\player\playerZ88dk.asm:19
PLY_AKM_DATA_OFFSETPTTRACK      = $4271 ; addr, local, , playerZ88dk_asm, code_user, .\player\playerZ88dk.asm:24
PLY_AKM_SOUNDEFFECTDATA_OFFSETCURRENTSTEP = $4271 ; addr, local, , playerZ88dk_asm, code_user, .\player\playerZ88dk.asm:25
PLY_AKM_DATA_OFFSETESCAPENOTE   = $4274 ; addr, local, , playerZ88dk_asm, code_user, .\player\playerZ88dk.asm:30
PLY_AKM_INITVARS_END            = $447F ; addr, local, , playerZ88dk_asm, code_user, .\player\playerZ88dk.asm:353
PLY_AKM_DATA_OFFSETPTINSTRUMENT = $4277 ; addr, local, , playerZ88dk_asm, code_user, .\player\playerZ88dk.asm:34
PLY_AKM_REGISTERS_OFFSETSOFTWAREPERIODMSB = $4277 ; addr, local, , playerZ88dk_asm, code_user, .\player\playerZ88dk.asm:35
PLY_AKM_PTSOUNDEFFECTTABLE      = $5267 ; addr, local, , playerZ88dk_asm, code_user, .\player\playerZ88dk.asm:3437
PLY_AKM_DATA_OFFSETINSTRUMENTSPEED = $427A ; addr, local, , playerZ88dk_asm, code_user, .\player\playerZ88dk.asm:37
PLY_AKM_DATA_OFFSETTRACKINVERTEDVOLUME = $427B ; addr, local, , playerZ88dk_asm, code_user, .\player\playerZ88dk.asm:40
PLY_AKM_DATA_OFFSETISPITCHUPDOWNUSED = $427C ; addr, local, , playerZ88dk_asm, code_user, .\player\playerZ88dk.asm:43
PLY_AKM_DATA_OFFSETTRACKPITCHDECIMAL = $427F ; addr, local, , playerZ88dk_asm, code_user, .\player\playerZ88dk.asm:45
PLY_AKM_DATA_OFFSETTRACKPITCHSPEED = $4280 ; addr, local, , playerZ88dk_asm, code_user, .\player\playerZ88dk.asm:47
PLY_AKM_DATA_OFFSETISARPEGGIOTABLEUSED = $4282 ; addr, local, , playerZ88dk_asm, code_user, .\player\playerZ88dk.asm:49
PLY_AKM_DATA_OFFSETPTARPEGGIOTABLE = $4283 ; addr, local, , playerZ88dk_asm, code_user, .\player\playerZ88dk.asm:51
PLY_AKM_DATA_OFFSETPTARPEGGIOOFFSET = $4285 ; addr, local, , playerZ88dk_asm, code_user, .\player\playerZ88dk.asm:54
PLY_AKM_DATA_OFFSETARPEGGIOCURRENTSTEP = $4286 ; addr, local, , playerZ88dk_asm, code_user, .\player\playerZ88dk.asm:56
PLY_AKM_DATA_OFFSETARPEGGIOORIGINALSPEED = $4287 ; addr, local, , playerZ88dk_asm, code_user, .\player\playerZ88dk.asm:58
PLY_AKM_DATA_OFFSETCURRENTARPEGGIOVALUE = $4288 ; addr, local, , playerZ88dk_asm, code_user, .\player\playerZ88dk.asm:60
PLY_AKM_DATA_OFFSETISPITCHTABLEUSED = $4289 ; addr, local, , playerZ88dk_asm, code_user, .\player\playerZ88dk.asm:62
PLY_AKM_DATA_OFFSETPTPITCHTABLE = $428A ; addr, local, , playerZ88dk_asm, code_user, .\player\playerZ88dk.asm:64
PLY_AKM_CHANNEL1_SOUNDEFFECTDATA = $5243 ; addr, local, , playerZ88dk_asm, code_user, .\player\playerZ88dk.asm:3401
PLY_AKM_DATA_OFFSETPITCHORIGINALSPEED = $428E ; addr, local, , playerZ88dk_asm, code_user, .\player\playerZ88dk.asm:70
PLY_AKM_STOPSOUNDEFFECTFROMCHANNEL = $42A3 ; addr, local, , playerZ88dk_asm, code_user, .\player\playerZ88dk.asm:87
PLY_AKM_PLAYSOUNDEFFECTSSTREAM  = $42B1 ; addr, local, , playerZ88dk_asm, code_user, .\player\playerZ88dk.asm:99
PLY_AKM_TRACK1_REGISTERS        = $5287 ; addr, local, , playerZ88dk_asm, code_user, .\player\playerZ88dk.asm:3469
PLY_AKM_PSES_PLAY               = $42DF ; addr, local, , playerZ88dk_asm, code_user, .\player\playerZ88dk.asm:118
PLY_AKM_CHANNEL2_SOUNDEFFECTDATA = $5245 ; addr, local, , playerZ88dk_asm, code_user, .\player\playerZ88dk.asm:3403
PLY_AKM_TRACK2_REGISTERS        = $5295 ; addr, local, , playerZ88dk_asm, code_user, .\player\playerZ88dk.asm:3483
PLY_AKM_CHANNEL3_SOUNDEFFECTDATA = $5247 ; addr, local, , playerZ88dk_asm, code_user, .\player\playerZ88dk.asm:3405
PLY_AKM_TRACK3_REGISTERS        = $52A3 ; addr, local, , playerZ88dk_asm, code_user, .\player\playerZ88dk.asm:3497
PLY_AKM_MIXERREGISTER           = $5253 ; addr, local, , playerZ88dk_asm, code_user, .\player\playerZ88dk.asm:3417
PLY_AKM_PSES_READFIRSTBYTE      = $42E8 ; addr, local, , playerZ88dk_asm, code_user, .\player\playerZ88dk.asm:124
PLY_AKM_PSES_SOFTWAREORSOFTWAREANDHARDWARE = $432F ; addr, local, , playerZ88dk_asm, code_user, .\player\playerZ88dk.asm:171
PLY_AKM_PSES_HARDWAREONLY       = $4328 ; addr, local, , playerZ88dk_asm, code_user, .\player\playerZ88dk.asm:167
PLY_AKM_PSES_S_ENDORLOOP        = $4300 ; addr, local, , playerZ88dk_asm, code_user, .\player\playerZ88dk.asm:139
PLY_AKM_PSES_MANAGEVOLUMEFROMA_FILTER4BITS = $438C ; addr, local, , playerZ88dk_asm, code_user, .\player\playerZ88dk.asm:228
PLY_AKM_PSES_READNOISEIFNEEDEDANDOPENORCLOSENOISECHANNEL = $4369 ; addr, local, , playerZ88dk_asm, code_user, .\player\playerZ88dk.asm:202
PLY_AKM_PSES_SAVEPOINTERANDEXIT = $4311 ; addr, local, , playerZ88dk_asm, code_user, .\player\playerZ88dk.asm:152
PLY_AKM_PSES_S_LOOP             = $430B ; addr, local, , playerZ88dk_asm, code_user, .\player\playerZ88dk.asm:146
PLY_AKM_PSES_NOTREACHED         = $4324 ; addr, local, , playerZ88dk_asm, code_user, .\player\playerZ88dk.asm:164
PLY_AKM_PSES_SHARED_READRETRIGHARDWAREENVPERIODNOISE = $434B ; addr, local, , playerZ88dk_asm, code_user, .\player\playerZ88dk.asm:186
PLY_AKM_PSES_SOFTWAREANDHARDWARE = $4341 ; addr, local, , playerZ88dk_asm, code_user, .\player\playerZ88dk.asm:181
PLY_AKM_PSES_READSOFTWAREPERIOD = $4381 ; addr, local, , playerZ88dk_asm, code_user, .\player\playerZ88dk.asm:220
PLY_AKM_PSES_H_AFTERRETRIG      = $4355 ; addr, local, , playerZ88dk_asm, code_user, .\player\playerZ88dk.asm:193
PLY_AKM_SETREG13OLD             = $5277 ; addr, local, , playerZ88dk_asm, code_user, .\player\playerZ88dk.asm:3453
PLY_AKM_SETREG13                = $5275 ; addr, local, , playerZ88dk_asm, code_user, .\player\playerZ88dk.asm:3451
PLY_AKM_PSES_READHARDWAREPERIOD = $4376 ; addr, local, , playerZ88dk_asm, code_user, .\player\playerZ88dk.asm:212
PLY_AKM_PSES_MANAGEVOLUMEFROMA_HARD = $438E ; addr, local, , playerZ88dk_asm, code_user, .\player\playerZ88dk.asm:230
PLY_AKM_PSES_READNOISEANDOPENNOISECHANNEL_OPENNOISE = $436E ; addr, local, , playerZ88dk_asm, code_user, .\player\playerZ88dk.asm:206
PLY_AKM_NOISEREGISTER           = $5255 ; addr, local, , playerZ88dk_asm, code_user, .\player\playerZ88dk.asm:3419
PLY_AKM_REG11                   = $5269 ; addr, local, , playerZ88dk_asm, code_user, .\player\playerZ88dk.asm:3439
PLY_AKM_REG12                   = $526B ; addr, local, , playerZ88dk_asm, code_user, .\player\playerZ88dk.asm:3441
PLY_AKM_PSES_MVFA_NOOVERFLOW    = $4394 ; addr, local, , playerZ88dk_asm, code_user, .\player\playerZ88dk.asm:234
PLY_AKM_PTINSTRUMENTS           = $5261 ; addr, local, , playerZ88dk_asm, code_user, .\player\playerZ88dk.asm:3431
PLY_AKM_PTARPEGGIOS             = $525F ; addr, local, , playerZ88dk_asm, code_user, .\player\playerZ88dk.asm:3429
PLY_AKM_PTPITCHES               = $5265 ; addr, local, , playerZ88dk_asm, code_user, .\player\playerZ88dk.asm:3435
PLY_AKM_INITVARS_START          = $4465 ; addr, local, , playerZ88dk_asm, code_user, .\player\playerZ88dk.asm:339
PLY_AKM_INITVARS_LOOP           = $43BC ; addr, local, , playerZ88dk_asm, code_user, .\player\playerZ88dk.asm:257
PLY_AKM_PATTERNREMAININGHEIGHT  = $5259 ; addr, local, , playerZ88dk_asm, code_user, .\player\playerZ88dk.asm:3423
PLY_AKM_PTLINKER                = $5263 ; addr, local, , playerZ88dk_asm, code_user, .\player\playerZ88dk.asm:3433
PLY_AKM_TRACK1_WAITEMPTYCELL    = $528B ; addr, local, , playerZ88dk_asm, code_user, .\player\playerZ88dk.asm:3473
PLY_AKM_TRACK1_PTSTARTTRACK     = $5285 ; addr, local, , playerZ88dk_asm, code_user, .\player\playerZ88dk.asm:3467
PLY_AKM_RT_READEFFECTSFLAG      = $526D ; addr, local, , playerZ88dk_asm, code_user, .\player\playerZ88dk.asm:3443
PLY_AKM_SPEED                   = $5279 ; addr, local, , playerZ88dk_asm, code_user, .\player\playerZ88dk.asm:3455
PLY_AKM_TICKCOUNTER             = $527B ; addr, local, , playerZ88dk_asm, code_user, .\player\playerZ88dk.asm:3457
PLY_AKM_TRACK1_PTINSTRUMENT     = $5283 ; addr, local, , playerZ88dk_asm, code_user, .\player\playerZ88dk.asm:3465
PLY_AKM_TRACK2_PTINSTRUMENT     = $5293 ; addr, local, , playerZ88dk_asm, code_user, .\player\playerZ88dk.asm:3481
PLY_AKM_TRACK3_PTINSTRUMENT     = $52A1 ; addr, local, , playerZ88dk_asm, code_user, .\player\playerZ88dk.asm:3495
PLY_AKM_REGISTERSFORROM         = $4458 ; addr, local, , playerZ88dk_asm, code_user, .\player\playerZ88dk.asm:325
PLY_AKM_SENDPSGREGISTER         = $4582 ; addr, local, , playerZ88dk_asm, code_user, .\player\playerZ88dk.asm:465
PLY_AKM_INITROM_LOOP            = $4418 ; addr, local, , playerZ88dk_asm, code_user, .\player\playerZ88dk.asm:296
PLY_AKM_INITROM_SPECIAL         = $4436 ; addr, local, , playerZ88dk_asm, code_user, .\player\playerZ88dk.asm:310
PLY_AKM_INITROM_WRITEENDCODE    = $444E ; addr, local, , playerZ88dk_asm, code_user, .\player\playerZ88dk.asm:320
PLY_AKM_SENDPSGREGISTERR13      = $458A ; addr, local, , playerZ88dk_asm, code_user, .\player\playerZ88dk.asm:473
PLY_AKM_SENDPSGREGISTERAFTERPOP = $4583 ; addr, local, , playerZ88dk_asm, code_user, .\player\playerZ88dk.asm:467
PLY_AKM_SENDPSGREGISTEREND      = $459B ; addr, local, , playerZ88dk_asm, code_user, .\player\playerZ88dk.asm:483
PLY_AKM_NOTEINDEXTABLE          = $5257 ; addr, local, , playerZ88dk_asm, code_user, .\player\playerZ88dk.asm:3421
PLY_AKM_TRACKINDEX              = $52A9 ; addr, local, , playerZ88dk_asm, code_user, .\player\playerZ88dk.asm:3503
PLY_AKM_PRIMARYINSTRUMENT       = $525B ; addr, local, , playerZ88dk_asm, code_user, .\player\playerZ88dk.asm:3425
PLY_AKM_SECONDARYINSTRUMENT     = $5271 ; addr, local, , playerZ88dk_asm, code_user, .\player\playerZ88dk.asm:3447
PLY_AKM_PRIMARYWAIT             = $525D ; addr, local, , playerZ88dk_asm, code_user, .\player\playerZ88dk.asm:3427
PLY_AKM_SECONDARYWAIT           = $5273 ; addr, local, , playerZ88dk_asm, code_user, .\player\playerZ88dk.asm:3449
PLY_AKM_DEFAULTSTARTNOTEINTRACKS = $524B ; addr, local, , playerZ88dk_asm, code_user, .\player\playerZ88dk.asm:3409
PLY_AKM_DEFAULTSTARTINSTRUMENTINTRACKS = $5249 ; addr, local, , playerZ88dk_asm, code_user, .\player\playerZ88dk.asm:3407
PLY_AKM_DEFAULTSTARTWAITINTRACKS = $524D ; addr, local, , playerZ88dk_asm, code_user, .\player\playerZ88dk.asm:3411
PLY_AKM_FLAGNOTEANDEFFECTINCELL = $524F ; addr, local, , playerZ88dk_asm, code_user, .\player\playerZ88dk.asm:3413
PLY_AKM_SAVESP                  = $526F ; addr, local, , playerZ88dk_asm, code_user, .\player\playerZ88dk.asm:3445
PLY_AKM_TRACK1_VOLUME           = $5289 ; addr, local, , playerZ88dk_asm, code_user, .\player\playerZ88dk.asm:3471
PLY_AKM_TRACK2_VOLUME           = $5297 ; addr, local, , playerZ88dk_asm, code_user, .\player\playerZ88dk.asm:3485
PLY_AKM_TRACK3_VOLUME           = $52A5 ; addr, local, , playerZ88dk_asm, code_user, .\player\playerZ88dk.asm:3499
PLY_AKM_SENDPSG                 = $457F ; addr, local, , playerZ88dk_asm, code_user, .\player\playerZ88dk.asm:463
PLY_AKM_TICKCOUNTERMANAGED      = $4543 ; addr, local, , playerZ88dk_asm, code_user, .\player\playerZ88dk.asm:441
PLY_AKM_LINKER                  = $44B1 ; addr, local, , playerZ88dk_asm, code_user, .\player\playerZ88dk.asm:376
PLY_AKM_READLINE                = $4524 ; addr, local, , playerZ88dk_asm, code_user, .\player\playerZ88dk.asm:430
PLY_AKM_LINKERPOSTPT            = $44B9 ; addr, local, , playerZ88dk_asm, code_user, .\player\playerZ88dk.asm:380
PLY_AKM_TRACK2_WAITEMPTYCELL    = $5299 ; addr, local, , playerZ88dk_asm, code_user, .\player\playerZ88dk.asm:3487
PLY_AKM_TRACK3_WAITEMPTYCELL    = $52A7 ; addr, local, , playerZ88dk_asm, code_user, .\player\playerZ88dk.asm:3501
PLY_AKM_TRACK1_ESCAPENOTE       = $527F ; addr, local, , playerZ88dk_asm, code_user, .\player\playerZ88dk.asm:3461
PLY_AKM_TRACK2_ESCAPENOTE       = $528F ; addr, local, , playerZ88dk_asm, code_user, .\player\playerZ88dk.asm:3477
PLY_AKM_TRACK3_ESCAPENOTE       = $529D ; addr, local, , playerZ88dk_asm, code_user, .\player\playerZ88dk.asm:3491
PLY_AKM_TRACK1_ESCAPEINSTRUMENT = $527D ; addr, local, , playerZ88dk_asm, code_user, .\player\playerZ88dk.asm:3459
PLY_AKM_TRACK2_ESCAPEINSTRUMENT = $528D ; addr, local, , playerZ88dk_asm, code_user, .\player\playerZ88dk.asm:3475
PLY_AKM_TRACK3_ESCAPEINSTRUMENT = $529B ; addr, local, , playerZ88dk_asm, code_user, .\player\playerZ88dk.asm:3489
PLY_AKM_TRACK1_ESCAPEWAIT       = $5281 ; addr, local, , playerZ88dk_asm, code_user, .\player\playerZ88dk.asm:3463
PLY_AKM_TRACK2_ESCAPEWAIT       = $5291 ; addr, local, , playerZ88dk_asm, code_user, .\player\playerZ88dk.asm:3479
PLY_AKM_TRACK3_ESCAPEWAIT       = $529F ; addr, local, , playerZ88dk_asm, code_user, .\player\playerZ88dk.asm:3493
PLY_AKM_LINKERAFTERSPEEDCHANGE  = $44FB ; addr, local, , playerZ88dk_asm, code_user, .\player\playerZ88dk.asm:412
PLY_AKM_LINKERSPEEDCHANGE       = $44F8 ; addr, local, , playerZ88dk_asm, code_user, .\player\playerZ88dk.asm:410
PLY_AKM_LINKERUSEPREVIOUSHEIGHT = $4506 ; addr, local, , playerZ88dk_asm, code_user, .\player\playerZ88dk.asm:419
PLY_AKM_LINKERPREVIOUSREMAININGHEIGHT = $5251 ; addr, local, , playerZ88dk_asm, code_user, .\player\playerZ88dk.asm:3415
PLY_AKM_LINKERSETREMAININGHEIGHT = $4509 ; addr, local, , playerZ88dk_asm, code_user, .\player\playerZ88dk.asm:421
PLY_AKM_CHECKTRANSPOSITIONANDTRACK = $45A0 ; addr, local, , playerZ88dk_asm, code_user, .\player\playerZ88dk.asm:486
PLY_AKM_READTRACK               = $45E5 ; addr, local, , playerZ88dk_asm, code_user, .\player\playerZ88dk.asm:536
PLY_AKM_PERIODTABLE             = $4926 ; addr, local, , playerZ88dk_asm, code_user, .\player\playerZ88dk.asm:1058
PLY_AKM_MANAGEEFFECTS           = $46EA ; addr, local, , playerZ88dk_asm, code_user, .\player\playerZ88dk.asm:709
PLY_AKM_PLAYSOUNDSTREAM         = $4789 ; addr, local, , playerZ88dk_asm, code_user, .\player\playerZ88dk.asm:798
PLY_AKM_CHECKTRANSPOSITIONANDTRACK_NONEWTRACK = $45D8 ; addr, local, , playerZ88dk_asm, code_user, .\player\playerZ88dk.asm:530
PLY_AKM_CHECKTRANSPOSITIONANDTRACK_TRACKOFFSET = $45C2 ; addr, local, , playerZ88dk_asm, code_user, .\player\playerZ88dk.asm:507
PLY_AKM_RT_NOEMPTYCELL          = $45F0 ; addr, local, , playerZ88dk_asm, code_user, .\player\playerZ88dk.asm:542
PLY_AKM_RT_GETDATABYTE          = $45F6 ; addr, local, , playerZ88dk_asm, code_user, .\player\playerZ88dk.asm:545
PLY_AKM_RT_NOTEREFERENCE        = $4628 ; addr, local, , playerZ88dk_asm, code_user, .\player\playerZ88dk.asm:577
PLY_AKM_RT_NOTEANDEFFECTS       = $4618 ; addr, local, , playerZ88dk_asm, code_user, .\player\playerZ88dk.asm:567
PLY_AKM_RT_NONOTEMAYBEEFFECTS   = $461E ; addr, local, , playerZ88dk_asm, code_user, .\player\playerZ88dk.asm:571
PLY_AKM_RT_NEWESCAPENOTE        = $4611 ; addr, local, , playerZ88dk_asm, code_user, .\player\playerZ88dk.asm:562
PLY_AKM_RT_AFTERNOTEREAD        = $462F ; addr, local, , playerZ88dk_asm, code_user, .\player\playerZ88dk.asm:584
PLY_AKM_RT_READWAITFLAGS        = $4682 ; addr, local, , playerZ88dk_asm, code_user, .\player\playerZ88dk.asm:634
PLY_AKM_RT_SAMEESCAPEINSTRUMENT = $4646 ; addr, local, , playerZ88dk_asm, code_user, .\player\playerZ88dk.asm:597
PLY_AKM_RT_PRIMARYINSTRUMENT    = $4650 ; addr, local, , playerZ88dk_asm, code_user, .\player\playerZ88dk.asm:603
PLY_AKM_RT_SECONDARYINSTRUMENT  = $464B ; addr, local, , playerZ88dk_asm, code_user, .\player\playerZ88dk.asm:600
PLY_AKM_RT_STORECURRENTINSTRUMENT = $4653 ; addr, local, , playerZ88dk_asm, code_user, .\player\playerZ88dk.asm:605
PLY_AKM_RT_SAMEESCAPEWAIT       = $4696 ; addr, local, , playerZ88dk_asm, code_user, .\player\playerZ88dk.asm:646
PLY_AKM_RT_PRIMARYWAIT          = $469B ; addr, local, , playerZ88dk_asm, code_user, .\player\playerZ88dk.asm:649
PLY_AKM_RT_SECONDARYWAIT        = $46A0 ; addr, local, , playerZ88dk_asm, code_user, .\player\playerZ88dk.asm:652
PLY_AKM_RT_STORECURRENTWAIT     = $46A3 ; addr, local, , playerZ88dk_asm, code_user, .\player\playerZ88dk.asm:654
PLY_AKM_RT_READEFFECTS          = $46B3 ; addr, local, , playerZ88dk_asm, code_user, .\player\playerZ88dk.asm:667
PLY_AKM_RT_AFTEREFFECTS         = $46AC ; addr, local, , playerZ88dk_asm, code_user, .\player\playerZ88dk.asm:659
PLY_AKM_RT_READEFFECT           = $46B7 ; addr, local, , playerZ88dk_asm, code_user, .\player\playerZ88dk.asm:670
PLY_AKM_EFFECTTABLE             = $488E ; addr, local, , playerZ88dk_asm, code_user, .\player\playerZ88dk.asm:967
PLY_AKM_RT_READEFFECT_RETURN    = $46CE ; addr, local, , playerZ88dk_asm, code_user, .\player\playerZ88dk.asm:686
PLY_AKM_RT_WAITLONG             = $46D4 ; addr, local, , playerZ88dk_asm, code_user, .\player\playerZ88dk.asm:690
PLY_AKM_RT_CELLREAD             = $46E3 ; addr, local, , playerZ88dk_asm, code_user, .\player\playerZ88dk.asm:701
PLY_AKM_RT_WAITSHORT            = $46DB ; addr, local, , playerZ88dk_asm, code_user, .\player\playerZ88dk.asm:695
PLY_AKM_ME_PITCHUPDOWNFINISHED  = $4718 ; addr, local, , playerZ88dk_asm, code_user, .\player\playerZ88dk.asm:737
PLY_AKM_ME_PITCHUPDOWN_NEGATIVESPEED = $4708 ; addr, local, , playerZ88dk_asm, code_user, .\player\playerZ88dk.asm:724
PLY_AKM_ME_PITCHUPDOWN_POSITIVESPEED = $4703 ; addr, local, , playerZ88dk_asm, code_user, .\player\playerZ88dk.asm:720
PLY_AKM_ME_PITCHUPDOWN_SAVE     = $470F ; addr, local, , playerZ88dk_asm, code_user, .\player\playerZ88dk.asm:729
PLY_AKM_ME_ARPEGGIOTABLEFINISHED = $474E ; addr, local, , playerZ88dk_asm, code_user, .\player\playerZ88dk.asm:764
PLY_AKM_ME_ARPEGGIOTABLE_SPEEDNOTREACHED = $474A ; addr, local, , playerZ88dk_asm, code_user, .\player\playerZ88dk.asm:761
PLY_AKM_ME_PITCHTABLEENDNOTREACHED_POSITIVE = $4766 ; addr, local, , playerZ88dk_asm, code_user, .\player\playerZ88dk.asm:777
PLY_AKM_ME_PITCHTABLE_SPEEDNOTREACHED = $4784 ; addr, local, , playerZ88dk_asm, code_user, .\player\playerZ88dk.asm:794
PLY_AKM_PSS_READFIRSTBYTE       = $478F ; addr, local, , playerZ88dk_asm, code_user, .\player\playerZ88dk.asm:801
PLY_AKM_PSS_SOFTORSOFTANDHARD   = $47B6 ; addr, local, , playerZ88dk_asm, code_user, .\player\playerZ88dk.asm:829
PLY_AKM_PSS_SOFTWARETOHARDWARE  = $4801 ; addr, local, , playerZ88dk_asm, code_user, .\player\playerZ88dk.asm:874
PLY_AKM_PSS_NSNH_NOTENDOFSOUND  = $47A7 ; addr, local, , playerZ88dk_asm, code_user, .\player\playerZ88dk.asm:822
PLY_AKM_PSS_SHARED_ADJUSTVOLUME = $483B ; addr, local, , playerZ88dk_asm, code_user, .\player\playerZ88dk.asm:910
PLY_AKM_PSS_READNOISE           = $4843 ; addr, local, , playerZ88dk_asm, code_user, .\player\playerZ88dk.asm:916
PLY_AKM_PSS_SHARED_STOREINSTRUMENTPOINTER = $47DB ; addr, local, , playerZ88dk_asm, code_user, .\player\playerZ88dk.asm:850
PLY_AKM_PSS_SOFTANDHARD         = $47F2 ; addr, local, , playerZ88dk_asm, code_user, .\player\playerZ88dk.asm:865
PLY_AKM_PSS_S_AFTERARPANDORNOISE = $47CD ; addr, local, , playerZ88dk_asm, code_user, .\player\playerZ88dk.asm:842
PLY_AKM_CALCULATEPERIODFORBASENOTE = $484B ; addr, local, , playerZ88dk_asm, code_user, .\player\playerZ88dk.asm:922
PLY_AKM_PSS_S_SPEEDREACHED      = $47E7 ; addr, local, , playerZ88dk_asm, code_user, .\player\playerZ88dk.asm:856
PLY_AKM_PSS_SHARED_READENVBITPITCHARP_SOFTPERIOD_HARDVOL_HARDENV = $4823 ; addr, local, , playerZ88dk_asm, code_user, .\player\playerZ88dk.asm:898
PLY_AKM_PSS_STH_RATIOEND        = $4818 ; addr, local, , playerZ88dk_asm, code_user, .\player\playerZ88dk.asm:891
PLY_AKM_PSS_STH_RATIOLOOP       = $480E ; addr, local, , playerZ88dk_asm, code_user, .\player\playerZ88dk.asm:884
PLY_AKM_FINDOCTAVE_LOOP         = $4857 ; addr, local, , playerZ88dk_asm, code_user, .\player\playerZ88dk.asm:928
PLY_AKM_FINDOCTAVE_OCTAVESHIFTLOOP_FINISHED = $486F ; addr, local, , playerZ88dk_asm, code_user, .\player\playerZ88dk.asm:948
PLY_AKM_FINDOCTAVE_OCTAVESHIFTLOOP = $4869 ; addr, local, , playerZ88dk_asm, code_user, .\player\playerZ88dk.asm:944
PLY_AKM_FINDOCTAVE_FINISHED     = $4872 ; addr, local, , playerZ88dk_asm, code_user, .\player\playerZ88dk.asm:951
PLY_AKM_CALCULATEPERIODFORBASENOTE_NOPITCHTABLE = $487F ; addr, local, , playerZ88dk_asm, code_user, .\player\playerZ88dk.asm:958
PLY_AKM_EFFECTVOLUME            = $4888 ; addr, local, , playerZ88dk_asm, code_user, .\player\playerZ88dk.asm:964
PLY_AKM_EFFECTPITCHUPDOWN       = $489C ; addr, local, , playerZ88dk_asm, code_user, .\player\playerZ88dk.asm:975
PLY_AKM_EFFECTARPEGGIOTABLE     = $48B7 ; addr, local, , playerZ88dk_asm, code_user, .\player\playerZ88dk.asm:989
PLY_AKM_EFFECTPITCHTABLE        = $48EE ; addr, local, , playerZ88dk_asm, code_user, .\player\playerZ88dk.asm:1022
PLY_AKM_EFFECTPITCHUPDOWN_DEACTIVATED = $48B0 ; addr, local, , playerZ88dk_asm, code_user, .\player\playerZ88dk.asm:986
PLY_AKM_EFFECTREADIFESCAPE      = $4920 ; addr, local, , playerZ88dk_asm, code_user, .\player\playerZ88dk.asm:1052
PLY_AKM_EFFECTARPEGGIOTABLE_STOP = $48E8 ; addr, local, , playerZ88dk_asm, code_user, .\player\playerZ88dk.asm:1019
PLY_AKM_END                     = $493E ; addr, local, , playerZ88dk_asm, code_user, .\player\playerZ88dk.asm:1071
JUSTADDCREAM_START              = $493E ; addr, local, , playerZ88dk_asm, code_user, .\player\playerZ88dk.asm:1073
JUSTADDCREAM_INSTRUMENTINDEXES  = $4946 ; addr, local, , playerZ88dk_asm, code_user, .\player\playerZ88dk.asm:1078
JUSTADDCREAM_ARPEGGIOINDEXES    = $49E2 ; addr, local, , playerZ88dk_asm, code_user, .\player\playerZ88dk.asm:1233
JUSTADDCREAM_PITCHINDEXES       = $49F7 ; addr, local, , playerZ88dk_asm, code_user, .\player\playerZ88dk.asm:1255
JUSTADDCREAM_SUBSONG0           = $4A04 ; addr, local, , playerZ88dk_asm, code_user, .\player\playerZ88dk.asm:1269
JUSTADDCREAM_INSTRUMENT0        = $495E ; addr, local, , playerZ88dk_asm, code_user, .\player\playerZ88dk.asm:1091
JUSTADDCREAM_INSTRUMENT1        = $4963 ; addr, local, , playerZ88dk_asm, code_user, .\player\playerZ88dk.asm:1097
JUSTADDCREAM_INSTRUMENT2        = $496E ; addr, local, , playerZ88dk_asm, code_user, .\player\playerZ88dk.asm:1108
JUSTADDCREAM_INSTRUMENT3        = $497C ; addr, local, , playerZ88dk_asm, code_user, .\player\playerZ88dk.asm:1122
JUSTADDCREAM_INSTRUMENT4        = $4988 ; addr, local, , playerZ88dk_asm, code_user, .\player\playerZ88dk.asm:1135
JUSTADDCREAM_INSTRUMENT5        = $4990 ; addr, local, , playerZ88dk_asm, code_user, .\player\playerZ88dk.asm:1144
JUSTADDCREAM_INSTRUMENT6        = $499B ; addr, local, , playerZ88dk_asm, code_user, .\player\playerZ88dk.asm:1156
JUSTADDCREAM_INSTRUMENT7        = $49A8 ; addr, local, , playerZ88dk_asm, code_user, .\player\playerZ88dk.asm:1170
JUSTADDCREAM_INSTRUMENT8        = $49B0 ; addr, local, , playerZ88dk_asm, code_user, .\player\playerZ88dk.asm:1179
JUSTADDCREAM_INSTRUMENT9        = $49B5 ; addr, local, , playerZ88dk_asm, code_user, .\player\playerZ88dk.asm:1185
JUSTADDCREAM_INSTRUMENT10       = $49C4 ; addr, local, , playerZ88dk_asm, code_user, .\player\playerZ88dk.asm:1201
JUSTADDCREAM_INSTRUMENT11       = $49D3 ; addr, local, , playerZ88dk_asm, code_user, .\player\playerZ88dk.asm:1217
JUSTADDCREAM_INSTRUMENT0LOOP    = $495F ; addr, local, , playerZ88dk_asm, code_user, .\player\playerZ88dk.asm:1093
JUSTADDCREAM_INSTRUMENT3LOOP    = $4983 ; addr, local, , playerZ88dk_asm, code_user, .\player\playerZ88dk.asm:1130
JUSTADDCREAM_INSTRUMENT4LOOP    = $498C ; addr, local, , playerZ88dk_asm, code_user, .\player\playerZ88dk.asm:1140
JUSTADDCREAM_INSTRUMENT5LOOP    = $4997 ; addr, local, , playerZ88dk_asm, code_user, .\player\playerZ88dk.asm:1152
JUSTADDCREAM_INSTRUMENT6LOOP    = $49A4 ; addr, local, , playerZ88dk_asm, code_user, .\player\playerZ88dk.asm:1166
JUSTADDCREAM_INSTRUMENT7LOOP    = $49AC ; addr, local, , playerZ88dk_asm, code_user, .\player\playerZ88dk.asm:1175
JUSTADDCREAM_INSTRUMENT8LOOP    = $49B1 ; addr, local, , playerZ88dk_asm, code_user, .\player\playerZ88dk.asm:1181
JUSTADDCREAM_INSTRUMENT9LOOP    = $49BB ; addr, local, , playerZ88dk_asm, code_user, .\player\playerZ88dk.asm:1192
JUSTADDCREAM_INSTRUMENT10LOOP   = $49CA ; addr, local, , playerZ88dk_asm, code_user, .\player\playerZ88dk.asm:1208
JUSTADDCREAM_INSTRUMENT11LOOP   = $49D9 ; addr, local, , playerZ88dk_asm, code_user, .\player\playerZ88dk.asm:1224
JUSTADDCREAM_ARPEGGIO1          = $49E8 ; addr, local, , playerZ88dk_asm, code_user, .\player\playerZ88dk.asm:1237
JUSTADDCREAM_ARPEGGIO2          = $49ED ; addr, local, , playerZ88dk_asm, code_user, .\player\playerZ88dk.asm:1243
JUSTADDCREAM_ARPEGGIO3          = $49F2 ; addr, local, , playerZ88dk_asm, code_user, .\player\playerZ88dk.asm:1249
JUSTADDCREAM_PITCH1             = $49F9 ; addr, local, , playerZ88dk_asm, code_user, .\player\playerZ88dk.asm:1257
JUSTADDCREAM_SUBSONG0_NOTEINDEXES = $5237 ; addr, local, , playerZ88dk_asm, code_user, .\player\playerZ88dk.asm:3388
JUSTADDCREAM_SUBSONG0_TRACKINDEXES = $4A87 ; addr, local, , playerZ88dk_asm, code_user, .\player\playerZ88dk.asm:1399
JUSTADDCREAM_SUBSONG0_LOOP      = $4A28 ; addr, local, , playerZ88dk_asm, code_user, .\player\playerZ88dk.asm:1304
JUSTADDCREAM_SUBSONG0_TRACK3    = $4B30 ; addr, local, , playerZ88dk_asm, code_user, .\player\playerZ88dk.asm:1561
JUSTADDCREAM_SUBSONG0_TRACK4    = $4B96 ; addr, local, , playerZ88dk_asm, code_user, .\player\playerZ88dk.asm:1664
JUSTADDCREAM_SUBSONG0_TRACK27   = $516E ; addr, local, , playerZ88dk_asm, code_user, .\player\playerZ88dk.asm:3183
JUSTADDCREAM_SUBSONG0_TRACK5    = $4BFD ; addr, local, , playerZ88dk_asm, code_user, .\player\playerZ88dk.asm:1768
JUSTADDCREAM_SUBSONG0_TRACK0    = $4A9D ; addr, local, , playerZ88dk_asm, code_user, .\player\playerZ88dk.asm:1411
JUSTADDCREAM_SUBSONG0_TRACK7    = $4D35 ; addr, local, , playerZ88dk_asm, code_user, .\player\playerZ88dk.asm:2082
JUSTADDCREAM_SUBSONG0_TRACK8    = $4D5E ; addr, local, , playerZ88dk_asm, code_user, .\player\playerZ88dk.asm:2124
JUSTADDCREAM_SUBSONG0_TRACK28   = $51A9 ; addr, local, , playerZ88dk_asm, code_user, .\player\playerZ88dk.asm:3243
JUSTADDCREAM_SUBSONG0_TRACK2    = $4AEA ; addr, local, , playerZ88dk_asm, code_user, .\player\playerZ88dk.asm:1490
JUSTADDCREAM_SUBSONG0_TRACK23   = $4FE4 ; addr, local, , playerZ88dk_asm, code_user, .\player\playerZ88dk.asm:2785
JUSTADDCREAM_SUBSONG0_TRACK30   = $5235 ; addr, local, , playerZ88dk_asm, code_user, .\player\playerZ88dk.asm:3385
JUSTADDCREAM_SUBSONG0_TRACK1    = $4AA0 ; addr, local, , playerZ88dk_asm, code_user, .\player\playerZ88dk.asm:1415
JUSTADDCREAM_SUBSONG0_TRACK6    = $4C8B ; addr, local, , playerZ88dk_asm, code_user, .\player\playerZ88dk.asm:1911
JUSTADDCREAM_SUBSONG0_TRACK9    = $4D8F ; addr, local, , playerZ88dk_asm, code_user, .\player\playerZ88dk.asm:2174
JUSTADDCREAM_SUBSONG0_TRACK10   = $4DA6 ; addr, local, , playerZ88dk_asm, code_user, .\player\playerZ88dk.asm:2198
JUSTADDCREAM_SUBSONG0_TRACK11   = $4DBD ; addr, local, , playerZ88dk_asm, code_user, .\player\playerZ88dk.asm:2222
JUSTADDCREAM_SUBSONG0_TRACK12   = $4DDB ; addr, local, , playerZ88dk_asm, code_user, .\player\playerZ88dk.asm:2253
JUSTADDCREAM_SUBSONG0_TRACK13   = $4DF5 ; addr, local, , playerZ88dk_asm, code_user, .\player\playerZ88dk.asm:2280
JUSTADDCREAM_SUBSONG0_TRACK14   = $4E26 ; addr, local, , playerZ88dk_asm, code_user, .\player\playerZ88dk.asm:2330
JUSTADDCREAM_SUBSONG0_TRACK15   = $4E58 ; addr, local, , playerZ88dk_asm, code_user, .\player\playerZ88dk.asm:2381
JUSTADDCREAM_SUBSONG0_TRACK16   = $4E90 ; addr, local, , playerZ88dk_asm, code_user, .\player\playerZ88dk.asm:2438
JUSTADDCREAM_SUBSONG0_TRACK17   = $4EC9 ; addr, local, , playerZ88dk_asm, code_user, .\player\playerZ88dk.asm:2496
JUSTADDCREAM_SUBSONG0_TRACK18   = $4ED7 ; addr, local, , playerZ88dk_asm, code_user, .\player\playerZ88dk.asm:2511
JUSTADDCREAM_SUBSONG0_TRACK19   = $4F03 ; addr, local, , playerZ88dk_asm, code_user, .\player\playerZ88dk.asm:2556
JUSTADDCREAM_SUBSONG0_TRACK20   = $4F0A ; addr, local, , playerZ88dk_asm, code_user, .\player\playerZ88dk.asm:2564
JUSTADDCREAM_SUBSONG0_TRACK21   = $4F18 ; addr, local, , playerZ88dk_asm, code_user, .\player\playerZ88dk.asm:2579
JUSTADDCREAM_SUBSONG0_TRACK22   = $4F7F ; addr, local, , playerZ88dk_asm, code_user, .\player\playerZ88dk.asm:2683
JUSTADDCREAM_SUBSONG0_TRACK24   = $5087 ; addr, local, , playerZ88dk_asm, code_user, .\player\playerZ88dk.asm:2949
JUSTADDCREAM_SUBSONG0_TRACK25   = $50C2 ; addr, local, , playerZ88dk_asm, code_user, .\player\playerZ88dk.asm:3009
JUSTADDCREAM_SUBSONG0_TRACK26   = $512C ; addr, local, , playerZ88dk_asm, code_user, .\player\playerZ88dk.asm:3116
JUSTADDCREAM_SUBSONG0_TRACK29   = $51E5 ; addr, local, , playerZ88dk_asm, code_user, .\player\playerZ88dk.asm:3304
i_2                             = $40D0 ; addr, local, , principal_c, code_compiler, principal.c::main::0::3:39
i_3                             = $40D3 ; addr, local, , principal_c, code_compiler, principal.c::main::0::3:39
STANDARDESCAPECHARS             = $0001 ; const, local, , fputc_cons, , target/msx/stdio/fputc_cons.asm:0
FORmsx                          = $0001 ; const, local, , fputc_cons, , target/msx/stdio/fputc_cons.asm:0
CHPUT                           = $00A2 ; const, local, , fputc_cons, code_clib, /home/build/z88dk/build/z88dk/lib/config/../target/msx/def/msxbios.def:74
CLS                             = $00C3 ; const, local, , fputc_cons, code_clib, /home/build/z88dk/build/z88dk/lib/config/../target/msx/def/msxbios.def:86
nocrlf                          = $40F1 ; addr, local, , fputc_cons, code_clib, target/msx/stdio/fputc_cons.asm:48
nocls                           = $40F9 ; addr, local, , fputc_cons, code_clib, target/msx/stdio/fputc_cons.asm:52
existing_int                    = $C0D4 ; addr, local, , im1_init, bss_driver, im1_init.asm:44
asm_im1_handler                 = $4122 ; addr, local, , im1_init, code_clib, im1_init.asm:31
MAHeapSbrk                      = $413C ; addr, local, , HeapSbrk_callee, code_clib, HeapSbrk_callee.asm:33
sizeok                          = $4144 ; addr, local, , HeapSbrk_callee, code_clib, HeapSbrk_callee.asm:42
loop                            = $4161 ; addr, local, , HeapFree_callee, code_clib, HeapFree_callee.asm:55
placeatend                      = $4177 ; addr, local, , HeapFree_callee, code_clib, HeapFree_callee.asm:103
mergeontop                      = $417D ; addr, local, , HeapFree_callee, code_clib, HeapFree_callee.asm:115
insertbefore                    = $4176 ; addr, local, , HeapFree_callee, code_clib, HeapFree_callee.asm:99
checkformergebelow              = $4193 ; addr, local, , HeapFree_callee, code_clib, HeapFree_callee.asm:144
mergebelow                      = $41AE ; addr, local, , HeapFree_callee, code_clib, HeapFree_callee.asm:199
nomergebelow                    = $41A4 ; addr, local, , HeapFree_callee, code_clib, HeapFree_callee.asm:182
dzx7s_copy_byte_loop            = $4201 ; addr, local, , asm_dzx7_standard, code_compress_zx7, asm_dzx7_standard.asm:31
dzx7s_main_loop                 = $4203 ; addr, local, , asm_dzx7_standard, code_compress_zx7, asm_dzx7_standard.asm:35
dzx7s_next_bit                  = $4240 ; addr, local, , asm_dzx7_standard, code_compress_zx7, asm_dzx7_standard.asm:109
dzx7s_len_size_loop             = $420D ; addr, local, , asm_dzx7_standard, code_compress_zx7, asm_dzx7_standard.asm:46
dzx7s_len_value_loop            = $4213 ; addr, local, , asm_dzx7_standard, code_compress_zx7, asm_dzx7_standard.asm:54
dzx7s_offset_end                = $4234 ; addr, local, , asm_dzx7_standard, code_compress_zx7, asm_dzx7_standard.asm:92
dzx7s_rld_next_bit              = $422A ; addr, local, , asm_dzx7_standard, code_compress_zx7, asm_dzx7_standard.asm:84
dzx7s_exit                      = $423D ; addr, local, , asm_dzx7_standard, code_compress_zx7, asm_dzx7_standard.asm:104
loop                            = $41C5 ; addr, local, , asm_interrupt_handler, code_clib, asm_interrupt_handler.asm:14
done                            = $41D6 ; addr, local, , asm_interrupt_handler, code_clib, asm_interrupt_handler.asm:29
try_next_slot                   = $41F5 ; addr, local, , asm_interrupt_add_handler, code_clib, asm_interrupt_add_handler.asm:24
__Z80                           = $0001 ; const, local, , asm_z80_pop_ei, , ../../config_private.inc:9
__Z80_NMOS                      = $0001 ; const, local, , asm_z80_pop_ei, , ../../config_private.inc:11
di_state                        = $4250 ; addr, local, , asm_z80_pop_ei, code_z80, /home/build/z88dk/build/z88dk/libsrc/_DEVELOPMENT/z80/z80/asm_z80_pop_ei.asm:90
ei_state                        = $424E ; addr, local, , asm_z80_pop_ei, code_z80, /home/build/z88dk/build/z88dk/libsrc/_DEVELOPMENT/z80/z80/asm_z80_pop_ei.asm:85
__Z80                           = $0001 ; const, local, , asm_z80_push_di, , ../../config_private.inc:9
__Z80_NMOS                      = $0001 ; const, local, , asm_z80_push_di, , ../../config_private.inc:11
continue                        = $4267 ; addr, local, , asm_z80_push_di, code_z80, /home/build/z88dk/build/z88dk/libsrc/_DEVELOPMENT/z80/z80/asm_z80_push_di.asm:82
cleanup                         = $4061 ; addr, public, , msx_crt0, , D:/z88dk/lib/config/../../lib/target/msx/classic/rom.asm:78
l_dcal                          = $4065 ; addr, public, , msx_crt0, , D:/z88dk/lib/config/../../lib/target/msx/classic/rom.asm:85
msxbios                         = $40D4 ; addr, public, , msx_crt0, code_clib, D:\z88dk\lib\config\..\..\\lib\target\msx\classic\msx_crt0.asm:36
CLIB_BANKING_STACK_SIZE         = $0064 ; const, public, , msx_crt0, , D:/z88dk/lib/config/../../lib/crt/classic/crt_rules.inc:64
__CRT_KEY_DEL                   = $0008 ; const, public, , msx_crt0, , D:/z88dk/lib/config/../../lib/crt/classic/crt_rules.inc:73
__CRT_KEY_CAPS_LOCK             = $0006 ; const, public, , msx_crt0, , D:/z88dk/lib/config/../../lib/crt/classic/crt_rules.inc:80
__CPU_CLOCK                     = $36A060 ; const, public, , msx_crt0, , D:\z88dk\lib\config\..\..\\lib\target\msx\classic\msx_crt0.asm:18
__CLIB_CONIO_NATIVE_COLOUR      = $0000 ; const, public, , msx_crt0, , D:/z88dk/lib/config/../../lib/crt/classic/crt_rules.inc:92
__CLIB_DISABLE_FGETS_CURSOR     = $0000 ; const, public, , msx_crt0, , D:/z88dk/lib/config/../../lib/crt/classic/crt_rules.inc:101
__CLIB_FGETC_CONS_DELAY         = $0032 ; const, public, , msx_crt0, , D:/z88dk/lib/config/../../lib/crt/classic/crt_rules.inc:110
__CLIB_KBHIT_DELAY              = $0000 ; const, public, , msx_crt0, , D:/z88dk/lib/config/../../lib/crt/classic/crt_rules.inc:119
CLIB_32BIT_FLOATS               = $0000 ; const, public, , msx_crt0, , D:/z88dk/lib/config/../../lib/crt/classic/crt_rules.inc:134
CLIB_64BIT_FLOATS               = $0000 ; const, public, , msx_crt0, , D:/z88dk/lib/config/../../lib/crt/classic/crt_rules.inc:138
CLIB_DEFAULT_SCREEN_MODE        = $0000 ; const, public, , msx_crt0, , D:/z88dk/lib/config/../../lib/crt/classic/crt_rules.inc:146
__FOPEN_MAX                     = $000A ; const, public, , msx_crt0, , D:/z88dk/lib/config/../../lib/crt/classic/crt_rules.inc:154
__CLIB_OPEN_MAX                 = $000A ; const, public, , msx_crt0, , D:/z88dk/lib/config/../../lib/crt/classic/crt_rules.inc:166
__RND_BLOCKSIZE                 = $03E8 ; const, public, , msx_crt0, , D:/z88dk/lib/config/../../lib/crt/classic/crt_rules.inc:196
__CLIB_FONT_HEIGHT              = $0008 ; const, public, , msx_crt0, , D:/z88dk/lib/config/../../lib/crt/classic/crt_rules.inc:203
__CLIB_FIRMWARE_KEYBOARD_CLICK  = $FFFFFFFF ; const, public, , msx_crt0, , D:/z88dk/lib/config/../../lib/crt/classic/crt_rules.inc:210
__clib_exit_stack_size          = $0000 ; const, public, , msx_crt0, , D:/z88dk/lib/config/../../lib/crt/classic/crt_rules.inc:51
fputc_cons                      = $40DD ; addr, public, , msx_crt0, , D:/z88dk/lib/config/../../lib/crt/classic/crt_runtime_selection.asm:519
_fputc_cons                     = $40DD ; addr, public, , msx_crt0, , D:/z88dk/lib/config/../../lib/crt/classic/crt_runtime_selection.asm:528
CONSOLE_COLUMNS                 = $0020 ; const, public, , msx_crt0, , D:\z88dk\lib\config\..\..\\lib\target\msx\classic\msx_crt0.asm:14
CONSOLE_ROWS                    = $0018 ; const, public, , msx_crt0, , D:\z88dk\lib\config\..\..\\lib\target\msx\classic\msx_crt0.asm:16
CONSOLE_XOFFSET                 = $0000 ; const, public, , msx_crt0, , D:/z88dk/lib/config/../../lib/crt/classic/crt_runtime_selection.asm:573
CONSOLE_YOFFSET                 = $0000 ; const, public, , msx_crt0, , D:/z88dk/lib/config/../../lib/crt/classic/crt_runtime_selection.asm:577
CLIB_KBHIT_NOSTORE              = $0000 ; const, public, , msx_crt0, , D:/z88dk/lib/config/../../lib/crt/classic/crt_runtime_selection.asm:582
__sgoioblk                      = $C001 ; addr, public, , msx_crt0, bss_crt, D:/z88dk/lib/config/../../lib/crt/classic/crt_section.asm:110
__sgoioblk_end                  = $C065 ; addr, public, , msx_crt0, bss_crt, D:/z88dk/lib/config/../../lib/crt/classic/crt_section.asm:112
base_graphics                   = $C065 ; addr, public, , msx_crt0, bss_crt, D:/z88dk/lib/config/../../lib/crt/classic/crt_section.asm:117
exitsp                          = $C067 ; addr, public, , msx_crt0, bss_crt, D:/z88dk/lib/config/../../lib/crt/classic/crt_section.asm:122
exitcount                       = $C069 ; addr, public, , msx_crt0, bss_crt, D:/z88dk/lib/config/../../lib/crt/classic/crt_section.asm:124
_heap                           = $C06A ; addr, public, , msx_crt0, bss_crt, D:/z88dk/lib/config/../../lib/crt/classic/crt_section.asm:131
PLY_AKM_INIT                    = $4398 ; addr, public, , playerZ88dk_asm, code_user, .\player\playerZ88dk.asm:237
PLY_AKM_PLAY                    = $4495 ; addr, public, , playerZ88dk_asm, code_user, .\player\playerZ88dk.asm:363
PLY_AKM_STOP                    = $447F ; addr, public, , playerZ88dk_asm, code_user, .\player\playerZ88dk.asm:354
PLY_AKM_INITSOUNDEFFECTS        = $4277 ; addr, public, , playerZ88dk_asm, code_user, .\player\playerZ88dk.asm:33
PLY_AKM_PLAYSOUNDEFFECT         = $427B ; addr, public, , playerZ88dk_asm, code_user, .\player\playerZ88dk.asm:39
_SONG                           = $493E ; addr, public, , playerZ88dk_asm, code_user, .\player\playerZ88dk.asm:1072
_ply_akm_init                   = $52AB ; addr, public, , arkos2_wrapper_asm, code_user, .\player\arkos2_wrapper.asm:23
_ply_akm_play                   = $52B2 ; addr, public, , arkos2_wrapper_asm, code_user, .\player\arkos2_wrapper.asm:33
_ply_akm_stop                   = $52B5 ; addr, public, , arkos2_wrapper_asm, code_user, .\player\arkos2_wrapper.asm:39
_playmusic                      = $4096 ; addr, public, , principal_c, code_compiler, principal.c::playmusic::0::0:19
_setup_int                      = $40B6 ; addr, public, , principal_c, code_compiler, principal.c::setup_int::0::1:26
_main                           = $40C2 ; addr, public, , principal_c, code_compiler, principal.c::main::0::3:39
fputc_cons_native               = $40DD ; addr, public, , fputc_cons, code_clib, target/msx/stdio/fputc_cons.asm:27
add_raster_int                  = $41D9 ; addr, public, , add_raster_im1, code_clib, add_raster_im1.asm:8
_add_raster_int                 = $41D9 ; addr, public, , add_raster_im1, code_clib, add_raster_im1.asm:9
im1_init                        = $40FF ; addr, public, , im1_init, code_clib, im1_init.asm:13
_im1_init                       = $40FF ; addr, public, , im1_init, code_clib, im1_init.asm:14
__tms9918_status_register       = $C0D9 ; addr, public, , __tms9918_status_register, bss_clib, __tms9918_status_register.asm:9
sbrk_callee                     = $412E ; addr, public, , sbrk_callee, code_clib, sbrk_callee.asm:12
_sbrk_callee                    = $412E ; addr, public, , sbrk_callee, code_clib, sbrk_callee.asm:13
asm_sbrk                        = $4131 ; addr, public, , sbrk_callee, code_clib, sbrk_callee.asm:19
HeapSbrk_callee                 = $4137 ; addr, public, , HeapSbrk_callee, code_clib, HeapSbrk_callee.asm:11
_HeapSbrk_callee                = $4137 ; addr, public, , HeapSbrk_callee, code_clib, HeapSbrk_callee.asm:12
asm_HeapSbrk                    = $413C ; addr, public, , HeapSbrk_callee, code_clib, HeapSbrk_callee.asm:20
HeapFree_callee                 = $414D ; addr, public, , HeapFree_callee, code_clib, HeapFree_callee.asm:10
_HeapFree_callee                = $414D ; addr, public, , HeapFree_callee, code_clib, HeapFree_callee.asm:11
MAHeapFree                      = $4151 ; addr, public, , HeapFree_callee, code_clib, HeapFree_callee.asm:30
asm_HeapFree                    = $4151 ; addr, public, , HeapFree_callee, code_clib, HeapFree_callee.asm:18
asm_dzx7_standard               = $41FF ; addr, public, , asm_dzx7_standard, code_compress_zx7, asm_dzx7_standard.asm:20
asm_interrupt_handler           = $41C3 ; addr, public, , asm_interrupt_handler, code_clib, asm_interrupt_handler.asm:10
im1_vectors                     = $C0DA ; addr, public, , im1_vectors, bss_clib, im1_vectors.asm:11
CLIB_IM1_VECTOR_COUNT           = $0008 ; const, public, , im1_vectors, bss_clib, im1_vectors.asm:8
im1_install_isr                 = $41D9 ; addr, public, , im1_install_isr, code_clib, im1_install_isr.asm:11
_im1_install_isr                = $41D9 ; addr, public, , im1_install_isr, code_clib, im1_install_isr.asm:12
asm_im1_install_isr             = $41DD ; addr, public, , im1_install_isr, code_clib, im1_install_isr.asm:18
asm_interrupt_add_handler       = $41EB ; addr, public, , asm_interrupt_add_handler, code_clib, asm_interrupt_add_handler.asm:13
l_jphl                          = $41FA ; addr, public, , l_jphl, code_l_sccz80, ../_DEVELOPMENT/l/sccz80/9-common/l_jphl.asm:7
l_pop_ei                        = $4246 ; addr, public, , l_pop_ei, code_l_sccz80, ../_DEVELOPMENT/l/sccz80/9-common/l_pop_ei.asm:10
l_pop_ei_jp                     = $424B ; addr, public, , l_pop_ei, code_l_sccz80, ../_DEVELOPMENT/l/sccz80/9-common/l_pop_ei.asm:11
asm_z80_pop_ei                  = $4246 ; addr, public, , asm_z80_pop_ei, code_z80, /home/build/z88dk/build/z88dk/libsrc/_DEVELOPMENT/z80/z80/asm_z80_pop_ei.asm:29
asm0_z80_pop_ei                 = $424B ; addr, public, , asm_z80_pop_ei, code_z80, /home/build/z88dk/build/z88dk/libsrc/_DEVELOPMENT/z80/z80/asm_z80_pop_ei.asm:55
asm_z80_pop_ei_jp               = $424B ; addr, public, , asm_z80_pop_ei, code_z80, /home/build/z88dk/build/z88dk/libsrc/_DEVELOPMENT/z80/z80/asm_z80_pop_ei.asm:57
asm_cpu_pop_ei                  = $4246 ; addr, public, , asm_z80_pop_ei, code_z80, /home/build/z88dk/build/z88dk/libsrc/_DEVELOPMENT/z80/z80/asm_z80_pop_ei.asm:30
asm0_cpu_pop_ei                 = $424B ; addr, public, , asm_z80_pop_ei, code_z80, /home/build/z88dk/build/z88dk/libsrc/_DEVELOPMENT/z80/z80/asm_z80_pop_ei.asm:56
asm_cpu_pop_ei_jp               = $424B ; addr, public, , asm_z80_pop_ei, code_z80, /home/build/z88dk/build/z88dk/libsrc/_DEVELOPMENT/z80/z80/asm_z80_pop_ei.asm:58
l_push_di                       = $4252 ; addr, public, , l_push_di, code_l_sccz80, ../_DEVELOPMENT/l/sccz80/9-common/l_push_di.asm:8
asm_z80_push_di                 = $4252 ; addr, public, , asm_z80_push_di, code_z80, /home/build/z88dk/build/z88dk/libsrc/_DEVELOPMENT/z80/z80/asm_z80_push_di.asm:21
asm_cpu_push_di                 = $4252 ; addr, public, , asm_z80_push_di, code_z80, /home/build/z88dk/build/z88dk/libsrc/_DEVELOPMENT/z80/z80/asm_z80_push_di.asm:22
l_ret                           = $41FE ; addr, public, , l_ret, code_l_sccz80, ../_DEVELOPMENT/l/sccz80/9-common/l_ret.asm:14
__head                          = $4000 ; const, public, def, , ,
__tail                          = $C0EF ; const, public, def, , ,
__size                          = $80EF ; const, public, def, , ,
__CODE_head                     = $4066 ; const, public, def, , ,
__CODE_tail                     = $4066 ; const, public, def, , ,
__CODE_size                     = $0000 ; const, public, def, , ,
__code_crt_init_head            = $4066 ; const, public, def, , ,
__code_crt_init_tail            = $4094 ; const, public, def, , ,
__code_crt_init_size            = $002E ; const, public, def, , ,
__code_crt_init_exit_head       = $4094 ; const, public, def, , ,
__code_crt_init_exit_tail       = $4095 ; const, public, def, , ,
__code_crt_init_exit_size       = $0001 ; const, public, def, , ,
__code_crt_exit_head            = $4095 ; const, public, def, , ,
__code_crt_exit_tail            = $4095 ; const, public, def, , ,
__code_crt_exit_size            = $0000 ; const, public, def, , ,
__code_crt_exit_exit_head       = $4095 ; const, public, def, , ,
__code_crt_exit_exit_tail       = $4096 ; const, public, def, , ,
__code_crt_exit_exit_size       = $0001 ; const, public, def, , ,
__code_driver_head              = $4096 ; const, public, def, , ,
__code_driver_tail              = $4096 ; const, public, def, , ,
__code_driver_size              = $0000 ; const, public, def, , ,
__rodata_driver_head            = $4096 ; const, public, def, , ,
__rodata_driver_tail            = $4096 ; const, public, def, , ,
__rodata_driver_size            = $0000 ; const, public, def, , ,
__code_compiler_head            = $4096 ; const, public, def, , ,
__code_compiler_tail            = $40D4 ; const, public, def, , ,
__code_compiler_size            = $003E ; const, public, def, , ,
__code_clib_head                = $40D4 ; const, public, def, , ,
__code_clib_tail                = $41FA ; const, public, def, , ,
__code_clib_size                = $0126 ; const, public, def, , ,
__code_l_head                   = $41FA ; const, public, def, , ,
__code_l_tail                   = $41FA ; const, public, def, , ,
__code_l_size                   = $0000 ; const, public, def, , ,
__code_l_sdcc_head              = $41FA ; const, public, def, , ,
__code_l_sdcc_tail              = $41FA ; const, public, def, , ,
__code_l_sdcc_size              = $0000 ; const, public, def, , ,
__code_l_sccz80_head            = $41FA ; const, public, def, , ,
__code_l_sccz80_tail            = $41FF ; const, public, def, , ,
__code_l_sccz80_size            = $0005 ; const, public, def, , ,
__code_compress_zx7_head        = $41FF ; const, public, def, , ,
__code_compress_zx7_tail        = $4246 ; const, public, def, , ,
__code_compress_zx7_size        = $0047 ; const, public, def, , ,
__code_compress_zx0_head        = $4246 ; const, public, def, , ,
__code_compress_zx0_tail        = $4246 ; const, public, def, , ,
__code_compress_zx0_size        = $0000 ; const, public, def, , ,
__code_compress_zx1_head        = $4246 ; const, public, def, , ,
__code_compress_zx1_tail        = $4246 ; const, public, def, , ,
__code_compress_zx1_size        = $0000 ; const, public, def, , ,
__code_compress_zx2_head        = $4246 ; const, public, def, , ,
__code_compress_zx2_tail        = $4246 ; const, public, def, , ,
__code_compress_zx2_size        = $0000 ; const, public, def, , ,
__code_compress_aplib_head      = $4246 ; const, public, def, , ,
__code_compress_aplib_tail      = $4246 ; const, public, def, , ,
__code_compress_aplib_size      = $0000 ; const, public, def, , ,
__code_ctype_head               = $4246 ; const, public, def, , ,
__code_ctype_tail               = $4246 ; const, public, def, , ,
__code_ctype_size               = $0000 ; const, public, def, , ,
__code_esxdos_head              = $4246 ; const, public, def, , ,
__code_esxdos_tail              = $4246 ; const, public, def, , ,
__code_esxdos_size              = $0000 ; const, public, def, , ,
__code_fp_head                  = $4246 ; const, public, def, , ,
__code_fp_tail                  = $4246 ; const, public, def, , ,
__code_fp_size                  = $0000 ; const, public, def, , ,
__code_fp_math48_head           = $4246 ; const, public, def, , ,
__code_fp_math48_tail           = $4246 ; const, public, def, , ,
__code_fp_math48_size           = $0000 ; const, public, def, , ,
__code_fp_math32_head           = $4246 ; const, public, def, , ,
__code_fp_math32_tail           = $4246 ; const, public, def, , ,
__code_fp_math32_size           = $0000 ; const, public, def, , ,
__code_fp_math16_head           = $4246 ; const, public, def, , ,
__code_fp_math16_tail           = $4246 ; const, public, def, , ,
__code_fp_math16_size           = $0000 ; const, public, def, , ,
__code_fp_mbf32_head            = $4246 ; const, public, def, , ,
__code_fp_mbf32_tail            = $4246 ; const, public, def, , ,
__code_fp_mbf32_size            = $0000 ; const, public, def, , ,
__code_fp_mbf64_head            = $4246 ; const, public, def, , ,
__code_fp_mbf64_tail            = $4246 ; const, public, def, , ,
__code_fp_mbf64_size            = $0000 ; const, public, def, , ,
__code_fp_am9511_head           = $4246 ; const, public, def, , ,
__code_fp_am9511_tail           = $4246 ; const, public, def, , ,
__code_fp_am9511_size           = $0000 ; const, public, def, , ,
__code_fp_dai32_head            = $4246 ; const, public, def, , ,
__code_fp_dai32_tail            = $4246 ; const, public, def, , ,
__code_fp_dai32_size            = $0000 ; const, public, def, , ,
__code_math_head                = $4246 ; const, public, def, , ,
__code_math_tail                = $4246 ; const, public, def, , ,
__code_math_size                = $0000 ; const, public, def, , ,
__code_error_head               = $4246 ; const, public, def, , ,
__code_error_tail               = $4246 ; const, public, def, , ,
__code_error_size               = $0000 ; const, public, def, , ,
__code_stdlib_head              = $4246 ; const, public, def, , ,
__code_stdlib_tail              = $4246 ; const, public, def, , ,
__code_stdlib_size              = $0000 ; const, public, def, , ,
__code_string_head              = $4246 ; const, public, def, , ,
__code_string_tail              = $4246 ; const, public, def, , ,
__code_string_size              = $0000 ; const, public, def, , ,
__code_adt_b_array_head         = $4246 ; const, public, def, , ,
__code_adt_b_array_tail         = $4246 ; const, public, def, , ,
__code_adt_b_array_size         = $0000 ; const, public, def, , ,
__code_adt_b_vector_head        = $4246 ; const, public, def, , ,
__code_adt_b_vector_tail        = $4246 ; const, public, def, , ,
__code_adt_b_vector_size        = $0000 ; const, public, def, , ,
__code_adt_ba_priority_queue_head = $4246 ; const, public, def, , ,
__code_adt_ba_priority_queue_tail = $4246 ; const, public, def, , ,
__code_adt_ba_priority_queue_size = $0000 ; const, public, def, , ,
__code_adt_ba_stack_head        = $4246 ; const, public, def, , ,
__code_adt_ba_stack_tail        = $4246 ; const, public, def, , ,
__code_adt_ba_stack_size        = $0000 ; const, public, def, , ,
__code_adt_bv_priority_queue_head = $4246 ; const, public, def, , ,
__code_adt_bv_priority_queue_tail = $4246 ; const, public, def, , ,
__code_adt_bv_priority_queue_size = $0000 ; const, public, def, , ,
__code_adt_bv_stack_head        = $4246 ; const, public, def, , ,
__code_adt_bv_stack_tail        = $4246 ; const, public, def, , ,
__code_adt_bv_stack_size        = $0000 ; const, public, def, , ,
__code_adt_p_forward_list_head  = $4246 ; const, public, def, , ,
__code_adt_p_forward_list_tail  = $4246 ; const, public, def, , ,
__code_adt_p_forward_list_size  = $0000 ; const, public, def, , ,
__code_adt_p_forward_list_alt_head = $4246 ; const, public, def, , ,
__code_adt_p_forward_list_alt_tail = $4246 ; const, public, def, , ,
__code_adt_p_forward_list_alt_size = $0000 ; const, public, def, , ,
__code_adt_p_list_head          = $4246 ; const, public, def, , ,
__code_adt_p_list_tail          = $4246 ; const, public, def, , ,
__code_adt_p_list_size          = $0000 ; const, public, def, , ,
__code_adt_p_queue_head         = $4246 ; const, public, def, , ,
__code_adt_p_queue_tail         = $4246 ; const, public, def, , ,
__code_adt_p_queue_size         = $0000 ; const, public, def, , ,
__code_adt_p_stack_head         = $4246 ; const, public, def, , ,
__code_adt_p_stack_tail         = $4246 ; const, public, def, , ,
__code_adt_p_stack_size         = $0000 ; const, public, def, , ,
__code_adt_w_array_head         = $4246 ; const, public, def, , ,
__code_adt_w_array_tail         = $4246 ; const, public, def, , ,
__code_adt_w_array_size         = $0000 ; const, public, def, , ,
__code_adt_w_vector_head        = $4246 ; const, public, def, , ,
__code_adt_w_vector_tail        = $4246 ; const, public, def, , ,
__code_adt_w_vector_size        = $0000 ; const, public, def, , ,
__code_adt_wa_priority_queue_head = $4246 ; const, public, def, , ,
__code_adt_wa_priority_queue_tail = $4246 ; const, public, def, , ,
__code_adt_wa_priority_queue_size = $0000 ; const, public, def, , ,
__code_adt_wa_stack_head        = $4246 ; const, public, def, , ,
__code_adt_wa_stack_tail        = $4246 ; const, public, def, , ,
__code_adt_wa_stack_size        = $0000 ; const, public, def, , ,
__code_adt_wv_priority_queue_head = $4246 ; const, public, def, , ,
__code_adt_wv_priority_queue_tail = $4246 ; const, public, def, , ,
__code_adt_wv_priority_queue_size = $0000 ; const, public, def, , ,
__code_adt_wv_stack_head        = $4246 ; const, public, def, , ,
__code_adt_wv_stack_tail        = $4246 ; const, public, def, , ,
__code_adt_wv_stack_size        = $0000 ; const, public, def, , ,
__code_alloc_balloc_head        = $4246 ; const, public, def, , ,
__code_alloc_balloc_tail        = $4246 ; const, public, def, , ,
__code_alloc_balloc_size        = $0000 ; const, public, def, , ,
__code_alloc_obstack_head       = $4246 ; const, public, def, , ,
__code_alloc_obstack_tail       = $4246 ; const, public, def, , ,
__code_alloc_obstack_size       = $0000 ; const, public, def, , ,
__code_arch_head                = $4246 ; const, public, def, , ,
__code_arch_tail                = $4246 ; const, public, def, , ,
__code_arch_size                = $0000 ; const, public, def, , ,
__code_font_head                = $4246 ; const, public, def, , ,
__code_font_tail                = $4246 ; const, public, def, , ,
__code_font_size                = $0000 ; const, public, def, , ,
__code_font_fzx_head            = $4246 ; const, public, def, , ,
__code_font_fzx_tail            = $4246 ; const, public, def, , ,
__code_font_fzx_size            = $0000 ; const, public, def, , ,
__code_psg_head                 = $4246 ; const, public, def, , ,
__code_psg_tail                 = $4246 ; const, public, def, , ,
__code_psg_size                 = $0000 ; const, public, def, , ,
__code_sound_ay_head            = $4246 ; const, public, def, , ,
__code_sound_ay_tail            = $4246 ; const, public, def, , ,
__code_sound_ay_size            = $0000 ; const, public, def, , ,
__code_PSGlib_head              = $4246 ; const, public, def, , ,
__code_PSGlib_tail              = $4246 ; const, public, def, , ,
__code_PSGlib_size              = $0000 ; const, public, def, , ,
__code_time_head                = $4246 ; const, public, def, , ,
__code_time_tail                = $4246 ; const, public, def, , ,
__code_time_size                = $0000 ; const, public, def, , ,
__code_z80_head                 = $4246 ; const, public, def, , ,
__code_z80_tail                 = $426E ; const, public, def, , ,
__code_z80_size                 = $0028 ; const, public, def, , ,
__code_sprite_sp1_head          = $426E ; const, public, def, , ,
__code_sprite_sp1_tail          = $426E ; const, public, def, , ,
__code_sprite_sp1_size          = $0000 ; const, public, def, , ,
__code_temp_sp1_head            = $426E ; const, public, def, , ,
__code_temp_sp1_tail            = $426E ; const, public, def, , ,
__code_temp_sp1_size            = $0000 ; const, public, def, , ,
__code_splib2_head              = $426E ; const, public, def, , ,
__code_splib2_tail              = $426E ; const, public, def, , ,
__code_splib2_size              = $0000 ; const, public, def, , ,
__code_sound_bit_head           = $426E ; const, public, def, , ,
__code_sound_bit_tail           = $426E ; const, public, def, , ,
__code_sound_bit_size           = $0000 ; const, public, def, , ,
__code_graphics_head            = $426E ; const, public, def, , ,
__code_graphics_tail            = $426E ; const, public, def, , ,
__code_graphics_size            = $0000 ; const, public, def, , ,
__code_user_head                = $426E ; const, public, def, , ,
__code_user_tail                = $52B8 ; const, public, def, , ,
__code_user_size                = $104A ; const, public, def, , ,
__CODE_END_head                 = $52B8 ; const, public, def, , ,
__CODE_END_tail                 = $52B8 ; const, public, def, , ,
__CODE_END_size                 = $0000 ; const, public, def, , ,
__RODATA_head                   = $52B8 ; const, public, def, , ,
__RODATA_tail                   = $52B8 ; const, public, def, , ,
__RODATA_size                   = $0000 ; const, public, def, , ,
__rodata_fp_head                = $52B8 ; const, public, def, , ,
__rodata_fp_tail                = $52B8 ; const, public, def, , ,
__rodata_fp_size                = $0000 ; const, public, def, , ,
__rodata_fp_math48_head         = $52B8 ; const, public, def, , ,
__rodata_fp_math48_tail         = $52B8 ; const, public, def, , ,
__rodata_fp_math48_size         = $0000 ; const, public, def, , ,
__rodata_fp_math32_head         = $52B8 ; const, public, def, , ,
__rodata_fp_math32_tail         = $52B8 ; const, public, def, , ,
__rodata_fp_math32_size         = $0000 ; const, public, def, , ,
__rodata_fp_math16_head         = $52B8 ; const, public, def, , ,
__rodata_fp_math16_tail         = $52B8 ; const, public, def, , ,
__rodata_fp_math16_size         = $0000 ; const, public, def, , ,
__rodata_fp_mbf32_head          = $52B8 ; const, public, def, , ,
__rodata_fp_mbf32_tail          = $52B8 ; const, public, def, , ,
__rodata_fp_mbf32_size          = $0000 ; const, public, def, , ,
__rodata_fp_mbf64_head          = $52B8 ; const, public, def, , ,
__rodata_fp_mbf64_tail          = $52B8 ; const, public, def, , ,
__rodata_fp_mbf64_size          = $0000 ; const, public, def, , ,
__rodata_fp_am9511_head         = $52B8 ; const, public, def, , ,
__rodata_fp_am9511_tail         = $52B8 ; const, public, def, , ,
__rodata_fp_am9511_size         = $0000 ; const, public, def, , ,
__rodata_fp_dai32_head          = $52B8 ; const, public, def, , ,
__rodata_fp_dai32_tail          = $52B8 ; const, public, def, , ,
__rodata_fp_dai32_size          = $0000 ; const, public, def, , ,
__rodata_arch_head              = $52B8 ; const, public, def, , ,
__rodata_arch_tail              = $52B8 ; const, public, def, , ,
__rodata_arch_size              = $0000 ; const, public, def, , ,
__rodata_compiler_head          = $52B8 ; const, public, def, , ,
__rodata_compiler_tail          = $52B8 ; const, public, def, , ,
__rodata_compiler_size          = $0000 ; const, public, def, , ,
__rodata_clib_head              = $52B8 ; const, public, def, , ,
__rodata_clib_tail              = $52B8 ; const, public, def, , ,
__rodata_clib_size              = $0000 ; const, public, def, , ,
__rodata_psg_head               = $52B8 ; const, public, def, , ,
__rodata_psg_tail               = $52B8 ; const, public, def, , ,
__rodata_psg_size               = $0000 ; const, public, def, , ,
__rodata_sound_ay_head          = $52B8 ; const, public, def, , ,
__rodata_sound_ay_tail          = $52B8 ; const, public, def, , ,
__rodata_sound_ay_size          = $0000 ; const, public, def, , ,
__rodata_graphics_head          = $52B8 ; const, public, def, , ,
__rodata_graphics_tail          = $52B8 ; const, public, def, , ,
__rodata_graphics_size          = $0000 ; const, public, def, , ,
__rodata_user_head              = $52B8 ; const, public, def, , ,
__rodata_user_tail              = $52B8 ; const, public, def, , ,
__rodata_user_size              = $0000 ; const, public, def, , ,
__rodata_font_head              = $52B8 ; const, public, def, , ,
__rodata_font_tail              = $52B8 ; const, public, def, , ,
__rodata_font_size              = $0000 ; const, public, def, , ,
__rodata_font_fzx_head          = $52B8 ; const, public, def, , ,
__rodata_font_fzx_tail          = $52B8 ; const, public, def, , ,
__rodata_font_fzx_size          = $0000 ; const, public, def, , ,
__rodata_font_4x8_head          = $52B8 ; const, public, def, , ,
__rodata_font_4x8_tail          = $52B8 ; const, public, def, , ,
__rodata_font_4x8_size          = $0000 ; const, public, def, , ,
__rodata_font_6x8_head          = $52B8 ; const, public, def, , ,
__rodata_font_6x8_tail          = $52B8 ; const, public, def, , ,
__rodata_font_6x8_size          = $0000 ; const, public, def, , ,
__rodata_font_8x8_head          = $52B8 ; const, public, def, , ,
__rodata_font_8x8_tail          = $52B8 ; const, public, def, , ,
__rodata_font_8x8_size          = $0000 ; const, public, def, , ,
__rodata_font_8x10_head         = $52B8 ; const, public, def, , ,
__rodata_font_8x10_tail         = $52B8 ; const, public, def, , ,
__rodata_font_8x10_size         = $0000 ; const, public, def, , ,
__rodata_font_ansi_head         = $52B8 ; const, public, def, , ,
__rodata_font_ansi_tail         = $52B8 ; const, public, def, , ,
__rodata_font_ansi_size         = $0000 ; const, public, def, , ,
__rodata_splib2_head            = $52B8 ; const, public, def, , ,
__rodata_splib2_tail            = $52B8 ; const, public, def, , ,
__rodata_splib2_size            = $0000 ; const, public, def, , ,
__rodata_sound_bit_head         = $52B8 ; const, public, def, , ,
__rodata_sound_bit_tail         = $52B8 ; const, public, def, , ,
__rodata_sound_bit_size         = $0000 ; const, public, def, , ,
__rodata_appdor_head            = $52B8 ; const, public, def, , ,
__rodata_appdor_tail            = $52B8 ; const, public, def, , ,
__rodata_appdor_size            = $0000 ; const, public, def, , ,
__RODATA_END_head               = $52B8 ; const, public, def, , ,
__RODATA_END_tail               = $52B8 ; const, public, def, , ,
__RODATA_END_size               = $0000 ; const, public, def, , ,
__ROMABLE_END_head              = $52B8 ; const, public, def, , ,
__ROMABLE_END_tail              = $52B8 ; const, public, def, , ,
__ROMABLE_END_size              = $0000 ; const, public, def, , ,
__BSS_head                      = $C000 ; const, public, def, , ,
__BSS_tail                      = $C001 ; const, public, def, , ,
__BSS_size                      = $0001 ; const, public, def, , ,
__bss_fp_head                   = $C001 ; const, public, def, , ,
__bss_fp_tail                   = $C001 ; const, public, def, , ,
__bss_fp_size                   = $0000 ; const, public, def, , ,
__bss_fp_math32_head            = $C001 ; const, public, def, , ,
__bss_fp_math32_tail            = $C001 ; const, public, def, , ,
__bss_fp_math32_size            = $0000 ; const, public, def, , ,
__bss_fp_math16_head            = $C001 ; const, public, def, , ,
__bss_fp_math16_tail            = $C001 ; const, public, def, , ,
__bss_fp_math16_size            = $0000 ; const, public, def, , ,
__bss_fp_mbf32_head             = $C001 ; const, public, def, , ,
__bss_fp_mbf32_tail             = $C001 ; const, public, def, , ,
__bss_fp_mbf32_size             = $0000 ; const, public, def, , ,
__bss_fp_mbf64_head             = $C001 ; const, public, def, , ,
__bss_fp_mbf64_tail             = $C001 ; const, public, def, , ,
__bss_fp_mbf64_size             = $0000 ; const, public, def, , ,
__bss_fp_am9511_head            = $C001 ; const, public, def, , ,
__bss_fp_am9511_tail            = $C001 ; const, public, def, , ,
__bss_fp_am9511_size            = $0000 ; const, public, def, , ,
__bss_fp_dai32_head             = $C001 ; const, public, def, , ,
__bss_fp_dai32_tail             = $C001 ; const, public, def, , ,
__bss_fp_dai32_size             = $0000 ; const, public, def, , ,
__bss_compress_aplib_head       = $C001 ; const, public, def, , ,
__bss_compress_aplib_tail       = $C001 ; const, public, def, , ,
__bss_compress_aplib_size       = $0000 ; const, public, def, , ,
__bss_error_head                = $C001 ; const, public, def, , ,
__bss_error_tail                = $C001 ; const, public, def, , ,
__bss_error_size                = $0000 ; const, public, def, , ,
__bss_crt_head                  = $C001 ; const, public, def, , ,
__bss_crt_tail                  = $C06E ; const, public, def, , ,
__bss_crt_size                  = $006D ; const, public, def, , ,
__bss_fardata_head              = $C06E ; const, public, def, , ,
__bss_fardata_tail              = $C06E ; const, public, def, , ,
__bss_fardata_size              = $0000 ; const, public, def, , ,
__bss_compiler_head             = $C06E ; const, public, def, , ,
__bss_compiler_tail             = $C06E ; const, public, def, , ,
__bss_compiler_size             = $0000 ; const, public, def, , ,
__bss_driver_head               = $C06E ; const, public, def, , ,
__bss_driver_tail               = $C0D9 ; const, public, def, , ,
__bss_driver_size               = $006B ; const, public, def, , ,
__bss_arch_head                 = $C0D9 ; const, public, def, , ,
__bss_arch_tail                 = $C0D9 ; const, public, def, , ,
__bss_arch_size                 = $0000 ; const, public, def, , ,
__bss_clib_head                 = $C0D9 ; const, public, def, , ,
__bss_clib_tail                 = $C0EC ; const, public, def, , ,
__bss_clib_size                 = $0013 ; const, public, def, , ,
__bss_string_head               = $C0EC ; const, public, def, , ,
__bss_string_tail               = $C0EC ; const, public, def, , ,
__bss_string_size               = $0000 ; const, public, def, , ,
__bss_alloc_balloc_head         = $C0EC ; const, public, def, , ,
__bss_alloc_balloc_tail         = $C0EC ; const, public, def, , ,
__bss_alloc_balloc_size         = $0000 ; const, public, def, , ,
__bss_graphics_head             = $C0EC ; const, public, def, , ,
__bss_graphics_tail             = $C0EC ; const, public, def, , ,
__bss_graphics_size             = $0000 ; const, public, def, , ,
__bss_psg_head                  = $C0EC ; const, public, def, , ,
__bss_psg_tail                  = $C0EC ; const, public, def, , ,
__bss_psg_size                  = $0000 ; const, public, def, , ,
__bss_sound_ay_head             = $C0EC ; const, public, def, , ,
__bss_sound_ay_tail             = $C0EC ; const, public, def, , ,
__bss_sound_ay_size             = $0000 ; const, public, def, , ,
__bss_PSGlib_head               = $C0EC ; const, public, def, , ,
__bss_PSGlib_tail               = $C0EC ; const, public, def, , ,
__bss_PSGlib_size               = $0000 ; const, public, def, , ,
__bss_splib2_head               = $C0EC ; const, public, def, , ,
__bss_splib2_tail               = $C0EC ; const, public, def, , ,
__bss_splib2_size               = $0000 ; const, public, def, , ,
__bss_user_head                 = $C0EC ; const, public, def, , ,
__bss_user_tail                 = $C0EC ; const, public, def, , ,
__bss_user_size                 = $0000 ; const, public, def, , ,
__DATA_head                     = $C0EC ; const, public, def, , ,
__DATA_tail                     = $C0ED ; const, public, def, , ,
__DATA_size                     = $0001 ; const, public, def, , ,
__smc_clib_head                 = $C0ED ; const, public, def, , ,
__smc_clib_tail                 = $C0ED ; const, public, def, , ,
__smc_clib_size                 = $0000 ; const, public, def, , ,
__smc_fp_head                   = $C0ED ; const, public, def, , ,
__smc_fp_tail                   = $C0ED ; const, public, def, , ,
__smc_fp_size                   = $0000 ; const, public, def, , ,
__smc_compress_head             = $C0ED ; const, public, def, , ,
__smc_compress_tail             = $C0ED ; const, public, def, , ,
__smc_compress_size             = $0000 ; const, public, def, , ,
__smc_user_head                 = $C0ED ; const, public, def, , ,
__smc_user_tail                 = $C0ED ; const, public, def, , ,
__smc_user_size                 = $0000 ; const, public, def, , ,
__data_driver_head              = $C0ED ; const, public, def, , ,
__data_driver_tail              = $C0EF ; const, public, def, , ,
__data_driver_size              = $0002 ; const, public, def, , ,
__data_clib_head                = $C0EF ; const, public, def, , ,
__data_clib_tail                = $C0EF ; const, public, def, , ,
__data_clib_size                = $0000 ; const, public, def, , ,
__data_stdlib_head              = $C0EF ; const, public, def, , ,
__data_stdlib_tail              = $C0EF ; const, public, def, , ,
__data_stdlib_size              = $0000 ; const, public, def, , ,
__data_psg_head                 = $C0EF ; const, public, def, , ,
__data_psg_tail                 = $C0EF ; const, public, def, , ,
__data_psg_size                 = $0000 ; const, public, def, , ,
__data_sound_ay_head            = $C0EF ; const, public, def, , ,
__data_sound_ay_tail            = $C0EF ; const, public, def, , ,
__data_sound_ay_size            = $0000 ; const, public, def, , ,
__data_PSGlib_head              = $C0EF ; const, public, def, , ,
__data_PSGlib_tail              = $C0EF ; const, public, def, , ,
__data_PSGlib_size              = $0000 ; const, public, def, , ,
__data_graphics_head            = $C0EF ; const, public, def, , ,
__data_graphics_tail            = $C0EF ; const, public, def, , ,
__data_graphics_size            = $0000 ; const, public, def, , ,
__data_crt_head                 = $C0EF ; const, public, def, , ,
__data_crt_tail                 = $C0EF ; const, public, def, , ,
__data_crt_size                 = $0000 ; const, public, def, , ,
__data_fp_mbf32_head            = $C0EF ; const, public, def, , ,
__data_fp_mbf32_tail            = $C0EF ; const, public, def, , ,
__data_fp_mbf32_size            = $0000 ; const, public, def, , ,
__data_arch_head                = $C0EF ; const, public, def, , ,
__data_arch_tail                = $C0EF ; const, public, def, , ,
__data_arch_size                = $0000 ; const, public, def, , ,
__data_compiler_head            = $C0EF ; const, public, def, , ,
__data_compiler_tail            = $C0EF ; const, public, def, , ,
__data_compiler_size            = $0000 ; const, public, def, , ,
__data_splib2_head              = $C0EF ; const, public, def, , ,
__data_splib2_tail              = $C0EF ; const, public, def, , ,
__data_splib2_size              = $0000 ; const, public, def, , ,
__data_user_head                = $C0EF ; const, public, def, , ,
__data_user_tail                = $C0EF ; const, public, def, , ,
__data_user_size                = $0000 ; const, public, def, , ,
__data_alloc_balloc_head        = $C0EF ; const, public, def, , ,
__data_alloc_balloc_tail        = $C0EF ; const, public, def, , ,
__data_alloc_balloc_size        = $0000 ; const, public, def, , ,
__DATA_END_head                 = $C0EF ; const, public, def, , ,
__DATA_END_tail                 = $C0EF ; const, public, def, , ,
__DATA_END_size                 = $0000 ; const, public, def, , ,
__BSS_END_head                  = $C0EF ; const, public, def, , ,
__BSS_END_tail                  = $C0EF ; const, public, def, , ,
__BSS_END_size                  = $0000 ; const, public, def, , ,
