DEFINED_CRT_MODEL               = $0001 ; const, local, , msx_crt0, , C:/Users/PILTRA~1/AppData/Local/Temp/zcc00002618A2515/zcc_opt.def:3
CRT_MODEL                       = $0002 ; const, local, , msx_crt0, , C:/Users/PILTRA~1/AppData/Local/Temp/zcc00002618A2515/zcc_opt.def:4
DEFINED_startup                 = $0001 ; const, local, , msx_crt0, , C:/Users/PILTRA~1/AppData/Local/Temp/zcc00002618A2515/zcc_opt.def:11
startup                         = $0003 ; const, local, , msx_crt0, , C:/Users/PILTRA~1/AppData/Local/Temp/zcc00002618A2515/zcc_opt.def:12
DEFINED_USING_amalloc           = $0001 ; const, local, , msx_crt0, , C:/Users/PILTRA~1/AppData/Local/Temp/zcc00002618A2515/zcc_opt.def:19
USING_amalloc                   = $0000 ; const, local, , msx_crt0, , C:/Users/PILTRA~1/AppData/Local/Temp/zcc00002618A2515/zcc_opt.def:20
DEFINED_graphics                = $0001 ; const, local, , msx_crt0, , C:/Users/PILTRA~1/AppData/Local/Temp/zcc00002618A2515/zcc_opt.def:27
graphics                        = $0000 ; const, local, , msx_crt0, , C:/Users/PILTRA~1/AppData/Local/Temp/zcc00002618A2515/zcc_opt.def:28
TAR__clib_exit_stack_size       = $0000 ; const, local, , msx_crt0, , D:/z88dk/lib/config/../../lib/target/msx/classic/rom.asm:15
TAR__register_sp                = $FFFF03B6 ; const, local, , msx_crt0, , D:/z88dk/lib/config/../../lib/target/msx/classic/rom.asm:16
CRT_INITIALIZE_BSS              = $0001 ; const, local, , msx_crt0, , D:/z88dk/lib/config/../../lib/crt/classic/crt_rules.inc:6
__register_sp                   = $FFFF03B6 ; const, local, , msx_crt0, , D:/z88dk/lib/config/../../lib/crt/classic/crt_rules.inc:16
TAR__crt_enable_rst             = $0000 ; const, local, , msx_crt0, , D:/z88dk/lib/config/../../lib/crt/classic/crt_rules.inc:24
TAR__crt_enable_nmi             = $0000 ; const, local, , msx_crt0, , D:/z88dk/lib/config/../../lib/crt/classic/crt_rules.inc:37
CRT_ENABLE_STDIO                = $0001 ; const, local, , msx_crt0, , D:/z88dk/lib/config/../../lib/crt/classic/crt_rules.inc:44
CLIB_FOPEN_MAX                  = $000A ; const, local, , msx_crt0, , D:/z88dk/lib/config/../../lib/crt/classic/crt_rules.inc:151
CLIB_OPEN_MAX                   = $000A ; const, local, , msx_crt0, , D:/z88dk/lib/config/../../lib/crt/classic/crt_rules.inc:162
CLIB_RND_BLOCKSIZE              = $03E8 ; const, local, , msx_crt0, , D:/z88dk/lib/config/../../lib/crt/classic/crt_rules.inc:193
CLIB_FONT_HEIGHT                = $0008 ; const, local, , msx_crt0, , D:/z88dk/lib/config/../../lib/crt/classic/crt_rules.inc:200
CLIB_FIRMWARE_KEYBOARD_CLICK    = $FFFFFFFF ; const, local, , msx_crt0, , D:/z88dk/lib/config/../../lib/crt/classic/crt_rules.inc:207
__MMAP                          = $0000 ; const, local, , msx_crt0, , D:/z88dk/lib/config/../../lib/crt/classic/crt_rules.inc:216
CRT_ORG_CODE                    = $4000 ; const, local, , msx_crt0, , D:/z88dk/lib/config/../../lib/target/msx/classic/rom.asm:23
start                           = $4010 ; addr, local, , msx_crt0, , D:/z88dk/lib/config/../../lib/target/msx/classic/rom.asm:35
crt0_init_bss                   = $4066 ; addr, local, , msx_crt0, code_crt_init, D:/z88dk/lib/config/../../lib/crt/classic/crt_section.asm:25
endloop                         = $4061 ; addr, local, , msx_crt0, , D:/z88dk/lib/config/../../lib/target/msx/classic/rom.asm:79
MAPPER_ADDRESS_4000             = $0000 ; const, local, , msx_crt0, , D:/z88dk/lib/config/../../lib/target/msx/classic/rom.asm:109
MAPPER_ADDRESS_6000             = $0000 ; const, local, , msx_crt0, , D:/z88dk/lib/config/../../lib/target/msx/classic/rom.asm:110
MAPPER_ADDRESS_8000             = $0000 ; const, local, , msx_crt0, , D:/z88dk/lib/config/../../lib/target/msx/classic/rom.asm:111
MAPPER_ADDRESS_A000             = $0000 ; const, local, , msx_crt0, , D:/z88dk/lib/config/../../lib/target/msx/classic/rom.asm:112
CRT_ORG_BSS                     = $C000 ; const, local, , msx_crt0, , D:/z88dk/lib/config/../../lib/target/msx/classic/rom.asm:202
__crt_org_bss                   = $C000 ; const, local, , msx_crt0, , D:/z88dk/lib/config/../../lib/target/msx/classic/rom.asm:204
__crt_model                     = $0002 ; const, local, , msx_crt0, , D:/z88dk/lib/config/../../lib/target/msx/classic/rom.asm:208
CLIB_OPT_PRINTF                 = $7FFFFFFF ; const, local, , msx_crt0, , D:/z88dk/lib/config/../../lib/crt/classic/crt_runtime_selection.asm:170
DEFINED_fputc_cons              = $0001 ; const, local, , msx_crt0, , D:/z88dk/lib/config/../../lib/crt/classic/crt_runtime_selection.asm:516
crt0_exit                       = $4095 ; addr, local, , msx_crt0, code_crt_exit, D:/z88dk/lib/config/../../lib/crt/classic/crt_section.asm:100
mainsp                          = $C070 ; addr, local, , msx_crt0, bss_driver, D:/z88dk/lib/config/../../lib/target/msx/classic/rom.asm:228
tempstack                       = $C072 ; addr, local, , msx_crt0, bss_driver, D:/z88dk/lib/config/../../lib/target/msx/classic/rom.asm:230
tempsp                          = $C0EF ; addr, local, , msx_crt0, data_driver, D:/z88dk/lib/config/../../lib/target/msx/classic/rom.asm:234
PLY_AKM_START                   = $C0F1 ; addr, local, , playerZ88dk_asm, data_user, .\player\playerZ88dk.asm:16
PLY_AKM_DATA_OFFSETWAITEMPTYCELL = $C0F1 ; addr, local, , playerZ88dk_asm, data_user, .\player\playerZ88dk.asm:17
PLY_AKM_OFFSET2B                = $C0F1 ; addr, local, , playerZ88dk_asm, data_user, .\player\playerZ88dk.asm:18
PLY_AKM_OFFSET1B                = $C0F1 ; addr, local, , playerZ88dk_asm, data_user, .\player\playerZ88dk.asm:19
PLY_AKM_DATA_OFFSETPTTRACK      = $C0F4 ; addr, local, , playerZ88dk_asm, data_user, .\player\playerZ88dk.asm:24
PLY_AKM_SOUNDEFFECTDATA_OFFSETCURRENTSTEP = $C0F4 ; addr, local, , playerZ88dk_asm, data_user, .\player\playerZ88dk.asm:25
PLY_AKM_DATA_OFFSETESCAPENOTE   = $C0F7 ; addr, local, , playerZ88dk_asm, data_user, .\player\playerZ88dk.asm:30
PLY_AKM_INITVARS_END            = $C302 ; addr, local, , playerZ88dk_asm, data_user, .\player\playerZ88dk.asm:353
PLY_AKM_DATA_OFFSETPTINSTRUMENT = $C0FA ; addr, local, , playerZ88dk_asm, data_user, .\player\playerZ88dk.asm:34
PLY_AKM_REGISTERS_OFFSETSOFTWAREPERIODMSB = $C0FA ; addr, local, , playerZ88dk_asm, data_user, .\player\playerZ88dk.asm:35
PLY_AKM_PTSOUNDEFFECTTABLE      = $D0EA ; addr, local, , playerZ88dk_asm, data_user, .\player\playerZ88dk.asm:3437
PLY_AKM_DATA_OFFSETINSTRUMENTSPEED = $C0FD ; addr, local, , playerZ88dk_asm, data_user, .\player\playerZ88dk.asm:37
PLY_AKM_DATA_OFFSETTRACKINVERTEDVOLUME = $C0FE ; addr, local, , playerZ88dk_asm, data_user, .\player\playerZ88dk.asm:40
PLY_AKM_DATA_OFFSETISPITCHUPDOWNUSED = $C0FF ; addr, local, , playerZ88dk_asm, data_user, .\player\playerZ88dk.asm:43
PLY_AKM_DATA_OFFSETTRACKPITCHDECIMAL = $C102 ; addr, local, , playerZ88dk_asm, data_user, .\player\playerZ88dk.asm:45
PLY_AKM_DATA_OFFSETTRACKPITCHSPEED = $C103 ; addr, local, , playerZ88dk_asm, data_user, .\player\playerZ88dk.asm:47
PLY_AKM_DATA_OFFSETISARPEGGIOTABLEUSED = $C105 ; addr, local, , playerZ88dk_asm, data_user, .\player\playerZ88dk.asm:49
PLY_AKM_DATA_OFFSETPTARPEGGIOTABLE = $C106 ; addr, local, , playerZ88dk_asm, data_user, .\player\playerZ88dk.asm:51
PLY_AKM_DATA_OFFSETPTARPEGGIOOFFSET = $C108 ; addr, local, , playerZ88dk_asm, data_user, .\player\playerZ88dk.asm:54
PLY_AKM_DATA_OFFSETARPEGGIOCURRENTSTEP = $C109 ; addr, local, , playerZ88dk_asm, data_user, .\player\playerZ88dk.asm:56
PLY_AKM_DATA_OFFSETARPEGGIOORIGINALSPEED = $C10A ; addr, local, , playerZ88dk_asm, data_user, .\player\playerZ88dk.asm:58
PLY_AKM_DATA_OFFSETCURRENTARPEGGIOVALUE = $C10B ; addr, local, , playerZ88dk_asm, data_user, .\player\playerZ88dk.asm:60
PLY_AKM_DATA_OFFSETISPITCHTABLEUSED = $C10C ; addr, local, , playerZ88dk_asm, data_user, .\player\playerZ88dk.asm:62
PLY_AKM_DATA_OFFSETPTPITCHTABLE = $C10D ; addr, local, , playerZ88dk_asm, data_user, .\player\playerZ88dk.asm:64
PLY_AKM_CHANNEL1_SOUNDEFFECTDATA = $D0C6 ; addr, local, , playerZ88dk_asm, data_user, .\player\playerZ88dk.asm:3401
PLY_AKM_DATA_OFFSETPITCHORIGINALSPEED = $C111 ; addr, local, , playerZ88dk_asm, data_user, .\player\playerZ88dk.asm:70
PLY_AKM_STOPSOUNDEFFECTFROMCHANNEL = $C126 ; addr, local, , playerZ88dk_asm, data_user, .\player\playerZ88dk.asm:87
PLY_AKM_PLAYSOUNDEFFECTSSTREAM  = $C134 ; addr, local, , playerZ88dk_asm, data_user, .\player\playerZ88dk.asm:99
PLY_AKM_TRACK1_REGISTERS        = $D10A ; addr, local, , playerZ88dk_asm, data_user, .\player\playerZ88dk.asm:3469
PLY_AKM_PSES_PLAY               = $C162 ; addr, local, , playerZ88dk_asm, data_user, .\player\playerZ88dk.asm:118
PLY_AKM_CHANNEL2_SOUNDEFFECTDATA = $D0C8 ; addr, local, , playerZ88dk_asm, data_user, .\player\playerZ88dk.asm:3403
PLY_AKM_TRACK2_REGISTERS        = $D118 ; addr, local, , playerZ88dk_asm, data_user, .\player\playerZ88dk.asm:3483
PLY_AKM_CHANNEL3_SOUNDEFFECTDATA = $D0CA ; addr, local, , playerZ88dk_asm, data_user, .\player\playerZ88dk.asm:3405
PLY_AKM_TRACK3_REGISTERS        = $D126 ; addr, local, , playerZ88dk_asm, data_user, .\player\playerZ88dk.asm:3497
PLY_AKM_MIXERREGISTER           = $D0D6 ; addr, local, , playerZ88dk_asm, data_user, .\player\playerZ88dk.asm:3417
PLY_AKM_PSES_READFIRSTBYTE      = $C16B ; addr, local, , playerZ88dk_asm, data_user, .\player\playerZ88dk.asm:124
PLY_AKM_PSES_SOFTWAREORSOFTWAREANDHARDWARE = $C1B2 ; addr, local, , playerZ88dk_asm, data_user, .\player\playerZ88dk.asm:171
PLY_AKM_PSES_HARDWAREONLY       = $C1AB ; addr, local, , playerZ88dk_asm, data_user, .\player\playerZ88dk.asm:167
PLY_AKM_PSES_S_ENDORLOOP        = $C183 ; addr, local, , playerZ88dk_asm, data_user, .\player\playerZ88dk.asm:139
PLY_AKM_PSES_MANAGEVOLUMEFROMA_FILTER4BITS = $C20F ; addr, local, , playerZ88dk_asm, data_user, .\player\playerZ88dk.asm:228
PLY_AKM_PSES_READNOISEIFNEEDEDANDOPENORCLOSENOISECHANNEL = $C1EC ; addr, local, , playerZ88dk_asm, data_user, .\player\playerZ88dk.asm:202
PLY_AKM_PSES_SAVEPOINTERANDEXIT = $C194 ; addr, local, , playerZ88dk_asm, data_user, .\player\playerZ88dk.asm:152
PLY_AKM_PSES_S_LOOP             = $C18E ; addr, local, , playerZ88dk_asm, data_user, .\player\playerZ88dk.asm:146
PLY_AKM_PSES_NOTREACHED         = $C1A7 ; addr, local, , playerZ88dk_asm, data_user, .\player\playerZ88dk.asm:164
PLY_AKM_PSES_SHARED_READRETRIGHARDWAREENVPERIODNOISE = $C1CE ; addr, local, , playerZ88dk_asm, data_user, .\player\playerZ88dk.asm:186
PLY_AKM_PSES_SOFTWAREANDHARDWARE = $C1C4 ; addr, local, , playerZ88dk_asm, data_user, .\player\playerZ88dk.asm:181
PLY_AKM_PSES_READSOFTWAREPERIOD = $C204 ; addr, local, , playerZ88dk_asm, data_user, .\player\playerZ88dk.asm:220
PLY_AKM_PSES_H_AFTERRETRIG      = $C1D8 ; addr, local, , playerZ88dk_asm, data_user, .\player\playerZ88dk.asm:193
PLY_AKM_SETREG13OLD             = $D0FA ; addr, local, , playerZ88dk_asm, data_user, .\player\playerZ88dk.asm:3453
PLY_AKM_SETREG13                = $D0F8 ; addr, local, , playerZ88dk_asm, data_user, .\player\playerZ88dk.asm:3451
PLY_AKM_PSES_READHARDWAREPERIOD = $C1F9 ; addr, local, , playerZ88dk_asm, data_user, .\player\playerZ88dk.asm:212
PLY_AKM_PSES_MANAGEVOLUMEFROMA_HARD = $C211 ; addr, local, , playerZ88dk_asm, data_user, .\player\playerZ88dk.asm:230
PLY_AKM_PSES_READNOISEANDOPENNOISECHANNEL_OPENNOISE = $C1F1 ; addr, local, , playerZ88dk_asm, data_user, .\player\playerZ88dk.asm:206
PLY_AKM_NOISEREGISTER           = $D0D8 ; addr, local, , playerZ88dk_asm, data_user, .\player\playerZ88dk.asm:3419
PLY_AKM_REG11                   = $D0EC ; addr, local, , playerZ88dk_asm, data_user, .\player\playerZ88dk.asm:3439
PLY_AKM_REG12                   = $D0EE ; addr, local, , playerZ88dk_asm, data_user, .\player\playerZ88dk.asm:3441
PLY_AKM_PSES_MVFA_NOOVERFLOW    = $C217 ; addr, local, , playerZ88dk_asm, data_user, .\player\playerZ88dk.asm:234
PLY_AKM_PTINSTRUMENTS           = $D0E4 ; addr, local, , playerZ88dk_asm, data_user, .\player\playerZ88dk.asm:3431
PLY_AKM_PTARPEGGIOS             = $D0E2 ; addr, local, , playerZ88dk_asm, data_user, .\player\playerZ88dk.asm:3429
PLY_AKM_PTPITCHES               = $D0E8 ; addr, local, , playerZ88dk_asm, data_user, .\player\playerZ88dk.asm:3435
PLY_AKM_INITVARS_START          = $C2E8 ; addr, local, , playerZ88dk_asm, data_user, .\player\playerZ88dk.asm:339
PLY_AKM_INITVARS_LOOP           = $C23F ; addr, local, , playerZ88dk_asm, data_user, .\player\playerZ88dk.asm:257
PLY_AKM_PATTERNREMAININGHEIGHT  = $D0DC ; addr, local, , playerZ88dk_asm, data_user, .\player\playerZ88dk.asm:3423
PLY_AKM_PTLINKER                = $D0E6 ; addr, local, , playerZ88dk_asm, data_user, .\player\playerZ88dk.asm:3433
PLY_AKM_TRACK1_WAITEMPTYCELL    = $D10E ; addr, local, , playerZ88dk_asm, data_user, .\player\playerZ88dk.asm:3473
PLY_AKM_TRACK1_PTSTARTTRACK     = $D108 ; addr, local, , playerZ88dk_asm, data_user, .\player\playerZ88dk.asm:3467
PLY_AKM_RT_READEFFECTSFLAG      = $D0F0 ; addr, local, , playerZ88dk_asm, data_user, .\player\playerZ88dk.asm:3443
PLY_AKM_SPEED                   = $D0FC ; addr, local, , playerZ88dk_asm, data_user, .\player\playerZ88dk.asm:3455
PLY_AKM_TICKCOUNTER             = $D0FE ; addr, local, , playerZ88dk_asm, data_user, .\player\playerZ88dk.asm:3457
PLY_AKM_TRACK1_PTINSTRUMENT     = $D106 ; addr, local, , playerZ88dk_asm, data_user, .\player\playerZ88dk.asm:3465
PLY_AKM_TRACK2_PTINSTRUMENT     = $D116 ; addr, local, , playerZ88dk_asm, data_user, .\player\playerZ88dk.asm:3481
PLY_AKM_TRACK3_PTINSTRUMENT     = $D124 ; addr, local, , playerZ88dk_asm, data_user, .\player\playerZ88dk.asm:3495
PLY_AKM_REGISTERSFORROM         = $C2DB ; addr, local, , playerZ88dk_asm, data_user, .\player\playerZ88dk.asm:325
PLY_AKM_SENDPSGREGISTER         = $C405 ; addr, local, , playerZ88dk_asm, data_user, .\player\playerZ88dk.asm:465
PLY_AKM_INITROM_LOOP            = $C29B ; addr, local, , playerZ88dk_asm, data_user, .\player\playerZ88dk.asm:296
PLY_AKM_INITROM_SPECIAL         = $C2B9 ; addr, local, , playerZ88dk_asm, data_user, .\player\playerZ88dk.asm:310
PLY_AKM_INITROM_WRITEENDCODE    = $C2D1 ; addr, local, , playerZ88dk_asm, data_user, .\player\playerZ88dk.asm:320
PLY_AKM_SENDPSGREGISTERR13      = $C40D ; addr, local, , playerZ88dk_asm, data_user, .\player\playerZ88dk.asm:473
PLY_AKM_SENDPSGREGISTERAFTERPOP = $C406 ; addr, local, , playerZ88dk_asm, data_user, .\player\playerZ88dk.asm:467
PLY_AKM_SENDPSGREGISTEREND      = $C41E ; addr, local, , playerZ88dk_asm, data_user, .\player\playerZ88dk.asm:483
PLY_AKM_NOTEINDEXTABLE          = $D0DA ; addr, local, , playerZ88dk_asm, data_user, .\player\playerZ88dk.asm:3421
PLY_AKM_TRACKINDEX              = $D12C ; addr, local, , playerZ88dk_asm, data_user, .\player\playerZ88dk.asm:3503
PLY_AKM_PRIMARYINSTRUMENT       = $D0DE ; addr, local, , playerZ88dk_asm, data_user, .\player\playerZ88dk.asm:3425
PLY_AKM_SECONDARYINSTRUMENT     = $D0F4 ; addr, local, , playerZ88dk_asm, data_user, .\player\playerZ88dk.asm:3447
PLY_AKM_PRIMARYWAIT             = $D0E0 ; addr, local, , playerZ88dk_asm, data_user, .\player\playerZ88dk.asm:3427
PLY_AKM_SECONDARYWAIT           = $D0F6 ; addr, local, , playerZ88dk_asm, data_user, .\player\playerZ88dk.asm:3449
PLY_AKM_DEFAULTSTARTNOTEINTRACKS = $D0CE ; addr, local, , playerZ88dk_asm, data_user, .\player\playerZ88dk.asm:3409
PLY_AKM_DEFAULTSTARTINSTRUMENTINTRACKS = $D0CC ; addr, local, , playerZ88dk_asm, data_user, .\player\playerZ88dk.asm:3407
PLY_AKM_DEFAULTSTARTWAITINTRACKS = $D0D0 ; addr, local, , playerZ88dk_asm, data_user, .\player\playerZ88dk.asm:3411
PLY_AKM_FLAGNOTEANDEFFECTINCELL = $D0D2 ; addr, local, , playerZ88dk_asm, data_user, .\player\playerZ88dk.asm:3413
PLY_AKM_SAVESP                  = $D0F2 ; addr, local, , playerZ88dk_asm, data_user, .\player\playerZ88dk.asm:3445
PLY_AKM_TRACK1_VOLUME           = $D10C ; addr, local, , playerZ88dk_asm, data_user, .\player\playerZ88dk.asm:3471
PLY_AKM_TRACK2_VOLUME           = $D11A ; addr, local, , playerZ88dk_asm, data_user, .\player\playerZ88dk.asm:3485
PLY_AKM_TRACK3_VOLUME           = $D128 ; addr, local, , playerZ88dk_asm, data_user, .\player\playerZ88dk.asm:3499
PLY_AKM_SENDPSG                 = $C402 ; addr, local, , playerZ88dk_asm, data_user, .\player\playerZ88dk.asm:463
PLY_AKM_TICKCOUNTERMANAGED      = $C3C6 ; addr, local, , playerZ88dk_asm, data_user, .\player\playerZ88dk.asm:441
PLY_AKM_LINKER                  = $C334 ; addr, local, , playerZ88dk_asm, data_user, .\player\playerZ88dk.asm:376
PLY_AKM_READLINE                = $C3A7 ; addr, local, , playerZ88dk_asm, data_user, .\player\playerZ88dk.asm:430
PLY_AKM_LINKERPOSTPT            = $C33C ; addr, local, , playerZ88dk_asm, data_user, .\player\playerZ88dk.asm:380
PLY_AKM_TRACK2_WAITEMPTYCELL    = $D11C ; addr, local, , playerZ88dk_asm, data_user, .\player\playerZ88dk.asm:3487
PLY_AKM_TRACK3_WAITEMPTYCELL    = $D12A ; addr, local, , playerZ88dk_asm, data_user, .\player\playerZ88dk.asm:3501
PLY_AKM_TRACK1_ESCAPENOTE       = $D102 ; addr, local, , playerZ88dk_asm, data_user, .\player\playerZ88dk.asm:3461
PLY_AKM_TRACK2_ESCAPENOTE       = $D112 ; addr, local, , playerZ88dk_asm, data_user, .\player\playerZ88dk.asm:3477
PLY_AKM_TRACK3_ESCAPENOTE       = $D120 ; addr, local, , playerZ88dk_asm, data_user, .\player\playerZ88dk.asm:3491
PLY_AKM_TRACK1_ESCAPEINSTRUMENT = $D100 ; addr, local, , playerZ88dk_asm, data_user, .\player\playerZ88dk.asm:3459
PLY_AKM_TRACK2_ESCAPEINSTRUMENT = $D110 ; addr, local, , playerZ88dk_asm, data_user, .\player\playerZ88dk.asm:3475
PLY_AKM_TRACK3_ESCAPEINSTRUMENT = $D11E ; addr, local, , playerZ88dk_asm, data_user, .\player\playerZ88dk.asm:3489
PLY_AKM_TRACK1_ESCAPEWAIT       = $D104 ; addr, local, , playerZ88dk_asm, data_user, .\player\playerZ88dk.asm:3463
PLY_AKM_TRACK2_ESCAPEWAIT       = $D114 ; addr, local, , playerZ88dk_asm, data_user, .\player\playerZ88dk.asm:3479
PLY_AKM_TRACK3_ESCAPEWAIT       = $D122 ; addr, local, , playerZ88dk_asm, data_user, .\player\playerZ88dk.asm:3493
PLY_AKM_LINKERAFTERSPEEDCHANGE  = $C37E ; addr, local, , playerZ88dk_asm, data_user, .\player\playerZ88dk.asm:412
PLY_AKM_LINKERSPEEDCHANGE       = $C37B ; addr, local, , playerZ88dk_asm, data_user, .\player\playerZ88dk.asm:410
PLY_AKM_LINKERUSEPREVIOUSHEIGHT = $C389 ; addr, local, , playerZ88dk_asm, data_user, .\player\playerZ88dk.asm:419
PLY_AKM_LINKERPREVIOUSREMAININGHEIGHT = $D0D4 ; addr, local, , playerZ88dk_asm, data_user, .\player\playerZ88dk.asm:3415
PLY_AKM_LINKERSETREMAININGHEIGHT = $C38C ; addr, local, , playerZ88dk_asm, data_user, .\player\playerZ88dk.asm:421
PLY_AKM_CHECKTRANSPOSITIONANDTRACK = $C423 ; addr, local, , playerZ88dk_asm, data_user, .\player\playerZ88dk.asm:486
PLY_AKM_READTRACK               = $C468 ; addr, local, , playerZ88dk_asm, data_user, .\player\playerZ88dk.asm:536
PLY_AKM_PERIODTABLE             = $C7A9 ; addr, local, , playerZ88dk_asm, data_user, .\player\playerZ88dk.asm:1058
PLY_AKM_MANAGEEFFECTS           = $C56D ; addr, local, , playerZ88dk_asm, data_user, .\player\playerZ88dk.asm:709
PLY_AKM_PLAYSOUNDSTREAM         = $C60C ; addr, local, , playerZ88dk_asm, data_user, .\player\playerZ88dk.asm:798
PLY_AKM_CHECKTRANSPOSITIONANDTRACK_NONEWTRACK = $C45B ; addr, local, , playerZ88dk_asm, data_user, .\player\playerZ88dk.asm:530
PLY_AKM_CHECKTRANSPOSITIONANDTRACK_TRACKOFFSET = $C445 ; addr, local, , playerZ88dk_asm, data_user, .\player\playerZ88dk.asm:507
PLY_AKM_RT_NOEMPTYCELL          = $C473 ; addr, local, , playerZ88dk_asm, data_user, .\player\playerZ88dk.asm:542
PLY_AKM_RT_GETDATABYTE          = $C479 ; addr, local, , playerZ88dk_asm, data_user, .\player\playerZ88dk.asm:545
PLY_AKM_RT_NOTEREFERENCE        = $C4AB ; addr, local, , playerZ88dk_asm, data_user, .\player\playerZ88dk.asm:577
PLY_AKM_RT_NOTEANDEFFECTS       = $C49B ; addr, local, , playerZ88dk_asm, data_user, .\player\playerZ88dk.asm:567
PLY_AKM_RT_NONOTEMAYBEEFFECTS   = $C4A1 ; addr, local, , playerZ88dk_asm, data_user, .\player\playerZ88dk.asm:571
PLY_AKM_RT_NEWESCAPENOTE        = $C494 ; addr, local, , playerZ88dk_asm, data_user, .\player\playerZ88dk.asm:562
PLY_AKM_RT_AFTERNOTEREAD        = $C4B2 ; addr, local, , playerZ88dk_asm, data_user, .\player\playerZ88dk.asm:584
PLY_AKM_RT_READWAITFLAGS        = $C505 ; addr, local, , playerZ88dk_asm, data_user, .\player\playerZ88dk.asm:634
PLY_AKM_RT_SAMEESCAPEINSTRUMENT = $C4C9 ; addr, local, , playerZ88dk_asm, data_user, .\player\playerZ88dk.asm:597
PLY_AKM_RT_PRIMARYINSTRUMENT    = $C4D3 ; addr, local, , playerZ88dk_asm, data_user, .\player\playerZ88dk.asm:603
PLY_AKM_RT_SECONDARYINSTRUMENT  = $C4CE ; addr, local, , playerZ88dk_asm, data_user, .\player\playerZ88dk.asm:600
PLY_AKM_RT_STORECURRENTINSTRUMENT = $C4D6 ; addr, local, , playerZ88dk_asm, data_user, .\player\playerZ88dk.asm:605
PLY_AKM_RT_SAMEESCAPEWAIT       = $C519 ; addr, local, , playerZ88dk_asm, data_user, .\player\playerZ88dk.asm:646
PLY_AKM_RT_PRIMARYWAIT          = $C51E ; addr, local, , playerZ88dk_asm, data_user, .\player\playerZ88dk.asm:649
PLY_AKM_RT_SECONDARYWAIT        = $C523 ; addr, local, , playerZ88dk_asm, data_user, .\player\playerZ88dk.asm:652
PLY_AKM_RT_STORECURRENTWAIT     = $C526 ; addr, local, , playerZ88dk_asm, data_user, .\player\playerZ88dk.asm:654
PLY_AKM_RT_READEFFECTS          = $C536 ; addr, local, , playerZ88dk_asm, data_user, .\player\playerZ88dk.asm:667
PLY_AKM_RT_AFTEREFFECTS         = $C52F ; addr, local, , playerZ88dk_asm, data_user, .\player\playerZ88dk.asm:659
PLY_AKM_RT_READEFFECT           = $C53A ; addr, local, , playerZ88dk_asm, data_user, .\player\playerZ88dk.asm:670
PLY_AKM_EFFECTTABLE             = $C711 ; addr, local, , playerZ88dk_asm, data_user, .\player\playerZ88dk.asm:967
PLY_AKM_RT_READEFFECT_RETURN    = $C551 ; addr, local, , playerZ88dk_asm, data_user, .\player\playerZ88dk.asm:686
PLY_AKM_RT_WAITLONG             = $C557 ; addr, local, , playerZ88dk_asm, data_user, .\player\playerZ88dk.asm:690
PLY_AKM_RT_CELLREAD             = $C566 ; addr, local, , playerZ88dk_asm, data_user, .\player\playerZ88dk.asm:701
PLY_AKM_RT_WAITSHORT            = $C55E ; addr, local, , playerZ88dk_asm, data_user, .\player\playerZ88dk.asm:695
PLY_AKM_ME_PITCHUPDOWNFINISHED  = $C59B ; addr, local, , playerZ88dk_asm, data_user, .\player\playerZ88dk.asm:737
PLY_AKM_ME_PITCHUPDOWN_NEGATIVESPEED = $C58B ; addr, local, , playerZ88dk_asm, data_user, .\player\playerZ88dk.asm:724
PLY_AKM_ME_PITCHUPDOWN_POSITIVESPEED = $C586 ; addr, local, , playerZ88dk_asm, data_user, .\player\playerZ88dk.asm:720
PLY_AKM_ME_PITCHUPDOWN_SAVE     = $C592 ; addr, local, , playerZ88dk_asm, data_user, .\player\playerZ88dk.asm:729
PLY_AKM_ME_ARPEGGIOTABLEFINISHED = $C5D1 ; addr, local, , playerZ88dk_asm, data_user, .\player\playerZ88dk.asm:764
PLY_AKM_ME_ARPEGGIOTABLE_SPEEDNOTREACHED = $C5CD ; addr, local, , playerZ88dk_asm, data_user, .\player\playerZ88dk.asm:761
PLY_AKM_ME_PITCHTABLEENDNOTREACHED_POSITIVE = $C5E9 ; addr, local, , playerZ88dk_asm, data_user, .\player\playerZ88dk.asm:777
PLY_AKM_ME_PITCHTABLE_SPEEDNOTREACHED = $C607 ; addr, local, , playerZ88dk_asm, data_user, .\player\playerZ88dk.asm:794
PLY_AKM_PSS_READFIRSTBYTE       = $C612 ; addr, local, , playerZ88dk_asm, data_user, .\player\playerZ88dk.asm:801
PLY_AKM_PSS_SOFTORSOFTANDHARD   = $C639 ; addr, local, , playerZ88dk_asm, data_user, .\player\playerZ88dk.asm:829
PLY_AKM_PSS_SOFTWARETOHARDWARE  = $C684 ; addr, local, , playerZ88dk_asm, data_user, .\player\playerZ88dk.asm:874
PLY_AKM_PSS_NSNH_NOTENDOFSOUND  = $C62A ; addr, local, , playerZ88dk_asm, data_user, .\player\playerZ88dk.asm:822
PLY_AKM_PSS_SHARED_ADJUSTVOLUME = $C6BE ; addr, local, , playerZ88dk_asm, data_user, .\player\playerZ88dk.asm:910
PLY_AKM_PSS_READNOISE           = $C6C6 ; addr, local, , playerZ88dk_asm, data_user, .\player\playerZ88dk.asm:916
PLY_AKM_PSS_SHARED_STOREINSTRUMENTPOINTER = $C65E ; addr, local, , playerZ88dk_asm, data_user, .\player\playerZ88dk.asm:850
PLY_AKM_PSS_SOFTANDHARD         = $C675 ; addr, local, , playerZ88dk_asm, data_user, .\player\playerZ88dk.asm:865
PLY_AKM_PSS_S_AFTERARPANDORNOISE = $C650 ; addr, local, , playerZ88dk_asm, data_user, .\player\playerZ88dk.asm:842
PLY_AKM_CALCULATEPERIODFORBASENOTE = $C6CE ; addr, local, , playerZ88dk_asm, data_user, .\player\playerZ88dk.asm:922
PLY_AKM_PSS_S_SPEEDREACHED      = $C66A ; addr, local, , playerZ88dk_asm, data_user, .\player\playerZ88dk.asm:856
PLY_AKM_PSS_SHARED_READENVBITPITCHARP_SOFTPERIOD_HARDVOL_HARDENV = $C6A6 ; addr, local, , playerZ88dk_asm, data_user, .\player\playerZ88dk.asm:898
PLY_AKM_PSS_STH_RATIOEND        = $C69B ; addr, local, , playerZ88dk_asm, data_user, .\player\playerZ88dk.asm:891
PLY_AKM_PSS_STH_RATIOLOOP       = $C691 ; addr, local, , playerZ88dk_asm, data_user, .\player\playerZ88dk.asm:884
PLY_AKM_FINDOCTAVE_LOOP         = $C6DA ; addr, local, , playerZ88dk_asm, data_user, .\player\playerZ88dk.asm:928
PLY_AKM_FINDOCTAVE_OCTAVESHIFTLOOP_FINISHED = $C6F2 ; addr, local, , playerZ88dk_asm, data_user, .\player\playerZ88dk.asm:948
PLY_AKM_FINDOCTAVE_OCTAVESHIFTLOOP = $C6EC ; addr, local, , playerZ88dk_asm, data_user, .\player\playerZ88dk.asm:944
PLY_AKM_FINDOCTAVE_FINISHED     = $C6F5 ; addr, local, , playerZ88dk_asm, data_user, .\player\playerZ88dk.asm:951
PLY_AKM_CALCULATEPERIODFORBASENOTE_NOPITCHTABLE = $C702 ; addr, local, , playerZ88dk_asm, data_user, .\player\playerZ88dk.asm:958
PLY_AKM_EFFECTVOLUME            = $C70B ; addr, local, , playerZ88dk_asm, data_user, .\player\playerZ88dk.asm:964
PLY_AKM_EFFECTPITCHUPDOWN       = $C71F ; addr, local, , playerZ88dk_asm, data_user, .\player\playerZ88dk.asm:975
PLY_AKM_EFFECTARPEGGIOTABLE     = $C73A ; addr, local, , playerZ88dk_asm, data_user, .\player\playerZ88dk.asm:989
PLY_AKM_EFFECTPITCHTABLE        = $C771 ; addr, local, , playerZ88dk_asm, data_user, .\player\playerZ88dk.asm:1022
PLY_AKM_EFFECTPITCHUPDOWN_DEACTIVATED = $C733 ; addr, local, , playerZ88dk_asm, data_user, .\player\playerZ88dk.asm:986
PLY_AKM_EFFECTREADIFESCAPE      = $C7A3 ; addr, local, , playerZ88dk_asm, data_user, .\player\playerZ88dk.asm:1052
PLY_AKM_EFFECTARPEGGIOTABLE_STOP = $C76B ; addr, local, , playerZ88dk_asm, data_user, .\player\playerZ88dk.asm:1019
PLY_AKM_END                     = $C7C1 ; addr, local, , playerZ88dk_asm, data_user, .\player\playerZ88dk.asm:1071
JUSTADDCREAM_START              = $C7C1 ; addr, local, , playerZ88dk_asm, data_user, .\player\playerZ88dk.asm:1073
JUSTADDCREAM_INSTRUMENTINDEXES  = $C7C9 ; addr, local, , playerZ88dk_asm, data_user, .\player\playerZ88dk.asm:1078
JUSTADDCREAM_ARPEGGIOINDEXES    = $C865 ; addr, local, , playerZ88dk_asm, data_user, .\player\playerZ88dk.asm:1233
JUSTADDCREAM_PITCHINDEXES       = $C87A ; addr, local, , playerZ88dk_asm, data_user, .\player\playerZ88dk.asm:1255
JUSTADDCREAM_SUBSONG0           = $C887 ; addr, local, , playerZ88dk_asm, data_user, .\player\playerZ88dk.asm:1269
JUSTADDCREAM_INSTRUMENT0        = $C7E1 ; addr, local, , playerZ88dk_asm, data_user, .\player\playerZ88dk.asm:1091
JUSTADDCREAM_INSTRUMENT1        = $C7E6 ; addr, local, , playerZ88dk_asm, data_user, .\player\playerZ88dk.asm:1097
JUSTADDCREAM_INSTRUMENT2        = $C7F1 ; addr, local, , playerZ88dk_asm, data_user, .\player\playerZ88dk.asm:1108
JUSTADDCREAM_INSTRUMENT3        = $C7FF ; addr, local, , playerZ88dk_asm, data_user, .\player\playerZ88dk.asm:1122
JUSTADDCREAM_INSTRUMENT4        = $C80B ; addr, local, , playerZ88dk_asm, data_user, .\player\playerZ88dk.asm:1135
JUSTADDCREAM_INSTRUMENT5        = $C813 ; addr, local, , playerZ88dk_asm, data_user, .\player\playerZ88dk.asm:1144
JUSTADDCREAM_INSTRUMENT6        = $C81E ; addr, local, , playerZ88dk_asm, data_user, .\player\playerZ88dk.asm:1156
JUSTADDCREAM_INSTRUMENT7        = $C82B ; addr, local, , playerZ88dk_asm, data_user, .\player\playerZ88dk.asm:1170
JUSTADDCREAM_INSTRUMENT8        = $C833 ; addr, local, , playerZ88dk_asm, data_user, .\player\playerZ88dk.asm:1179
JUSTADDCREAM_INSTRUMENT9        = $C838 ; addr, local, , playerZ88dk_asm, data_user, .\player\playerZ88dk.asm:1185
JUSTADDCREAM_INSTRUMENT10       = $C847 ; addr, local, , playerZ88dk_asm, data_user, .\player\playerZ88dk.asm:1201
JUSTADDCREAM_INSTRUMENT11       = $C856 ; addr, local, , playerZ88dk_asm, data_user, .\player\playerZ88dk.asm:1217
JUSTADDCREAM_INSTRUMENT0LOOP    = $C7E2 ; addr, local, , playerZ88dk_asm, data_user, .\player\playerZ88dk.asm:1093
JUSTADDCREAM_INSTRUMENT3LOOP    = $C806 ; addr, local, , playerZ88dk_asm, data_user, .\player\playerZ88dk.asm:1130
JUSTADDCREAM_INSTRUMENT4LOOP    = $C80F ; addr, local, , playerZ88dk_asm, data_user, .\player\playerZ88dk.asm:1140
JUSTADDCREAM_INSTRUMENT5LOOP    = $C81A ; addr, local, , playerZ88dk_asm, data_user, .\player\playerZ88dk.asm:1152
JUSTADDCREAM_INSTRUMENT6LOOP    = $C827 ; addr, local, , playerZ88dk_asm, data_user, .\player\playerZ88dk.asm:1166
JUSTADDCREAM_INSTRUMENT7LOOP    = $C82F ; addr, local, , playerZ88dk_asm, data_user, .\player\playerZ88dk.asm:1175
JUSTADDCREAM_INSTRUMENT8LOOP    = $C834 ; addr, local, , playerZ88dk_asm, data_user, .\player\playerZ88dk.asm:1181
JUSTADDCREAM_INSTRUMENT9LOOP    = $C83E ; addr, local, , playerZ88dk_asm, data_user, .\player\playerZ88dk.asm:1192
JUSTADDCREAM_INSTRUMENT10LOOP   = $C84D ; addr, local, , playerZ88dk_asm, data_user, .\player\playerZ88dk.asm:1208
JUSTADDCREAM_INSTRUMENT11LOOP   = $C85C ; addr, local, , playerZ88dk_asm, data_user, .\player\playerZ88dk.asm:1224
JUSTADDCREAM_ARPEGGIO1          = $C86B ; addr, local, , playerZ88dk_asm, data_user, .\player\playerZ88dk.asm:1237
JUSTADDCREAM_ARPEGGIO2          = $C870 ; addr, local, , playerZ88dk_asm, data_user, .\player\playerZ88dk.asm:1243
JUSTADDCREAM_ARPEGGIO3          = $C875 ; addr, local, , playerZ88dk_asm, data_user, .\player\playerZ88dk.asm:1249
JUSTADDCREAM_PITCH1             = $C87C ; addr, local, , playerZ88dk_asm, data_user, .\player\playerZ88dk.asm:1257
JUSTADDCREAM_SUBSONG0_NOTEINDEXES = $D0BA ; addr, local, , playerZ88dk_asm, data_user, .\player\playerZ88dk.asm:3388
JUSTADDCREAM_SUBSONG0_TRACKINDEXES = $C90A ; addr, local, , playerZ88dk_asm, data_user, .\player\playerZ88dk.asm:1399
JUSTADDCREAM_SUBSONG0_LOOP      = $C8AB ; addr, local, , playerZ88dk_asm, data_user, .\player\playerZ88dk.asm:1304
JUSTADDCREAM_SUBSONG0_TRACK3    = $C9B3 ; addr, local, , playerZ88dk_asm, data_user, .\player\playerZ88dk.asm:1561
JUSTADDCREAM_SUBSONG0_TRACK4    = $CA19 ; addr, local, , playerZ88dk_asm, data_user, .\player\playerZ88dk.asm:1664
JUSTADDCREAM_SUBSONG0_TRACK27   = $CFF1 ; addr, local, , playerZ88dk_asm, data_user, .\player\playerZ88dk.asm:3183
JUSTADDCREAM_SUBSONG0_TRACK5    = $CA80 ; addr, local, , playerZ88dk_asm, data_user, .\player\playerZ88dk.asm:1768
JUSTADDCREAM_SUBSONG0_TRACK0    = $C920 ; addr, local, , playerZ88dk_asm, data_user, .\player\playerZ88dk.asm:1411
JUSTADDCREAM_SUBSONG0_TRACK7    = $CBB8 ; addr, local, , playerZ88dk_asm, data_user, .\player\playerZ88dk.asm:2082
JUSTADDCREAM_SUBSONG0_TRACK8    = $CBE1 ; addr, local, , playerZ88dk_asm, data_user, .\player\playerZ88dk.asm:2124
JUSTADDCREAM_SUBSONG0_TRACK28   = $D02C ; addr, local, , playerZ88dk_asm, data_user, .\player\playerZ88dk.asm:3243
JUSTADDCREAM_SUBSONG0_TRACK2    = $C96D ; addr, local, , playerZ88dk_asm, data_user, .\player\playerZ88dk.asm:1490
JUSTADDCREAM_SUBSONG0_TRACK23   = $CE67 ; addr, local, , playerZ88dk_asm, data_user, .\player\playerZ88dk.asm:2785
JUSTADDCREAM_SUBSONG0_TRACK30   = $D0B8 ; addr, local, , playerZ88dk_asm, data_user, .\player\playerZ88dk.asm:3385
JUSTADDCREAM_SUBSONG0_TRACK1    = $C923 ; addr, local, , playerZ88dk_asm, data_user, .\player\playerZ88dk.asm:1415
JUSTADDCREAM_SUBSONG0_TRACK6    = $CB0E ; addr, local, , playerZ88dk_asm, data_user, .\player\playerZ88dk.asm:1911
JUSTADDCREAM_SUBSONG0_TRACK9    = $CC12 ; addr, local, , playerZ88dk_asm, data_user, .\player\playerZ88dk.asm:2174
JUSTADDCREAM_SUBSONG0_TRACK10   = $CC29 ; addr, local, , playerZ88dk_asm, data_user, .\player\playerZ88dk.asm:2198
JUSTADDCREAM_SUBSONG0_TRACK11   = $CC40 ; addr, local, , playerZ88dk_asm, data_user, .\player\playerZ88dk.asm:2222
JUSTADDCREAM_SUBSONG0_TRACK12   = $CC5E ; addr, local, , playerZ88dk_asm, data_user, .\player\playerZ88dk.asm:2253
JUSTADDCREAM_SUBSONG0_TRACK13   = $CC78 ; addr, local, , playerZ88dk_asm, data_user, .\player\playerZ88dk.asm:2280
JUSTADDCREAM_SUBSONG0_TRACK14   = $CCA9 ; addr, local, , playerZ88dk_asm, data_user, .\player\playerZ88dk.asm:2330
JUSTADDCREAM_SUBSONG0_TRACK15   = $CCDB ; addr, local, , playerZ88dk_asm, data_user, .\player\playerZ88dk.asm:2381
JUSTADDCREAM_SUBSONG0_TRACK16   = $CD13 ; addr, local, , playerZ88dk_asm, data_user, .\player\playerZ88dk.asm:2438
JUSTADDCREAM_SUBSONG0_TRACK17   = $CD4C ; addr, local, , playerZ88dk_asm, data_user, .\player\playerZ88dk.asm:2496
JUSTADDCREAM_SUBSONG0_TRACK18   = $CD5A ; addr, local, , playerZ88dk_asm, data_user, .\player\playerZ88dk.asm:2511
JUSTADDCREAM_SUBSONG0_TRACK19   = $CD86 ; addr, local, , playerZ88dk_asm, data_user, .\player\playerZ88dk.asm:2556
JUSTADDCREAM_SUBSONG0_TRACK20   = $CD8D ; addr, local, , playerZ88dk_asm, data_user, .\player\playerZ88dk.asm:2564
JUSTADDCREAM_SUBSONG0_TRACK21   = $CD9B ; addr, local, , playerZ88dk_asm, data_user, .\player\playerZ88dk.asm:2579
JUSTADDCREAM_SUBSONG0_TRACK22   = $CE02 ; addr, local, , playerZ88dk_asm, data_user, .\player\playerZ88dk.asm:2683
JUSTADDCREAM_SUBSONG0_TRACK24   = $CF0A ; addr, local, , playerZ88dk_asm, data_user, .\player\playerZ88dk.asm:2949
JUSTADDCREAM_SUBSONG0_TRACK25   = $CF45 ; addr, local, , playerZ88dk_asm, data_user, .\player\playerZ88dk.asm:3009
JUSTADDCREAM_SUBSONG0_TRACK26   = $CFAF ; addr, local, , playerZ88dk_asm, data_user, .\player\playerZ88dk.asm:3116
JUSTADDCREAM_SUBSONG0_TRACK29   = $D068 ; addr, local, , playerZ88dk_asm, data_user, .\player\playerZ88dk.asm:3304
i_2                             = $40CD ; addr, local, , principal_c, code_compiler, principal.c::main::0::3:40
i_1                             = $490C ; addr, local, , principal_c, rodata_compiler, principal.c::main::0::3:40
i_3                             = $40EA ; addr, local, , principal_c, code_compiler, principal.c::main::0::3:40
STANDARDESCAPECHARS             = $0001 ; const, local, , fputc_cons, , target/msx/stdio/fputc_cons.asm:0
FORmsx                          = $0001 ; const, local, , fputc_cons, , target/msx/stdio/fputc_cons.asm:0
CHPUT                           = $00A2 ; const, local, , fputc_cons, code_clib, /home/build/z88dk/build/z88dk/lib/config/../target/msx/def/msxbios.def:74
CLS                             = $00C3 ; const, local, , fputc_cons, code_clib, /home/build/z88dk/build/z88dk/lib/config/../target/msx/def/msxbios.def:86
nocrlf                          = $41A8 ; addr, local, , fputc_cons, code_clib, target/msx/stdio/fputc_cons.asm:48
nocls                           = $41B0 ; addr, local, , fputc_cons, code_clib, target/msx/stdio/fputc_cons.asm:52
fp_desc                         = $0000 ; const, local, , fputc_callee_c, , /home/build/z88dk/build/z88dk/lib/config//../..//include/stdio.h:127
fp_flags                        = $0002 ; const, local, , fputc_callee_c, , /home/build/z88dk/build/z88dk/lib/config//../..//include/stdio.h:127
fp_extra                        = $0004 ; const, local, , fputc_callee_c, , /home/build/z88dk/build/z88dk/lib/config//../..//include/stdio.h:127
_wrapper_fputc_callee           = $40EB ; addr, local, , fputc_callee_c, code_compiler, fputc_callee.c::wrapper_fputc_callee::0::0:23
_wrapper_fputc_callee_z80       = $40FA ; addr, local, , fputc_callee_c, code_compiler, fputc_callee.c::wrapper_fputc_callee_z80::0::1:57
no_string                       = $412F ; addr, local, , fputc_callee_c, code_compiler, fputc_callee.c::wrapper_fputc_callee_z80::0::1:57
print_char_to_buf               = $4116 ; addr, local, , fputc_callee_c, code_compiler, fputc_callee.c::wrapper_fputc_callee_z80::0::1:57
no_net                          = $4144 ; addr, local, , fputc_callee_c, code_compiler, fputc_callee.c::wrapper_fputc_callee_z80::0::1:57
no_cons                         = $4153 ; addr, local, , fputc_callee_c, code_compiler, fputc_callee.c::wrapper_fputc_callee_z80::0::1:57
no_binary                       = $416D ; addr, local, , fputc_callee_c, code_compiler, fputc_callee.c::wrapper_fputc_callee_z80::0::1:57
_wrapper_fputc_callee_8080      = $4174 ; addr, local, , fputc_callee_c, code_compiler, fputc_callee.c::wrapper_fputc_callee_8080::0::2:167
cont                            = $4222 ; addr, local, , asm_printf, code_clib, asm_printf.asm:193
handle_percent                  = $422B ; addr, local, , asm_printf, code_clib, asm_printf.asm:200
print_format_character          = $4226 ; addr, local, , asm_printf, code_clib, asm_printf.asm:196
get_next_char                   = $4250 ; addr, local, , asm_printf, code_clib, asm_printf.asm:236
check_long_qualifier            = $4248 ; addr, local, , asm_printf, code_clib, asm_printf.asm:228
no_long_qualifier               = $4252 ; addr, local, , asm_printf, code_clib, asm_printf.asm:243
no_format_found                 = $426A ; addr, local, , asm_printf, code_clib, asm_printf.asm:266
no_format_match                 = $4265 ; addr, local, , asm_printf, code_clib, asm_printf.asm:261
no_inc                          = $427B ; addr, local, , __printf_doprint, code_clib, __printf_doprint.asm:22
doprint_return                  = $4291 ; addr, local, , __printf_doprint, code_clib, __printf_doprint.asm:43
flags_again                     = $4299 ; addr, local, , __printf_get_flags_impl, code_clib, __printf_get_flags_impl.asm:15
flags                           = $42AB ; addr, local, , __printf_get_flags_impl, code_clib, __printf_get_flags_impl.asm:31
flag_loop                       = $429F ; addr, local, , __printf_get_flags_impl, code_clib, __printf_get_flags_impl.asm:19
no_flag                         = $42B5 ; addr, local, , __printf_get_flags_impl, code_clib, __printf_get_flags_impl.asm:37
check_width                     = $42BC ; addr, local, , __printf_get_flags_impl, code_clib, __printf_get_flags_impl.asm:51
check_width_from_format         = $42D0 ; addr, local, , __printf_get_flags_impl, code_clib, __printf_get_flags_impl.asm:73
starred_width                   = $42C8 ; addr, local, , __printf_get_flags_impl, code_clib, __printf_get_flags_impl.asm:63
save_width                      = $42DE ; addr, local, , __printf_get_flags_impl, code_clib, __printf_get_flags_impl.asm:85
check_precision                 = $42E7 ; addr, local, , __printf_get_flags_impl, code_clib, __printf_get_flags_impl.asm:95
no_precision                    = $430F ; addr, local, , __printf_get_flags_impl, code_clib, __printf_get_flags_impl.asm:135
check_precision_from_format     = $4301 ; addr, local, , __printf_get_flags_impl, code_clib, __printf_get_flags_impl.asm:119
save_precision                  = $4306 ; addr, local, , __printf_get_flags_impl, code_clib, __printf_get_flags_impl.asm:125
printstr                        = $4358 ; addr, local, , __printf_handle_s, code_clib, __printf_handle_s.asm:20
nullstr                         = $4932 ; addr, local, , __printf_handle_s, rodata_clib, __printf_handle_s.asm:44
use_strlen                      = $436B ; addr, local, , __printf_handle_s, code_clib, __printf_handle_s.asm:35
printstr_end                    = $436F ; addr, local, , __printf_handle_s, code_clib, __printf_handle_s.asm:38
handlelong                      = $0001 ; const, local, , __printf_number, code_clib, __printf_number.asm:20
printf_number16                 = $43C1 ; addr, local, , __printf_number, code_clib, __printf_number.asm:83
pickuplong_sccz80               = $43B1 ; addr, local, , __printf_number, code_clib, __printf_number.asm:62
printlong                       = $43AD ; addr, local, , __printf_number, code_clib, __printf_number.asm:59
miniprintn                      = $43CF ; addr, local, , __printf_number, code_clib, __printf_number.asm:95
noneg                           = $43E1 ; addr, local, , __printf_number, code_clib, __printf_number.asm:117
printsign                       = $43DC ; addr, local, , __printf_number, code_clib, __printf_number.asm:112
miniprintn_start_process        = $4411 ; addr, local, , __printf_number, code_clib, __printf_number.asm:180
divloop                         = $4413 ; addr, local, , __printf_number, code_clib, __printf_number.asm:184
printloop                       = $442B ; addr, local, , __printf_number, code_clib, __printf_number.asm:236
printloop1                      = $443A ; addr, local, , __printf_number, code_clib, __printf_number.asm:249
width_done                      = $445A ; addr, local, , __printf_print_aligned, code_clib, __printf_print_aligned.asm:44
adjust_width                    = $4457 ; addr, local, , __printf_print_aligned, code_clib, __printf_print_aligned.asm:31
print_padding                   = $447D ; addr, local, , __printf_print_aligned, code_clib, __printf_print_aligned.asm:77
print_buffer                    = $4463 ; addr, local, , __printf_print_aligned, code_clib, __printf_print_aligned.asm:50
buffer_done                     = $446F ; addr, local, , __printf_print_aligned, code_clib, __printf_print_aligned.asm:61
print_buffer_end                = $446F ; addr, local, , __printf_print_aligned, code_clib, __printf_print_aligned.asm:64
print_padding_loop              = $4471 ; addr, local, , __printf_print_aligned, code_clib, __printf_print_aligned.asm:66
change_ap_decrement             = $44B0 ; addr, local, , get_16bit_ap_parameter, code_clib, get_16bit_ap_parameter.asm:34
pickup_sccz80_llong             = $44DC ; addr, local, , __printf_number64, code_clib, __printf_number64.asm:20
continue                        = $44FE ; addr, local, , __printf_number64, code_clib, __printf_number64.asm:57
noneg                           = $4511 ; addr, local, , __printf_number64, code_clib, __printf_number64.asm:70
printsign                       = $450C ; addr, local, , __printf_number64, code_clib, __printf_number64.asm:66
number64_start_process          = $4541 ; addr, local, , __printf_number64, code_clib, __printf_number64.asm:92
existing_int                    = $C0D6 ; addr, local, , im1_init, bss_driver, im1_init.asm:44
asm_im1_handler                 = $45BF ; addr, local, , im1_init, code_clib, im1_init.asm:31
not_negative                    = $48A3 ; addr, local, , asm_atoi, code_stdlib, /home/build/z88dk/build/z88dk/libsrc/_DEVELOPMENT/stdlib/z80/asm_atoi.asm:45
overflow                        = $48AD ; addr, local, , asm_atoi, code_stdlib, /home/build/z88dk/build/z88dk/libsrc/_DEVELOPMENT/stdlib/z80/asm_atoi.asm:62
compute_lp                      = $48C0 ; addr, local, , asm_ulltoa, code_stdlib, /home/build/z88dk/build/z88dk/libsrc/_DEVELOPMENT/stdlib/z80/asm_ulltoa.asm:73
write_lp                        = $48D2 ; addr, local, , asm_ulltoa, code_stdlib, /home/build/z88dk/build/z88dk/libsrc/_DEVELOPMENT/stdlib/z80/asm_ulltoa.asm:98
MAHeapSbrk                      = $45D9 ; addr, local, , HeapSbrk_callee, code_clib, HeapSbrk_callee.asm:33
sizeok                          = $45E1 ; addr, local, , HeapSbrk_callee, code_clib, HeapSbrk_callee.asm:42
loop                            = $45FE ; addr, local, , HeapFree_callee, code_clib, HeapFree_callee.asm:55
placeatend                      = $4614 ; addr, local, , HeapFree_callee, code_clib, HeapFree_callee.asm:103
mergeontop                      = $461A ; addr, local, , HeapFree_callee, code_clib, HeapFree_callee.asm:115
insertbefore                    = $4613 ; addr, local, , HeapFree_callee, code_clib, HeapFree_callee.asm:99
checkformergebelow              = $4630 ; addr, local, , HeapFree_callee, code_clib, HeapFree_callee.asm:144
mergebelow                      = $464B ; addr, local, , HeapFree_callee, code_clib, HeapFree_callee.asm:199
nomergebelow                    = $4641 ; addr, local, , HeapFree_callee, code_clib, HeapFree_callee.asm:182
__CLASSIC                       = $0001 ; const, local, , strlen, , /home/build/z88dk/build/z88dk/libsrc/_DEVELOPMENT/string/c/sccz80/strlen.asm:0
dzx7s_copy_byte_loop            = $4796 ; addr, local, , asm_dzx7_standard, code_compress_zx7, asm_dzx7_standard.asm:31
dzx7s_main_loop                 = $4798 ; addr, local, , asm_dzx7_standard, code_compress_zx7, asm_dzx7_standard.asm:35
dzx7s_next_bit                  = $47D5 ; addr, local, , asm_dzx7_standard, code_compress_zx7, asm_dzx7_standard.asm:109
dzx7s_len_size_loop             = $47A2 ; addr, local, , asm_dzx7_standard, code_compress_zx7, asm_dzx7_standard.asm:46
dzx7s_len_value_loop            = $47A8 ; addr, local, , asm_dzx7_standard, code_compress_zx7, asm_dzx7_standard.asm:54
dzx7s_offset_end                = $47C9 ; addr, local, , asm_dzx7_standard, code_compress_zx7, asm_dzx7_standard.asm:92
dzx7s_rld_next_bit              = $47BF ; addr, local, , asm_dzx7_standard, code_compress_zx7, asm_dzx7_standard.asm:84
dzx7s_exit                      = $47D2 ; addr, local, , asm_dzx7_standard, code_compress_zx7, asm_dzx7_standard.asm:104
loop                            = $4662 ; addr, local, , asm_interrupt_handler, code_clib, asm_interrupt_handler.asm:14
done                            = $4673 ; addr, local, , asm_interrupt_handler, code_clib, asm_interrupt_handler.asm:29
try_next_slot                   = $4692 ; addr, local, , asm_interrupt_add_handler, code_clib, asm_interrupt_add_handler.asm:24
common                          = $4756 ; addr, local, , l_long_div_u, code_l_sccz80, ../_DEVELOPMENT/l/sccz80/5-z80/i32/l_long_div_u.asm:28
__Z80                           = $0001 ; const, local, , asm_z80_pop_ei, , ../../config_private.inc:9
__Z80_NMOS                      = $0001 ; const, local, , asm_z80_pop_ei, , ../../config_private.inc:11
di_state                        = $48EE ; addr, local, , asm_z80_pop_ei, code_z80, /home/build/z88dk/build/z88dk/libsrc/_DEVELOPMENT/z80/z80/asm_z80_pop_ei.asm:90
ei_state                        = $48EC ; addr, local, , asm_z80_pop_ei, code_z80, /home/build/z88dk/build/z88dk/libsrc/_DEVELOPMENT/z80/z80/asm_z80_pop_ei.asm:85
__Z80                           = $0001 ; const, local, , asm_z80_push_di, , ../../config_private.inc:9
__Z80_NMOS                      = $0001 ; const, local, , asm_z80_push_di, , ../../config_private.inc:11
continue                        = $4905 ; addr, local, , asm_z80_push_di, code_z80, /home/build/z88dk/build/z88dk/libsrc/_DEVELOPMENT/z80/z80/asm_z80_push_di.asm:82
again                           = $46AC ; addr, local, , l_load_64_dehldehl_mbc, code_l, ../_DEVELOPMENT/l/util/5-z80/longlong/l_load_64_dehldehl_mbc.asm:20
again                           = $46DB ; addr, local, , l_cpl_64_mhl, code_l, ../_DEVELOPMENT/l/util/5-z80/longlong/l_cpl_64_mhl.asm:19
alpha                           = $4712 ; addr, local, , l_num2char, code_l, ../_DEVELOPMENT/l/util/9-common/ascii/l_num2char.asm:24
loop                            = $4727 ; addr, local, , l_small_atou, code_l, ../_DEVELOPMENT/l/util/9-common/ascii/txt_to_num/small/l_small_atou.asm:26
overflow                        = $4747 ; addr, local, , l_small_atou, code_l, ../_DEVELOPMENT/l/util/9-common/ascii/txt_to_num/small/l_small_atou.asm:63
__CLIB_OPT_IMATH                = $0000 ; const, local, , l_divu_32_32x32, , ../config_private.inc:27
__CLIB_OPT_IMATH                = $0000 ; const, local, , l_divu_64_64x8, , ../config_private.inc:27
divide_zero                     = $482E ; addr, local, , l_small_divu_32_32x32, code_math, ../_DEVELOPMENT/math/integer/small/l_small_divu_32_32x32.asm:121
loop_0                          = $47FD ; addr, local, , l_small_divu_32_32x32, code_math, ../_DEVELOPMENT/math/integer/small/l_small_divu_32_32x32.asm:70
loop_1                          = $4819 ; addr, local, , l_small_divu_32_32x32, code_math, ../_DEVELOPMENT/math/integer/small/l_small_divu_32_32x32.asm:95
divide_by_zero                  = $4852 ; addr, local, , l_small_divu_64_64x8, code_math, ../_DEVELOPMENT/math/integer/small/l_small_divu_64_64x8.asm:72
loop_11                         = $4839 ; addr, local, , l_small_divu_64_64x8, code_math, ../_DEVELOPMENT/math/integer/small/l_small_divu_64_64x8.asm:43
loop_02                         = $484C ; addr, local, , l_small_divu_64_64x8, code_math, ../_DEVELOPMENT/math/integer/small/l_small_divu_64_64x8.asm:60
loop_03                         = $484E ; addr, local, , l_small_divu_64_64x8, code_math, ../_DEVELOPMENT/math/integer/small/l_small_divu_64_64x8.asm:65
cleanup                         = $4061 ; addr, public, , msx_crt0, , D:/z88dk/lib/config/../../lib/target/msx/classic/rom.asm:78
l_dcal                          = $4065 ; addr, public, , msx_crt0, , D:/z88dk/lib/config/../../lib/target/msx/classic/rom.asm:85
msxbios                         = $418B ; addr, public, , msx_crt0, code_clib, D:\z88dk\lib\config\..\..\\lib\target\msx\classic\msx_crt0.asm:36
CLIB_BANKING_STACK_SIZE         = $0064 ; const, public, , msx_crt0, , D:/z88dk/lib/config/../../lib/crt/classic/crt_rules.inc:64
__CRT_KEY_DEL                   = $0008 ; const, public, , msx_crt0, , D:/z88dk/lib/config/../../lib/crt/classic/crt_rules.inc:73
__CRT_KEY_CAPS_LOCK             = $0006 ; const, public, , msx_crt0, , D:/z88dk/lib/config/../../lib/crt/classic/crt_rules.inc:80
__CPU_CLOCK                     = $36A060 ; const, public, , msx_crt0, , D:\z88dk\lib\config\..\..\\lib\target\msx\classic\msx_crt0.asm:18
__CLIB_CONIO_NATIVE_COLOUR      = $0000 ; const, public, , msx_crt0, , D:/z88dk/lib/config/../../lib/crt/classic/crt_rules.inc:92
__CLIB_DISABLE_FGETS_CURSOR     = $0000 ; const, public, , msx_crt0, , D:/z88dk/lib/config/../../lib/crt/classic/crt_rules.inc:101
__CLIB_FGETC_CONS_DELAY         = $0032 ; const, public, , msx_crt0, , D:/z88dk/lib/config/../../lib/crt/classic/crt_rules.inc:110
__CLIB_KBHIT_DELAY              = $0000 ; const, public, , msx_crt0, , D:/z88dk/lib/config/../../lib/crt/classic/crt_rules.inc:119
CLIB_32BIT_FLOATS               = $0000 ; const, public, , msx_crt0, , D:/z88dk/lib/config/../../lib/crt/classic/crt_rules.inc:134
CLIB_64BIT_FLOATS               = $0000 ; const, public, , msx_crt0, , D:/z88dk/lib/config/../../lib/crt/classic/crt_rules.inc:138
CLIB_DEFAULT_SCREEN_MODE        = $0000 ; const, public, , msx_crt0, , D:/z88dk/lib/config/../../lib/crt/classic/crt_rules.inc:146
__FOPEN_MAX                     = $000A ; const, public, , msx_crt0, , D:/z88dk/lib/config/../../lib/crt/classic/crt_rules.inc:154
__CLIB_OPEN_MAX                 = $000A ; const, public, , msx_crt0, , D:/z88dk/lib/config/../../lib/crt/classic/crt_rules.inc:166
__RND_BLOCKSIZE                 = $03E8 ; const, public, , msx_crt0, , D:/z88dk/lib/config/../../lib/crt/classic/crt_rules.inc:196
__CLIB_FONT_HEIGHT              = $0008 ; const, public, , msx_crt0, , D:/z88dk/lib/config/../../lib/crt/classic/crt_rules.inc:203
__CLIB_FIRMWARE_KEYBOARD_CLICK  = $FFFFFFFF ; const, public, , msx_crt0, , D:/z88dk/lib/config/../../lib/crt/classic/crt_rules.inc:210
__clib_exit_stack_size          = $0000 ; const, public, , msx_crt0, , D:/z88dk/lib/config/../../lib/crt/classic/crt_rules.inc:51
fputc_cons                      = $4194 ; addr, public, , msx_crt0, , D:/z88dk/lib/config/../../lib/crt/classic/crt_runtime_selection.asm:519
_fputc_cons                     = $4194 ; addr, public, , msx_crt0, , D:/z88dk/lib/config/../../lib/crt/classic/crt_runtime_selection.asm:528
CONSOLE_COLUMNS                 = $0020 ; const, public, , msx_crt0, , D:\z88dk\lib\config\..\..\\lib\target\msx\classic\msx_crt0.asm:14
CONSOLE_ROWS                    = $0018 ; const, public, , msx_crt0, , D:\z88dk\lib\config\..\..\\lib\target\msx\classic\msx_crt0.asm:16
CONSOLE_XOFFSET                 = $0000 ; const, public, , msx_crt0, , D:/z88dk/lib/config/../../lib/crt/classic/crt_runtime_selection.asm:573
CONSOLE_YOFFSET                 = $0000 ; const, public, , msx_crt0, , D:/z88dk/lib/config/../../lib/crt/classic/crt_runtime_selection.asm:577
CLIB_KBHIT_NOSTORE              = $0000 ; const, public, , msx_crt0, , D:/z88dk/lib/config/../../lib/crt/classic/crt_runtime_selection.asm:582
__sgoioblk                      = $C003 ; addr, public, , msx_crt0, bss_crt, D:/z88dk/lib/config/../../lib/crt/classic/crt_section.asm:110
__sgoioblk_end                  = $C067 ; addr, public, , msx_crt0, bss_crt, D:/z88dk/lib/config/../../lib/crt/classic/crt_section.asm:112
base_graphics                   = $C067 ; addr, public, , msx_crt0, bss_crt, D:/z88dk/lib/config/../../lib/crt/classic/crt_section.asm:117
exitsp                          = $C069 ; addr, public, , msx_crt0, bss_crt, D:/z88dk/lib/config/../../lib/crt/classic/crt_section.asm:122
exitcount                       = $C06B ; addr, public, , msx_crt0, bss_crt, D:/z88dk/lib/config/../../lib/crt/classic/crt_section.asm:124
_heap                           = $C06C ; addr, public, , msx_crt0, bss_crt, D:/z88dk/lib/config/../../lib/crt/classic/crt_section.asm:131
PLY_AKM_INIT                    = $C21B ; addr, public, , playerZ88dk_asm, data_user, .\player\playerZ88dk.asm:237
PLY_AKM_PLAY                    = $C318 ; addr, public, , playerZ88dk_asm, data_user, .\player\playerZ88dk.asm:363
PLY_AKM_STOP                    = $C302 ; addr, public, , playerZ88dk_asm, data_user, .\player\playerZ88dk.asm:354
PLY_AKM_INITSOUNDEFFECTS        = $C0FA ; addr, public, , playerZ88dk_asm, data_user, .\player\playerZ88dk.asm:33
PLY_AKM_PLAYSOUNDEFFECT         = $C0FE ; addr, public, , playerZ88dk_asm, data_user, .\player\playerZ88dk.asm:39
_SONG                           = $C7C1 ; addr, public, , playerZ88dk_asm, data_user, .\player\playerZ88dk.asm:1072
_ply_akm_init                   = $D12E ; addr, public, , arkos2_wrapper_asm, data_user, .\player\arkos2_wrapper.asm:23
_ply_akm_play                   = $D136 ; addr, public, , arkos2_wrapper_asm, data_user, .\player\arkos2_wrapper.asm:34
_ply_akm_stop                   = $D139 ; addr, public, , arkos2_wrapper_asm, data_user, .\player\arkos2_wrapper.asm:40
_playmusic                      = $4096 ; addr, public, , principal_c, code_compiler, principal.c::playmusic::0::0:20
_setup_int                      = $40B6 ; addr, public, , principal_c, code_compiler, principal.c::setup_int::0::1:27
_main                           = $40C2 ; addr, public, , principal_c, code_compiler, principal.c::main::0::3:40
fputc_cons_native               = $4194 ; addr, public, , fputc_cons, code_clib, target/msx/stdio/fputc_cons.asm:27
add_raster_int                  = $4676 ; addr, public, , add_raster_im1, code_clib, add_raster_im1.asm:8
_add_raster_int                 = $4676 ; addr, public, , add_raster_im1, code_clib, add_raster_im1.asm:9
printf                          = $41B6 ; addr, public, , printf, code_clib, printf.asm:23
_fputc_callee                   = $40EB ; addr, public, , fputc_callee_c, code_compiler, fputc_callee.c::wrapper_fputc_callee::0::0:23
asm_fputc_callee                = $40FA ; addr, public, , fputc_callee_c, code_compiler, fputc_callee.c::wrapper_fputc_callee_z80::0::1:57
fputc_callee                    = $40EB ; addr, public, , fputc_callee_c, code_compiler, fputc_callee.c::wrapper_fputc_callee::0::0:23
writebyte                       = $41DC ; addr, public, , writebyte, code_clib, writebyte.asm:11
_writebyte                      = $41DC ; addr, public, , writebyte, code_clib, writebyte.asm:12
_fchkstd                        = $4174 ; addr, public, , fchkstd_c, code_compiler, fchkstd.c::fchkstd::0::0:24
fchkstd                         = $4174 ; addr, public, , fchkstd_c, code_compiler, fchkstd.c::fchkstd::0::0:24
asm_printf                      = $41DD ; addr, public, , asm_printf, code_clib, asm_printf.asm:25
__printf_loop                   = $4208 ; addr, public, , asm_printf, code_clib, asm_printf.asm:131
__printf_get_flags_noop         = $4221 ; addr, public, , asm_printf, code_clib, asm_printf.asm:190
__printf_format_search_loop     = $4257 ; addr, public, , asm_printf, code_clib, asm_printf.asm:248
__printf_doprint                = $426E ; addr, public, , __printf_doprint, code_clib, __printf_doprint.asm:11
__printf_format_table           = $4910 ; addr, public, , __printf_format_table, rodata_clib, __printf_format_table.asm:25
__printf_get_flags              = $4297 ; addr, public, , __printf_format_table, rodata_clib, __printf_format_table.asm:23
__printf_get_flags_impl         = $4297 ; addr, public, , __printf_get_flags_impl, code_clib, __printf_get_flags_impl.asm:13
__printf_handle_X               = $4310 ; addr, public, , __printf_handle_X, code_clib, __printf_handle_XX.asm:9
__printf_handle_c               = $4321 ; addr, public, , __printf_handle_c, code_clib, __printf_handle_c.asm:10
__printf_handle_d               = $432D ; addr, public, , __printf_handle_d, code_clib, __printf_handle_d.asm:6
__printf_handle_n               = $4332 ; addr, public, , __printf_handle_n, code_clib, __printf_handle_n.asm:10
__printf_handle_o               = $4343 ; addr, public, , __printf_handle_o, code_clib, __printf_handle_o.asm:7
__printf_handle_s               = $434C ; addr, public, , __printf_handle_s, code_clib, __printf_handle_s.asm:12
__printf_handle_u               = $4374 ; addr, public, , __printf_handle_u, code_clib, __printf_handle_u.asm:6
__printf_handle_x               = $4379 ; addr, public, , __printf_handle_x, code_clib, __printf_handle_x.asm:11
__printf_handle_p               = $4379 ; addr, public, , __printf_handle_x, code_clib, __printf_handle_x.asm:12
__printf_handle_B               = $4386 ; addr, public, , __printf_handle_B, code_clib, __printf_handle_B.asm:9
__printf_number                 = $4393 ; addr, public, , __printf_number, code_clib, __printf_number.asm:27
__printf_print_aligned          = $443F ; addr, public, , __printf_print_aligned, code_clib, __printf_print_aligned.asm:13
__printf_print_the_buffer       = $4489 ; addr, public, , __printf_print_the_buffer, code_clib, __printf_print_the_buffer.asm:12
__printf_get_buffer_address     = $449B ; addr, public, , __printf_get_buffer_address, code_clib, __printf_get_buffer_address.asm:12
get_16bit_ap_parameter          = $44A3 ; addr, public, , get_16bit_ap_parameter, code_clib, get_16bit_ap_parameter.asm:12
__printf_print_to_buf           = $44B4 ; addr, public, , __printf_print_to_buf, code_clib, __printf_print_to_buf.asm:11
__printf_handle_ll              = $44C6 ; addr, public, , __printf_handle_ll, code_clib, __printf_handle_ll.asm:11
__printf_format_table64         = $4939 ; addr, public, , __printf_format_table64, rodata_clib, __printf_format_table64.asm:18
__printf_handle_llB             = $44CF ; addr, public, , __printf_handle_llB, code_clib, __printf_handle_llB.asm:7
__printf_number64               = $44EB ; addr, public, , __printf_number64, code_clib, __printf_number64.asm:35
__printf_handle_llX             = $456B ; addr, public, , __printf_handle_llX, code_clib, __printf_handle_llXX.asm:7
__printf_handle_lld             = $457C ; addr, public, , __printf_handle_lld, code_clib, __printf_handle_lld.asm:7
__printf_handle_llo             = $4581 ; addr, public, , __printf_handle_llo, code_clib, __printf_handle_llo.asm:7
__printf_handle_llu             = $458A ; addr, public, , __printf_handle_llu, code_clib, __printf_handle_llu.asm:7
__printf_handle_llx             = $458F ; addr, public, , __printf_handle_llx, code_clib, __printf_handle_llx.asm:7
im1_init                        = $459C ; addr, public, , im1_init, code_clib, im1_init.asm:13
_im1_init                       = $459C ; addr, public, , im1_init, code_clib, im1_init.asm:14
__tms9918_status_register       = $C0DB ; addr, public, , __tms9918_status_register, bss_clib, __tms9918_status_register.asm:9
asm_atoi                        = $4893 ; addr, public, , asm_atoi, code_stdlib, /home/build/z88dk/build/z88dk/libsrc/_DEVELOPMENT/stdlib/z80/asm_atoi.asm:20
asm0_atoi                       = $4896 ; addr, public, , asm_atoi, code_stdlib, /home/build/z88dk/build/z88dk/libsrc/_DEVELOPMENT/stdlib/z80/asm_atoi.asm:32
asm_ulltoa                      = $48B1 ; addr, public, , asm_ulltoa, code_stdlib, /home/build/z88dk/build/z88dk/libsrc/_DEVELOPMENT/stdlib/z80/asm_ulltoa.asm:24
asm0_ulltoa                     = $48B8 ; addr, public, , asm_ulltoa, code_stdlib, /home/build/z88dk/build/z88dk/libsrc/_DEVELOPMENT/stdlib/z80/asm_ulltoa.asm:58
asm1_ulltoa                     = $48BE ; addr, public, , asm_ulltoa, code_stdlib, /home/build/z88dk/build/z88dk/libsrc/_DEVELOPMENT/stdlib/z80/asm_ulltoa.asm:63
sbrk_callee                     = $45CB ; addr, public, , sbrk_callee, code_clib, sbrk_callee.asm:12
_sbrk_callee                    = $45CB ; addr, public, , sbrk_callee, code_clib, sbrk_callee.asm:13
asm_sbrk                        = $45CE ; addr, public, , sbrk_callee, code_clib, sbrk_callee.asm:19
HeapSbrk_callee                 = $45D4 ; addr, public, , HeapSbrk_callee, code_clib, HeapSbrk_callee.asm:11
_HeapSbrk_callee                = $45D4 ; addr, public, , HeapSbrk_callee, code_clib, HeapSbrk_callee.asm:12
asm_HeapSbrk                    = $45D9 ; addr, public, , HeapSbrk_callee, code_clib, HeapSbrk_callee.asm:20
HeapFree_callee                 = $45EA ; addr, public, , HeapFree_callee, code_clib, HeapFree_callee.asm:10
_HeapFree_callee                = $45EA ; addr, public, , HeapFree_callee, code_clib, HeapFree_callee.asm:11
MAHeapFree                      = $45EE ; addr, public, , HeapFree_callee, code_clib, HeapFree_callee.asm:30
asm_HeapFree                    = $45EE ; addr, public, , HeapFree_callee, code_clib, HeapFree_callee.asm:18
strlen                          = $48D9 ; addr, public, , strlen, code_string, /home/build/z88dk/build/z88dk/libsrc/_DEVELOPMENT/string/c/sccz80/strlen.asm:11
_strlen                         = $48D9 ; addr, public, , strlen, code_string, /home/build/z88dk/build/z88dk/libsrc/_DEVELOPMENT/string/c/sccz80/strlen.asm:30
asm_strlen                      = $48D9 ; addr, public, , asm_strlen, code_string, /home/build/z88dk/build/z88dk/libsrc/_DEVELOPMENT/string/z80/asm_strlen.asm:17
asm_dzx7_standard               = $4794 ; addr, public, , asm_dzx7_standard, code_compress_zx7, asm_dzx7_standard.asm:20
asm_interrupt_handler           = $4660 ; addr, public, , asm_interrupt_handler, code_clib, asm_interrupt_handler.asm:10
im1_vectors                     = $C0DC ; addr, public, , im1_vectors, bss_clib, im1_vectors.asm:11
CLIB_IM1_VECTOR_COUNT           = $0008 ; const, public, , im1_vectors, bss_clib, im1_vectors.asm:8
im1_install_isr                 = $4676 ; addr, public, , im1_install_isr, code_clib, im1_install_isr.asm:11
_im1_install_isr                = $4676 ; addr, public, , im1_install_isr, code_clib, im1_install_isr.asm:12
asm_im1_install_isr             = $467A ; addr, public, , im1_install_isr, code_clib, im1_install_isr.asm:18
asm_interrupt_add_handler       = $4688 ; addr, public, , asm_interrupt_add_handler, code_clib, asm_interrupt_add_handler.asm:13
error_einval_zc                 = $485B ; addr, public, , error_einval_zc, code_error, ../_DEVELOPMENT/error/z80/error_einval_zc.asm:43
errno_zc                        = $485D ; addr, public, , errno_zc, code_error, ../_DEVELOPMENT/error/z80/errno_zc.asm:21
_errno                          = $C001 ; addr, public, , _errno, bss_error, ../_DEVELOPMENT/error/z80/_errno.asm:7
error_zc                        = $4869 ; addr, public, , error_zc, code_error, ../_DEVELOPMENT/error/z80/error_zc.asm:12
l_long_div_u                    = $4755 ; addr, public, , l_long_div_u, code_l_sccz80, ../_DEVELOPMENT/l/sccz80/5-z80/i32/l_long_div_u.asm:26
l_long_mod_u                    = $4752 ; addr, public, , l_long_div_u, code_l_sccz80, ../_DEVELOPMENT/l/sccz80/5-z80/i32/l_long_div_u.asm:23
l_int2long_s                    = $4763 ; addr, public, , int2long_s, code_l_sccz80, ../_DEVELOPMENT/l/sccz80/5-z80/int2long_s.asm:10
l_long_neg                      = $4697 ; addr, public, , l_long_neg, code_l_sccz80, ../_DEVELOPMENT/l/sccz80/9-common/i32/l_long_neg.asm:12
l_neg_dehl                      = $4697 ; addr, public, , l_neg_dehl, code_l, ../_DEVELOPMENT/l/sccz80/9-common/i32/l_neg_dehl.asm:7
l_ge                            = $476B ; addr, public, , l_ge, code_l_sccz80, ../_DEVELOPMENT/l/sccz80/9-common/l_ge.asm:13
l_compare_result                = $477D ; addr, public, , l_compare_result, code_l_sccz80, ../_DEVELOPMENT/l/sccz80/9-common/l_compare_result.asm:6
l_jphl                          = $4783 ; addr, public, , l_jphl, code_l_sccz80, ../_DEVELOPMENT/l/sccz80/9-common/l_jphl.asm:7
l_pop_ei                        = $48E4 ; addr, public, , l_pop_ei, code_l_sccz80, ../_DEVELOPMENT/l/sccz80/9-common/l_pop_ei.asm:10
l_pop_ei_jp                     = $48E9 ; addr, public, , l_pop_ei, code_l_sccz80, ../_DEVELOPMENT/l/sccz80/9-common/l_pop_ei.asm:11
asm_z80_pop_ei                  = $48E4 ; addr, public, , asm_z80_pop_ei, code_z80, /home/build/z88dk/build/z88dk/libsrc/_DEVELOPMENT/z80/z80/asm_z80_pop_ei.asm:29
asm0_z80_pop_ei                 = $48E9 ; addr, public, , asm_z80_pop_ei, code_z80, /home/build/z88dk/build/z88dk/libsrc/_DEVELOPMENT/z80/z80/asm_z80_pop_ei.asm:55
asm_z80_pop_ei_jp               = $48E9 ; addr, public, , asm_z80_pop_ei, code_z80, /home/build/z88dk/build/z88dk/libsrc/_DEVELOPMENT/z80/z80/asm_z80_pop_ei.asm:57
asm_cpu_pop_ei                  = $48E4 ; addr, public, , asm_z80_pop_ei, code_z80, /home/build/z88dk/build/z88dk/libsrc/_DEVELOPMENT/z80/z80/asm_z80_pop_ei.asm:30
asm0_cpu_pop_ei                 = $48E9 ; addr, public, , asm_z80_pop_ei, code_z80, /home/build/z88dk/build/z88dk/libsrc/_DEVELOPMENT/z80/z80/asm_z80_pop_ei.asm:56
asm_cpu_pop_ei_jp               = $48E9 ; addr, public, , asm_z80_pop_ei, code_z80, /home/build/z88dk/build/z88dk/libsrc/_DEVELOPMENT/z80/z80/asm_z80_pop_ei.asm:58
l_push_di                       = $48F0 ; addr, public, , l_push_di, code_l_sccz80, ../_DEVELOPMENT/l/sccz80/9-common/l_push_di.asm:8
asm_z80_push_di                 = $48F0 ; addr, public, , asm_z80_push_di, code_z80, /home/build/z88dk/build/z88dk/libsrc/_DEVELOPMENT/z80/z80/asm_z80_push_di.asm:21
asm_cpu_push_di                 = $48F0 ; addr, public, , asm_z80_push_di, code_z80, /home/build/z88dk/build/z88dk/libsrc/_DEVELOPMENT/z80/z80/asm_z80_push_di.asm:22
l_ret                           = $4787 ; addr, public, , l_ret, code_l_sccz80, ../_DEVELOPMENT/l/sccz80/9-common/l_ret.asm:14
l_uge                           = $4788 ; addr, public, , l_uge, code_l_sccz80, ../_DEVELOPMENT/l/sccz80/9-common/l_uge.asm:15
l_load_64_dehldehl_mbc          = $46A9 ; addr, public, , l_load_64_dehldehl_mbc, code_l, ../_DEVELOPMENT/l/util/5-z80/longlong/l_load_64_dehldehl_mbc.asm:7
l_neg_64_mhl                    = $46BC ; addr, public, , l_neg_64_mhl, code_l, ../_DEVELOPMENT/l/util/5-z80/longlong/l_neg_64_mhl.asm:9
l_cpl_64_mhl                    = $46D8 ; addr, public, , l_cpl_64_mhl, code_l, ../_DEVELOPMENT/l/util/5-z80/longlong/l_cpl_64_mhl.asm:7
l_testzero_64_dehldehl          = $46EC ; addr, public, , l_testzero_64_dehldehl, code_l, ../_DEVELOPMENT/l/util/5-z80/longlong/l_testzero_64_dehldehl.asm:7
l_eat_sign                      = $46F7 ; addr, public, , l_eat_sign, code_l, ../_DEVELOPMENT/l/util/9-common/ascii/l_eat_sign.asm:7
l_eat_ws                        = $4703 ; addr, public, , l_eat_ws, code_l, ../_DEVELOPMENT/l/util/9-common/ascii/l_eat_ws.asm:9
asm_isspace                     = $47DB ; addr, public, , asm_isspace, code_ctype, /home/build/z88dk/build/z88dk/libsrc/_DEVELOPMENT/ctype/z80/asm_isspace.asm:7
l_num2char                      = $470B ; addr, public, , l_num2char, code_l, ../_DEVELOPMENT/l/util/9-common/ascii/l_num2char.asm:7
l_valid_base                    = $4715 ; addr, public, , l_valid_base, code_l, ../_DEVELOPMENT/l/util/9-common/ascii/l_valid_base.asm:7
l_atou                          = $4722 ; addr, public, , l_atou, code_l, ../_DEVELOPMENT/l/util/9-common/ascii/txt_to_num/l_atou.asm:31
l_small_atou                    = $4722 ; addr, public, , l_small_atou, code_l, ../_DEVELOPMENT/l/util/9-common/ascii/txt_to_num/small/l_small_atou.asm:7
l_neg_hl                        = $474A ; addr, public, , l_neg_hl, code_l, ../_DEVELOPMENT/l/util/9-common/integer/l_neg_hl.asm:15
l_divu_32_32x32                 = $47E6 ; addr, public, , l_divu_32_32x32, code_math, ../_DEVELOPMENT/math/integer/l_divu_32_32x32.asm:22
l0_divu_32_32x32                = $47EC ; addr, public, , l_divu_32_32x32, code_math, ../_DEVELOPMENT/math/integer/l_divu_32_32x32.asm:23
l_divu_64_64x8                  = $4832 ; addr, public, , l_divu_64_64x8, code_math, ../_DEVELOPMENT/math/integer/l_divu_64_64x8.asm:19
l0_divu_64_64x8                 = $4836 ; addr, public, , l_divu_64_64x8, code_math, ../_DEVELOPMENT/math/integer/l_divu_64_64x8.asm:20
l_small_divu_32_32x32           = $47E6 ; addr, public, , l_small_divu_32_32x32, code_math, ../_DEVELOPMENT/math/integer/small/l_small_divu_32_32x32.asm:17
l0_small_divu_32_32x32          = $47EC ; addr, public, , l_small_divu_32_32x32, code_math, ../_DEVELOPMENT/math/integer/small/l_small_divu_32_32x32.asm:44
l1_small_divu_32_32x32          = $47FA ; addr, public, , l_small_divu_32_32x32, code_math, ../_DEVELOPMENT/math/integer/small/l_small_divu_32_32x32.asm:61
error_divide_by_zero_mc         = $4871 ; addr, public, , error_divide_by_zero_mc, code_error, ../_DEVELOPMENT/error/z80/error_divide_by_zero_mc.asm:12
error_edom_mc                   = $4871 ; addr, public, , error_edom_mc, code_error, ../_DEVELOPMENT/error/z80/error_edom_mc.asm:57
errno_mc                        = $4873 ; addr, public, , errno_mc, code_error, ../_DEVELOPMENT/error/z80/errno_mc.asm:21
error_mc                        = $487E ; addr, public, , error_mc, code_error, ../_DEVELOPMENT/error/z80/error_mc.asm:11
l_small_divu_64_64x8            = $4832 ; addr, public, , l_small_divu_64_64x8, code_math, ../_DEVELOPMENT/math/integer/small/l_small_divu_64_64x8.asm:12
l0_small_divu_64_64x8           = $4836 ; addr, public, , l_small_divu_64_64x8, code_math, ../_DEVELOPMENT/math/integer/small/l_small_divu_64_64x8.asm:38
error_llmc                      = $4884 ; addr, public, , error_llmc, code_error, ../_DEVELOPMENT/error/z80/error_llmc.asm:11
error_lmc                       = $488D ; addr, public, , error_lmc, code_error, ../_DEVELOPMENT/error/z80/error_lmc.asm:11
__head                          = $4000 ; const, public, def, , ,
__tail                          = $D13C ; const, public, def, , ,
__size                          = $913C ; const, public, def, , ,
__CODE_head                     = $4066 ; const, public, def, , ,
__CODE_tail                     = $4066 ; const, public, def, , ,
__CODE_size                     = $0000 ; const, public, def, , ,
__code_crt_init_head            = $4066 ; const, public, def, , ,
__code_crt_init_tail            = $4094 ; const, public, def, , ,
__code_crt_init_size            = $002E ; const, public, def, , ,
__code_crt_init_exit_head       = $4094 ; const, public, def, , ,
__code_crt_init_exit_tail       = $4095 ; const, public, def, , ,
__code_crt_init_exit_size       = $0001 ; const, public, def, , ,
__code_crt_exit_head            = $4095 ; const, public, def, , ,
__code_crt_exit_tail            = $4095 ; const, public, def, , ,
__code_crt_exit_size            = $0000 ; const, public, def, , ,
__code_crt_exit_exit_head       = $4095 ; const, public, def, , ,
__code_crt_exit_exit_tail       = $4096 ; const, public, def, , ,
__code_crt_exit_exit_size       = $0001 ; const, public, def, , ,
__code_driver_head              = $4096 ; const, public, def, , ,
__code_driver_tail              = $4096 ; const, public, def, , ,
__code_driver_size              = $0000 ; const, public, def, , ,
__rodata_driver_head            = $4096 ; const, public, def, , ,
__rodata_driver_tail            = $4096 ; const, public, def, , ,
__rodata_driver_size            = $0000 ; const, public, def, , ,
__code_compiler_head            = $4096 ; const, public, def, , ,
__code_compiler_tail            = $418B ; const, public, def, , ,
__code_compiler_size            = $00F5 ; const, public, def, , ,
__code_clib_head                = $418B ; const, public, def, , ,
__code_clib_tail                = $4697 ; const, public, def, , ,
__code_clib_size                = $050C ; const, public, def, , ,
__code_l_head                   = $4697 ; const, public, def, , ,
__code_l_tail                   = $4752 ; const, public, def, , ,
__code_l_size                   = $00BB ; const, public, def, , ,
__code_l_sdcc_head              = $4752 ; const, public, def, , ,
__code_l_sdcc_tail              = $4752 ; const, public, def, , ,
__code_l_sdcc_size              = $0000 ; const, public, def, , ,
__code_l_sccz80_head            = $4752 ; const, public, def, , ,
__code_l_sccz80_tail            = $4794 ; const, public, def, , ,
__code_l_sccz80_size            = $0042 ; const, public, def, , ,
__code_compress_zx7_head        = $4794 ; const, public, def, , ,
__code_compress_zx7_tail        = $47DB ; const, public, def, , ,
__code_compress_zx7_size        = $0047 ; const, public, def, , ,
__code_compress_zx0_head        = $47DB ; const, public, def, , ,
__code_compress_zx0_tail        = $47DB ; const, public, def, , ,
__code_compress_zx0_size        = $0000 ; const, public, def, , ,
__code_compress_zx1_head        = $47DB ; const, public, def, , ,
__code_compress_zx1_tail        = $47DB ; const, public, def, , ,
__code_compress_zx1_size        = $0000 ; const, public, def, , ,
__code_compress_zx2_head        = $47DB ; const, public, def, , ,
__code_compress_zx2_tail        = $47DB ; const, public, def, , ,
__code_compress_zx2_size        = $0000 ; const, public, def, , ,
__code_compress_aplib_head      = $47DB ; const, public, def, , ,
__code_compress_aplib_tail      = $47DB ; const, public, def, , ,
__code_compress_aplib_size      = $0000 ; const, public, def, , ,
__code_ctype_head               = $47DB ; const, public, def, , ,
__code_ctype_tail               = $47E5 ; const, public, def, , ,
__code_ctype_size               = $000A ; const, public, def, , ,
__code_esxdos_head              = $47E5 ; const, public, def, , ,
__code_esxdos_tail              = $47E5 ; const, public, def, , ,
__code_esxdos_size              = $0000 ; const, public, def, , ,
__code_fp_head                  = $47E5 ; const, public, def, , ,
__code_fp_tail                  = $47E5 ; const, public, def, , ,
__code_fp_size                  = $0000 ; const, public, def, , ,
__code_fp_math48_head           = $47E5 ; const, public, def, , ,
__code_fp_math48_tail           = $47E5 ; const, public, def, , ,
__code_fp_math48_size           = $0000 ; const, public, def, , ,
__code_fp_math32_head           = $47E5 ; const, public, def, , ,
__code_fp_math32_tail           = $47E5 ; const, public, def, , ,
__code_fp_math32_size           = $0000 ; const, public, def, , ,
__code_fp_math16_head           = $47E5 ; const, public, def, , ,
__code_fp_math16_tail           = $47E5 ; const, public, def, , ,
__code_fp_math16_size           = $0000 ; const, public, def, , ,
__code_fp_mbf32_head            = $47E5 ; const, public, def, , ,
__code_fp_mbf32_tail            = $47E5 ; const, public, def, , ,
__code_fp_mbf32_size            = $0000 ; const, public, def, , ,
__code_fp_mbf64_head            = $47E5 ; const, public, def, , ,
__code_fp_mbf64_tail            = $47E5 ; const, public, def, , ,
__code_fp_mbf64_size            = $0000 ; const, public, def, , ,
__code_fp_am9511_head           = $47E5 ; const, public, def, , ,
__code_fp_am9511_tail           = $47E5 ; const, public, def, , ,
__code_fp_am9511_size           = $0000 ; const, public, def, , ,
__code_fp_dai32_head            = $47E5 ; const, public, def, , ,
__code_fp_dai32_tail            = $47E5 ; const, public, def, , ,
__code_fp_dai32_size            = $0000 ; const, public, def, , ,
__code_math_head                = $47E5 ; const, public, def, , ,
__code_math_tail                = $4858 ; const, public, def, , ,
__code_math_size                = $0073 ; const, public, def, , ,
__code_error_head               = $4858 ; const, public, def, , ,
__code_error_tail               = $4893 ; const, public, def, , ,
__code_error_size               = $003B ; const, public, def, , ,
__code_stdlib_head              = $4893 ; const, public, def, , ,
__code_stdlib_tail              = $48D9 ; const, public, def, , ,
__code_stdlib_size              = $0046 ; const, public, def, , ,
__code_string_head              = $48D9 ; const, public, def, , ,
__code_string_tail              = $48E4 ; const, public, def, , ,
__code_string_size              = $000B ; const, public, def, , ,
__code_adt_b_array_head         = $48E4 ; const, public, def, , ,
__code_adt_b_array_tail         = $48E4 ; const, public, def, , ,
__code_adt_b_array_size         = $0000 ; const, public, def, , ,
__code_adt_b_vector_head        = $48E4 ; const, public, def, , ,
__code_adt_b_vector_tail        = $48E4 ; const, public, def, , ,
__code_adt_b_vector_size        = $0000 ; const, public, def, , ,
__code_adt_ba_priority_queue_head = $48E4 ; const, public, def, , ,
__code_adt_ba_priority_queue_tail = $48E4 ; const, public, def, , ,
__code_adt_ba_priority_queue_size = $0000 ; const, public, def, , ,
__code_adt_ba_stack_head        = $48E4 ; const, public, def, , ,
__code_adt_ba_stack_tail        = $48E4 ; const, public, def, , ,
__code_adt_ba_stack_size        = $0000 ; const, public, def, , ,
__code_adt_bv_priority_queue_head = $48E4 ; const, public, def, , ,
__code_adt_bv_priority_queue_tail = $48E4 ; const, public, def, , ,
__code_adt_bv_priority_queue_size = $0000 ; const, public, def, , ,
__code_adt_bv_stack_head        = $48E4 ; const, public, def, , ,
__code_adt_bv_stack_tail        = $48E4 ; const, public, def, , ,
__code_adt_bv_stack_size        = $0000 ; const, public, def, , ,
__code_adt_p_forward_list_head  = $48E4 ; const, public, def, , ,
__code_adt_p_forward_list_tail  = $48E4 ; const, public, def, , ,
__code_adt_p_forward_list_size  = $0000 ; const, public, def, , ,
__code_adt_p_forward_list_alt_head = $48E4 ; const, public, def, , ,
__code_adt_p_forward_list_alt_tail = $48E4 ; const, public, def, , ,
__code_adt_p_forward_list_alt_size = $0000 ; const, public, def, , ,
__code_adt_p_list_head          = $48E4 ; const, public, def, , ,
__code_adt_p_list_tail          = $48E4 ; const, public, def, , ,
__code_adt_p_list_size          = $0000 ; const, public, def, , ,
__code_adt_p_queue_head         = $48E4 ; const, public, def, , ,
__code_adt_p_queue_tail         = $48E4 ; const, public, def, , ,
__code_adt_p_queue_size         = $0000 ; const, public, def, , ,
__code_adt_p_stack_head         = $48E4 ; const, public, def, , ,
__code_adt_p_stack_tail         = $48E4 ; const, public, def, , ,
__code_adt_p_stack_size         = $0000 ; const, public, def, , ,
__code_adt_w_array_head         = $48E4 ; const, public, def, , ,
__code_adt_w_array_tail         = $48E4 ; const, public, def, , ,
__code_adt_w_array_size         = $0000 ; const, public, def, , ,
__code_adt_w_vector_head        = $48E4 ; const, public, def, , ,
__code_adt_w_vector_tail        = $48E4 ; const, public, def, , ,
__code_adt_w_vector_size        = $0000 ; const, public, def, , ,
__code_adt_wa_priority_queue_head = $48E4 ; const, public, def, , ,
__code_adt_wa_priority_queue_tail = $48E4 ; const, public, def, , ,
__code_adt_wa_priority_queue_size = $0000 ; const, public, def, , ,
__code_adt_wa_stack_head        = $48E4 ; const, public, def, , ,
__code_adt_wa_stack_tail        = $48E4 ; const, public, def, , ,
__code_adt_wa_stack_size        = $0000 ; const, public, def, , ,
__code_adt_wv_priority_queue_head = $48E4 ; const, public, def, , ,
__code_adt_wv_priority_queue_tail = $48E4 ; const, public, def, , ,
__code_adt_wv_priority_queue_size = $0000 ; const, public, def, , ,
__code_adt_wv_stack_head        = $48E4 ; const, public, def, , ,
__code_adt_wv_stack_tail        = $48E4 ; const, public, def, , ,
__code_adt_wv_stack_size        = $0000 ; const, public, def, , ,
__code_alloc_balloc_head        = $48E4 ; const, public, def, , ,
__code_alloc_balloc_tail        = $48E4 ; const, public, def, , ,
__code_alloc_balloc_size        = $0000 ; const, public, def, , ,
__code_alloc_obstack_head       = $48E4 ; const, public, def, , ,
__code_alloc_obstack_tail       = $48E4 ; const, public, def, , ,
__code_alloc_obstack_size       = $0000 ; const, public, def, , ,
__code_arch_head                = $48E4 ; const, public, def, , ,
__code_arch_tail                = $48E4 ; const, public, def, , ,
__code_arch_size                = $0000 ; const, public, def, , ,
__code_font_head                = $48E4 ; const, public, def, , ,
__code_font_tail                = $48E4 ; const, public, def, , ,
__code_font_size                = $0000 ; const, public, def, , ,
__code_font_fzx_head            = $48E4 ; const, public, def, , ,
__code_font_fzx_tail            = $48E4 ; const, public, def, , ,
__code_font_fzx_size            = $0000 ; const, public, def, , ,
__code_psg_head                 = $48E4 ; const, public, def, , ,
__code_psg_tail                 = $48E4 ; const, public, def, , ,
__code_psg_size                 = $0000 ; const, public, def, , ,
__code_sound_ay_head            = $48E4 ; const, public, def, , ,
__code_sound_ay_tail            = $48E4 ; const, public, def, , ,
__code_sound_ay_size            = $0000 ; const, public, def, , ,
__code_PSGlib_head              = $48E4 ; const, public, def, , ,
__code_PSGlib_tail              = $48E4 ; const, public, def, , ,
__code_PSGlib_size              = $0000 ; const, public, def, , ,
__code_time_head                = $48E4 ; const, public, def, , ,
__code_time_tail                = $48E4 ; const, public, def, , ,
__code_time_size                = $0000 ; const, public, def, , ,
__code_z80_head                 = $48E4 ; const, public, def, , ,
__code_z80_tail                 = $490C ; const, public, def, , ,
__code_z80_size                 = $0028 ; const, public, def, , ,
__code_sprite_sp1_head          = $490C ; const, public, def, , ,
__code_sprite_sp1_tail          = $490C ; const, public, def, , ,
__code_sprite_sp1_size          = $0000 ; const, public, def, , ,
__code_temp_sp1_head            = $490C ; const, public, def, , ,
__code_temp_sp1_tail            = $490C ; const, public, def, , ,
__code_temp_sp1_size            = $0000 ; const, public, def, , ,
__code_splib2_head              = $490C ; const, public, def, , ,
__code_splib2_tail              = $490C ; const, public, def, , ,
__code_splib2_size              = $0000 ; const, public, def, , ,
__code_sound_bit_head           = $490C ; const, public, def, , ,
__code_sound_bit_tail           = $490C ; const, public, def, , ,
__code_sound_bit_size           = $0000 ; const, public, def, , ,
__code_graphics_head            = $490C ; const, public, def, , ,
__code_graphics_tail            = $490C ; const, public, def, , ,
__code_graphics_size            = $0000 ; const, public, def, , ,
__code_user_head                = $490C ; const, public, def, , ,
__code_user_tail                = $490C ; const, public, def, , ,
__code_user_size                = $0000 ; const, public, def, , ,
__CODE_END_head                 = $490C ; const, public, def, , ,
__CODE_END_tail                 = $490C ; const, public, def, , ,
__CODE_END_size                 = $0000 ; const, public, def, , ,
__RODATA_head                   = $490C ; const, public, def, , ,
__RODATA_tail                   = $490C ; const, public, def, , ,
__RODATA_size                   = $0000 ; const, public, def, , ,
__rodata_fp_head                = $490C ; const, public, def, , ,
__rodata_fp_tail                = $490C ; const, public, def, , ,
__rodata_fp_size                = $0000 ; const, public, def, , ,
__rodata_fp_math48_head         = $490C ; const, public, def, , ,
__rodata_fp_math48_tail         = $490C ; const, public, def, , ,
__rodata_fp_math48_size         = $0000 ; const, public, def, , ,
__rodata_fp_math32_head         = $490C ; const, public, def, , ,
__rodata_fp_math32_tail         = $490C ; const, public, def, , ,
__rodata_fp_math32_size         = $0000 ; const, public, def, , ,
__rodata_fp_math16_head         = $490C ; const, public, def, , ,
__rodata_fp_math16_tail         = $490C ; const, public, def, , ,
__rodata_fp_math16_size         = $0000 ; const, public, def, , ,
__rodata_fp_mbf32_head          = $490C ; const, public, def, , ,
__rodata_fp_mbf32_tail          = $490C ; const, public, def, , ,
__rodata_fp_mbf32_size          = $0000 ; const, public, def, , ,
__rodata_fp_mbf64_head          = $490C ; const, public, def, , ,
__rodata_fp_mbf64_tail          = $490C ; const, public, def, , ,
__rodata_fp_mbf64_size          = $0000 ; const, public, def, , ,
__rodata_fp_am9511_head         = $490C ; const, public, def, , ,
__rodata_fp_am9511_tail         = $490C ; const, public, def, , ,
__rodata_fp_am9511_size         = $0000 ; const, public, def, , ,
__rodata_fp_dai32_head          = $490C ; const, public, def, , ,
__rodata_fp_dai32_tail          = $490C ; const, public, def, , ,
__rodata_fp_dai32_size          = $0000 ; const, public, def, , ,
__rodata_arch_head              = $490C ; const, public, def, , ,
__rodata_arch_tail              = $490C ; const, public, def, , ,
__rodata_arch_size              = $0000 ; const, public, def, , ,
__rodata_compiler_head          = $490C ; const, public, def, , ,
__rodata_compiler_tail          = $4910 ; const, public, def, , ,
__rodata_compiler_size          = $0004 ; const, public, def, , ,
__rodata_clib_head              = $4910 ; const, public, def, , ,
__rodata_clib_tail              = $494C ; const, public, def, , ,
__rodata_clib_size              = $003C ; const, public, def, , ,
__rodata_psg_head               = $494C ; const, public, def, , ,
__rodata_psg_tail               = $494C ; const, public, def, , ,
__rodata_psg_size               = $0000 ; const, public, def, , ,
__rodata_sound_ay_head          = $494C ; const, public, def, , ,
__rodata_sound_ay_tail          = $494C ; const, public, def, , ,
__rodata_sound_ay_size          = $0000 ; const, public, def, , ,
__rodata_graphics_head          = $494C ; const, public, def, , ,
__rodata_graphics_tail          = $494C ; const, public, def, , ,
__rodata_graphics_size          = $0000 ; const, public, def, , ,
__rodata_user_head              = $494C ; const, public, def, , ,
__rodata_user_tail              = $494C ; const, public, def, , ,
__rodata_user_size              = $0000 ; const, public, def, , ,
__rodata_font_head              = $494C ; const, public, def, , ,
__rodata_font_tail              = $494C ; const, public, def, , ,
__rodata_font_size              = $0000 ; const, public, def, , ,
__rodata_font_fzx_head          = $494C ; const, public, def, , ,
__rodata_font_fzx_tail          = $494C ; const, public, def, , ,
__rodata_font_fzx_size          = $0000 ; const, public, def, , ,
__rodata_font_4x8_head          = $494C ; const, public, def, , ,
__rodata_font_4x8_tail          = $494C ; const, public, def, , ,
__rodata_font_4x8_size          = $0000 ; const, public, def, , ,
__rodata_font_6x8_head          = $494C ; const, public, def, , ,
__rodata_font_6x8_tail          = $494C ; const, public, def, , ,
__rodata_font_6x8_size          = $0000 ; const, public, def, , ,
__rodata_font_8x8_head          = $494C ; const, public, def, , ,
__rodata_font_8x8_tail          = $494C ; const, public, def, , ,
__rodata_font_8x8_size          = $0000 ; const, public, def, , ,
__rodata_font_8x10_head         = $494C ; const, public, def, , ,
__rodata_font_8x10_tail         = $494C ; const, public, def, , ,
__rodata_font_8x10_size         = $0000 ; const, public, def, , ,
__rodata_font_ansi_head         = $494C ; const, public, def, , ,
__rodata_font_ansi_tail         = $494C ; const, public, def, , ,
__rodata_font_ansi_size         = $0000 ; const, public, def, , ,
__rodata_splib2_head            = $494C ; const, public, def, , ,
__rodata_splib2_tail            = $494C ; const, public, def, , ,
__rodata_splib2_size            = $0000 ; const, public, def, , ,
__rodata_sound_bit_head         = $494C ; const, public, def, , ,
__rodata_sound_bit_tail         = $494C ; const, public, def, , ,
__rodata_sound_bit_size         = $0000 ; const, public, def, , ,
__rodata_appdor_head            = $494C ; const, public, def, , ,
__rodata_appdor_tail            = $494C ; const, public, def, , ,
__rodata_appdor_size            = $0000 ; const, public, def, , ,
__RODATA_END_head               = $494C ; const, public, def, , ,
__RODATA_END_tail               = $494C ; const, public, def, , ,
__RODATA_END_size               = $0000 ; const, public, def, , ,
__ROMABLE_END_head              = $494C ; const, public, def, , ,
__ROMABLE_END_tail              = $494C ; const, public, def, , ,
__ROMABLE_END_size              = $0000 ; const, public, def, , ,
__BSS_head                      = $C000 ; const, public, def, , ,
__BSS_tail                      = $C001 ; const, public, def, , ,
__BSS_size                      = $0001 ; const, public, def, , ,
__bss_fp_head                   = $C001 ; const, public, def, , ,
__bss_fp_tail                   = $C001 ; const, public, def, , ,
__bss_fp_size                   = $0000 ; const, public, def, , ,
__bss_fp_math32_head            = $C001 ; const, public, def, , ,
__bss_fp_math32_tail            = $C001 ; const, public, def, , ,
__bss_fp_math32_size            = $0000 ; const, public, def, , ,
__bss_fp_math16_head            = $C001 ; const, public, def, , ,
__bss_fp_math16_tail            = $C001 ; const, public, def, , ,
__bss_fp_math16_size            = $0000 ; const, public, def, , ,
__bss_fp_mbf32_head             = $C001 ; const, public, def, , ,
__bss_fp_mbf32_tail             = $C001 ; const, public, def, , ,
__bss_fp_mbf32_size             = $0000 ; const, public, def, , ,
__bss_fp_mbf64_head             = $C001 ; const, public, def, , ,
__bss_fp_mbf64_tail             = $C001 ; const, public, def, , ,
__bss_fp_mbf64_size             = $0000 ; const, public, def, , ,
__bss_fp_am9511_head            = $C001 ; const, public, def, , ,
__bss_fp_am9511_tail            = $C001 ; const, public, def, , ,
__bss_fp_am9511_size            = $0000 ; const, public, def, , ,
__bss_fp_dai32_head             = $C001 ; const, public, def, , ,
__bss_fp_dai32_tail             = $C001 ; const, public, def, , ,
__bss_fp_dai32_size             = $0000 ; const, public, def, , ,
__bss_compress_aplib_head       = $C001 ; const, public, def, , ,
__bss_compress_aplib_tail       = $C001 ; const, public, def, , ,
__bss_compress_aplib_size       = $0000 ; const, public, def, , ,
__bss_error_head                = $C001 ; const, public, def, , ,
__bss_error_tail                = $C003 ; const, public, def, , ,
__bss_error_size                = $0002 ; const, public, def, , ,
__bss_crt_head                  = $C003 ; const, public, def, , ,
__bss_crt_tail                  = $C070 ; const, public, def, , ,
__bss_crt_size                  = $006D ; const, public, def, , ,
__bss_fardata_head              = $C070 ; const, public, def, , ,
__bss_fardata_tail              = $C070 ; const, public, def, , ,
__bss_fardata_size              = $0000 ; const, public, def, , ,
__bss_compiler_head             = $C070 ; const, public, def, , ,
__bss_compiler_tail             = $C070 ; const, public, def, , ,
__bss_compiler_size             = $0000 ; const, public, def, , ,
__bss_driver_head               = $C070 ; const, public, def, , ,
__bss_driver_tail               = $C0DB ; const, public, def, , ,
__bss_driver_size               = $006B ; const, public, def, , ,
__bss_arch_head                 = $C0DB ; const, public, def, , ,
__bss_arch_tail                 = $C0DB ; const, public, def, , ,
__bss_arch_size                 = $0000 ; const, public, def, , ,
__bss_clib_head                 = $C0DB ; const, public, def, , ,
__bss_clib_tail                 = $C0EE ; const, public, def, , ,
__bss_clib_size                 = $0013 ; const, public, def, , ,
__bss_string_head               = $C0EE ; const, public, def, , ,
__bss_string_tail               = $C0EE ; const, public, def, , ,
__bss_string_size               = $0000 ; const, public, def, , ,
__bss_alloc_balloc_head         = $C0EE ; const, public, def, , ,
__bss_alloc_balloc_tail         = $C0EE ; const, public, def, , ,
__bss_alloc_balloc_size         = $0000 ; const, public, def, , ,
__bss_graphics_head             = $C0EE ; const, public, def, , ,
__bss_graphics_tail             = $C0EE ; const, public, def, , ,
__bss_graphics_size             = $0000 ; const, public, def, , ,
__bss_psg_head                  = $C0EE ; const, public, def, , ,
__bss_psg_tail                  = $C0EE ; const, public, def, , ,
__bss_psg_size                  = $0000 ; const, public, def, , ,
__bss_sound_ay_head             = $C0EE ; const, public, def, , ,
__bss_sound_ay_tail             = $C0EE ; const, public, def, , ,
__bss_sound_ay_size             = $0000 ; const, public, def, , ,
__bss_PSGlib_head               = $C0EE ; const, public, def, , ,
__bss_PSGlib_tail               = $C0EE ; const, public, def, , ,
__bss_PSGlib_size               = $0000 ; const, public, def, , ,
__bss_splib2_head               = $C0EE ; const, public, def, , ,
__bss_splib2_tail               = $C0EE ; const, public, def, , ,
__bss_splib2_size               = $0000 ; const, public, def, , ,
__bss_user_head                 = $C0EE ; const, public, def, , ,
__bss_user_tail                 = $C0EE ; const, public, def, , ,
__bss_user_size                 = $0000 ; const, public, def, , ,
__DATA_head                     = $C0EE ; const, public, def, , ,
__DATA_tail                     = $C0EF ; const, public, def, , ,
__DATA_size                     = $0001 ; const, public, def, , ,
__smc_clib_head                 = $C0EF ; const, public, def, , ,
__smc_clib_tail                 = $C0EF ; const, public, def, , ,
__smc_clib_size                 = $0000 ; const, public, def, , ,
__smc_fp_head                   = $C0EF ; const, public, def, , ,
__smc_fp_tail                   = $C0EF ; const, public, def, , ,
__smc_fp_size                   = $0000 ; const, public, def, , ,
__smc_compress_head             = $C0EF ; const, public, def, , ,
__smc_compress_tail             = $C0EF ; const, public, def, , ,
__smc_compress_size             = $0000 ; const, public, def, , ,
__smc_user_head                 = $C0EF ; const, public, def, , ,
__smc_user_tail                 = $C0EF ; const, public, def, , ,
__smc_user_size                 = $0000 ; const, public, def, , ,
__data_driver_head              = $C0EF ; const, public, def, , ,
__data_driver_tail              = $C0F1 ; const, public, def, , ,
__data_driver_size              = $0002 ; const, public, def, , ,
__data_clib_head                = $C0F1 ; const, public, def, , ,
__data_clib_tail                = $C0F1 ; const, public, def, , ,
__data_clib_size                = $0000 ; const, public, def, , ,
__data_stdlib_head              = $C0F1 ; const, public, def, , ,
__data_stdlib_tail              = $C0F1 ; const, public, def, , ,
__data_stdlib_size              = $0000 ; const, public, def, , ,
__data_psg_head                 = $C0F1 ; const, public, def, , ,
__data_psg_tail                 = $C0F1 ; const, public, def, , ,
__data_psg_size                 = $0000 ; const, public, def, , ,
__data_sound_ay_head            = $C0F1 ; const, public, def, , ,
__data_sound_ay_tail            = $C0F1 ; const, public, def, , ,
__data_sound_ay_size            = $0000 ; const, public, def, , ,
__data_PSGlib_head              = $C0F1 ; const, public, def, , ,
__data_PSGlib_tail              = $C0F1 ; const, public, def, , ,
__data_PSGlib_size              = $0000 ; const, public, def, , ,
__data_graphics_head            = $C0F1 ; const, public, def, , ,
__data_graphics_tail            = $C0F1 ; const, public, def, , ,
__data_graphics_size            = $0000 ; const, public, def, , ,
__data_crt_head                 = $C0F1 ; const, public, def, , ,
__data_crt_tail                 = $C0F1 ; const, public, def, , ,
__data_crt_size                 = $0000 ; const, public, def, , ,
__data_fp_mbf32_head            = $C0F1 ; const, public, def, , ,
__data_fp_mbf32_tail            = $C0F1 ; const, public, def, , ,
__data_fp_mbf32_size            = $0000 ; const, public, def, , ,
__data_arch_head                = $C0F1 ; const, public, def, , ,
__data_arch_tail                = $C0F1 ; const, public, def, , ,
__data_arch_size                = $0000 ; const, public, def, , ,
__data_compiler_head            = $C0F1 ; const, public, def, , ,
__data_compiler_tail            = $C0F1 ; const, public, def, , ,
__data_compiler_size            = $0000 ; const, public, def, , ,
__data_splib2_head              = $C0F1 ; const, public, def, , ,
__data_splib2_tail              = $C0F1 ; const, public, def, , ,
__data_splib2_size              = $0000 ; const, public, def, , ,
__data_user_head                = $C0F1 ; const, public, def, , ,
__data_user_tail                = $D13C ; const, public, def, , ,
__data_user_size                = $104B ; const, public, def, , ,
__data_alloc_balloc_head        = $D13C ; const, public, def, , ,
__data_alloc_balloc_tail        = $D13C ; const, public, def, , ,
__data_alloc_balloc_size        = $0000 ; const, public, def, , ,
__DATA_END_head                 = $D13C ; const, public, def, , ,
__DATA_END_tail                 = $D13C ; const, public, def, , ,
__DATA_END_size                 = $0000 ; const, public, def, , ,
__BSS_END_head                  = $D13C ; const, public, def, , ,
__BSS_END_tail                  = $D13C ; const, public, def, , ,
__BSS_END_size                  = $0000 ; const, public, def, , ,
